TimeQuest Timing Analyzer report for MIC1
Mon Aug 19 09:33:26 2024
Quartus II 64-Bit Version 13.0.1 Build 232 06/12/2013 Service Pack 1 SJ Web Edition


---------------------
; Table of Contents ;
---------------------
  1. Legal Notice
  2. TimeQuest Timing Analyzer Summary
  3. Parallel Compilation
  4. Clocks
  5. Slow Model Fmax Summary
  6. Slow Model Setup Summary
  7. Slow Model Hold Summary
  8. Slow Model Recovery Summary
  9. Slow Model Removal Summary
 10. Slow Model Minimum Pulse Width Summary
 11. Propagation Delay
 12. Minimum Propagation Delay
 13. Fast Model Setup Summary
 14. Fast Model Hold Summary
 15. Fast Model Recovery Summary
 16. Fast Model Removal Summary
 17. Fast Model Minimum Pulse Width Summary
 18. Propagation Delay
 19. Minimum Propagation Delay
 20. Multicorner Timing Analysis Summary
 21. Progagation Delay
 22. Minimum Progagation Delay
 23. Clock Transfers
 24. Report TCCS
 25. Report RSKM
 26. Unconstrained Paths
 27. TimeQuest Timing Analyzer Messages



----------------
; Legal Notice ;
----------------
Copyright (C) 1991-2013 Altera Corporation
Your use of Altera Corporation's design tools, logic functions 
and other software and tools, and its AMPP partner logic 
functions, and any output files from any of the foregoing 
(including device programming or simulation files), and any 
associated documentation or information are expressly subject 
to the terms and conditions of the Altera Program License 
Subscription Agreement, Altera MegaCore Function License 
Agreement, or other applicable license agreement, including, 
without limitation, that your use is for the sole purpose of 
programming logic devices manufactured by Altera and sold by 
Altera or its authorized distributors.  Please refer to the 
applicable agreement for further details.



+----------------------------------------------------------------------------------------+
; TimeQuest Timing Analyzer Summary                                                      ;
+--------------------+-------------------------------------------------------------------+
; Quartus II Version ; Version 13.0.1 Build 232 06/12/2013 Service Pack 1 SJ Web Edition ;
; Revision Name      ; MIC1                                                              ;
; Device Family      ; Cyclone II                                                        ;
; Device Name        ; EP2C70F896I8                                                      ;
; Timing Models      ; Final                                                             ;
; Delay Model        ; Combined                                                          ;
; Rise/Fall Delays   ; Unavailable                                                       ;
+--------------------+-------------------------------------------------------------------+


Parallel compilation was disabled, but you have multiple processors available. Enable parallel compilation to reduce compilation time.
+-------------------------------------+
; Parallel Compilation                ;
+----------------------------+--------+
; Processors                 ; Number ;
+----------------------------+--------+
; Number detected on machine ; 16     ;
; Maximum allowed            ; 1      ;
+----------------------------+--------+


----------
; Clocks ;
----------
No clocks to report.


---------------------------
; Slow Model Fmax Summary ;
---------------------------
No paths to report.


----------------------------
; Slow Model Setup Summary ;
----------------------------
No paths to report.


---------------------------
; Slow Model Hold Summary ;
---------------------------
No paths to report.


-------------------------------
; Slow Model Recovery Summary ;
-------------------------------
No paths to report.


------------------------------
; Slow Model Removal Summary ;
------------------------------
No paths to report.


------------------------------------------
; Slow Model Minimum Pulse Width Summary ;
------------------------------------------
No paths to report.


+------------------------------------------------------------+
; Propagation Delay                                          ;
+------------+-------------+-------+--------+--------+-------+
; Input Port ; Output Port ; RR    ; RF     ; FR     ; FF    ;
+------------+-------------+-------+--------+--------+-------+
; MIR[0]     ; OUT_B[0]    ;       ; 12.429 ; 12.429 ;       ;
; MIR[0]     ; OUT_B[1]    ;       ; 12.450 ; 12.450 ;       ;
; MIR[0]     ; OUT_B[2]    ;       ; 12.430 ; 12.430 ;       ;
; MIR[0]     ; OUT_B[3]    ;       ; 11.380 ; 11.380 ;       ;
; MIR[0]     ; OUT_B[4]    ;       ; 12.767 ; 12.767 ;       ;
; MIR[0]     ; OUT_B[5]    ;       ; 11.808 ; 11.808 ;       ;
; MIR[0]     ; OUT_B[6]    ;       ; 12.184 ; 12.184 ;       ;
; MIR[0]     ; OUT_B[7]    ;       ; 12.458 ; 12.458 ;       ;
; MIR[0]     ; OUT_B[8]    ;       ; 11.840 ; 11.840 ;       ;
; MIR[0]     ; OUT_B[9]    ;       ; 12.438 ; 12.438 ;       ;
; MIR[0]     ; OUT_B[10]   ;       ; 12.797 ; 12.797 ;       ;
; MIR[0]     ; OUT_B[11]   ;       ; 12.450 ; 12.450 ;       ;
; MIR[0]     ; OUT_B[12]   ;       ; 12.412 ; 12.412 ;       ;
; MIR[0]     ; OUT_B[13]   ;       ; 12.176 ; 12.176 ;       ;
; MIR[0]     ; OUT_B[14]   ;       ; 12.395 ; 12.395 ;       ;
; MIR[0]     ; OUT_B[15]   ;       ; 12.154 ; 12.154 ;       ;
; MIR[0]     ; OUT_B[16]   ;       ; 12.442 ; 12.442 ;       ;
; MIR[0]     ; OUT_B[17]   ;       ; 12.408 ; 12.408 ;       ;
; MIR[0]     ; OUT_B[18]   ;       ; 12.422 ; 12.422 ;       ;
; MIR[0]     ; OUT_B[19]   ;       ; 12.389 ; 12.389 ;       ;
; MIR[0]     ; OUT_B[20]   ;       ; 11.828 ; 11.828 ;       ;
; MIR[0]     ; OUT_B[21]   ;       ; 12.777 ; 12.777 ;       ;
; MIR[0]     ; OUT_B[22]   ;       ; 12.536 ; 12.536 ;       ;
; MIR[0]     ; OUT_B[23]   ;       ; 12.184 ; 12.184 ;       ;
; MIR[0]     ; OUT_B[24]   ;       ; 12.468 ; 12.468 ;       ;
; MIR[0]     ; OUT_B[25]   ;       ; 12.536 ; 12.536 ;       ;
; MIR[0]     ; OUT_B[26]   ;       ; 12.424 ; 12.424 ;       ;
; MIR[0]     ; OUT_B[27]   ;       ; 11.820 ; 11.820 ;       ;
; MIR[0]     ; OUT_B[28]   ;       ; 11.820 ; 11.820 ;       ;
; MIR[0]     ; OUT_B[29]   ;       ; 12.462 ; 12.462 ;       ;
; MIR[0]     ; OUT_B[30]   ;       ; 12.430 ; 12.430 ;       ;
; MIR[0]     ; OUT_B[31]   ;       ; 12.462 ; 12.462 ;       ;
; MIR[1]     ; OUT_B[0]    ;       ; 12.377 ; 12.377 ;       ;
; MIR[1]     ; OUT_B[1]    ;       ; 12.398 ; 12.398 ;       ;
; MIR[1]     ; OUT_B[2]    ;       ; 12.378 ; 12.378 ;       ;
; MIR[1]     ; OUT_B[3]    ;       ; 11.328 ; 11.328 ;       ;
; MIR[1]     ; OUT_B[4]    ;       ; 12.715 ; 12.715 ;       ;
; MIR[1]     ; OUT_B[5]    ;       ; 11.756 ; 11.756 ;       ;
; MIR[1]     ; OUT_B[6]    ;       ; 12.132 ; 12.132 ;       ;
; MIR[1]     ; OUT_B[7]    ;       ; 12.406 ; 12.406 ;       ;
; MIR[1]     ; OUT_B[8]    ;       ; 11.788 ; 11.788 ;       ;
; MIR[1]     ; OUT_B[9]    ;       ; 12.386 ; 12.386 ;       ;
; MIR[1]     ; OUT_B[10]   ;       ; 12.745 ; 12.745 ;       ;
; MIR[1]     ; OUT_B[11]   ;       ; 12.398 ; 12.398 ;       ;
; MIR[1]     ; OUT_B[12]   ;       ; 12.360 ; 12.360 ;       ;
; MIR[1]     ; OUT_B[13]   ;       ; 12.124 ; 12.124 ;       ;
; MIR[1]     ; OUT_B[14]   ;       ; 12.343 ; 12.343 ;       ;
; MIR[1]     ; OUT_B[15]   ;       ; 12.102 ; 12.102 ;       ;
; MIR[1]     ; OUT_B[16]   ;       ; 12.390 ; 12.390 ;       ;
; MIR[1]     ; OUT_B[17]   ;       ; 12.356 ; 12.356 ;       ;
; MIR[1]     ; OUT_B[18]   ;       ; 12.370 ; 12.370 ;       ;
; MIR[1]     ; OUT_B[19]   ;       ; 12.337 ; 12.337 ;       ;
; MIR[1]     ; OUT_B[20]   ;       ; 11.776 ; 11.776 ;       ;
; MIR[1]     ; OUT_B[21]   ;       ; 12.725 ; 12.725 ;       ;
; MIR[1]     ; OUT_B[22]   ;       ; 12.484 ; 12.484 ;       ;
; MIR[1]     ; OUT_B[23]   ;       ; 12.132 ; 12.132 ;       ;
; MIR[1]     ; OUT_B[24]   ;       ; 12.416 ; 12.416 ;       ;
; MIR[1]     ; OUT_B[25]   ;       ; 12.484 ; 12.484 ;       ;
; MIR[1]     ; OUT_B[26]   ;       ; 12.372 ; 12.372 ;       ;
; MIR[1]     ; OUT_B[27]   ;       ; 11.768 ; 11.768 ;       ;
; MIR[1]     ; OUT_B[28]   ;       ; 11.768 ; 11.768 ;       ;
; MIR[1]     ; OUT_B[29]   ;       ; 12.410 ; 12.410 ;       ;
; MIR[1]     ; OUT_B[30]   ;       ; 12.378 ; 12.378 ;       ;
; MIR[1]     ; OUT_B[31]   ;       ; 12.410 ; 12.410 ;       ;
; MIR[2]     ; OUT_B[0]    ; 7.730 ;        ;        ; 7.730 ;
; MIR[2]     ; OUT_B[1]    ; 7.751 ;        ;        ; 7.751 ;
; MIR[2]     ; OUT_B[2]    ; 7.731 ;        ;        ; 7.731 ;
; MIR[2]     ; OUT_B[3]    ; 6.681 ;        ;        ; 6.681 ;
; MIR[2]     ; OUT_B[4]    ; 8.068 ;        ;        ; 8.068 ;
; MIR[2]     ; OUT_B[5]    ; 7.109 ;        ;        ; 7.109 ;
; MIR[2]     ; OUT_B[6]    ; 7.485 ;        ;        ; 7.485 ;
; MIR[2]     ; OUT_B[7]    ; 7.759 ;        ;        ; 7.759 ;
; MIR[2]     ; OUT_B[8]    ; 7.141 ;        ;        ; 7.141 ;
; MIR[2]     ; OUT_B[9]    ; 7.739 ;        ;        ; 7.739 ;
; MIR[2]     ; OUT_B[10]   ; 8.098 ;        ;        ; 8.098 ;
; MIR[2]     ; OUT_B[11]   ; 7.751 ;        ;        ; 7.751 ;
; MIR[2]     ; OUT_B[12]   ; 7.713 ;        ;        ; 7.713 ;
; MIR[2]     ; OUT_B[13]   ; 7.477 ;        ;        ; 7.477 ;
; MIR[2]     ; OUT_B[14]   ; 7.696 ;        ;        ; 7.696 ;
; MIR[2]     ; OUT_B[15]   ; 7.455 ;        ;        ; 7.455 ;
; MIR[2]     ; OUT_B[16]   ; 7.743 ;        ;        ; 7.743 ;
; MIR[2]     ; OUT_B[17]   ; 7.709 ;        ;        ; 7.709 ;
; MIR[2]     ; OUT_B[18]   ; 7.723 ;        ;        ; 7.723 ;
; MIR[2]     ; OUT_B[19]   ; 7.690 ;        ;        ; 7.690 ;
; MIR[2]     ; OUT_B[20]   ; 7.129 ;        ;        ; 7.129 ;
; MIR[2]     ; OUT_B[21]   ; 8.078 ;        ;        ; 8.078 ;
; MIR[2]     ; OUT_B[22]   ; 7.837 ;        ;        ; 7.837 ;
; MIR[2]     ; OUT_B[23]   ; 7.485 ;        ;        ; 7.485 ;
; MIR[2]     ; OUT_B[24]   ; 7.769 ;        ;        ; 7.769 ;
; MIR[2]     ; OUT_B[25]   ; 7.837 ;        ;        ; 7.837 ;
; MIR[2]     ; OUT_B[26]   ; 7.725 ;        ;        ; 7.725 ;
; MIR[2]     ; OUT_B[27]   ; 7.121 ;        ;        ; 7.121 ;
; MIR[2]     ; OUT_B[28]   ; 7.121 ;        ;        ; 7.121 ;
; MIR[2]     ; OUT_B[29]   ; 7.763 ;        ;        ; 7.763 ;
; MIR[2]     ; OUT_B[30]   ; 7.731 ;        ;        ; 7.731 ;
; MIR[2]     ; OUT_B[31]   ; 7.763 ;        ;        ; 7.763 ;
; MIR[3]     ; OUT_B[0]    ; 7.850 ;        ;        ; 7.850 ;
; MIR[3]     ; OUT_B[1]    ; 7.871 ;        ;        ; 7.871 ;
; MIR[3]     ; OUT_B[2]    ; 7.851 ;        ;        ; 7.851 ;
; MIR[3]     ; OUT_B[3]    ; 6.801 ;        ;        ; 6.801 ;
; MIR[3]     ; OUT_B[4]    ; 8.188 ;        ;        ; 8.188 ;
; MIR[3]     ; OUT_B[5]    ; 7.229 ;        ;        ; 7.229 ;
; MIR[3]     ; OUT_B[6]    ; 7.605 ;        ;        ; 7.605 ;
; MIR[3]     ; OUT_B[7]    ; 7.879 ;        ;        ; 7.879 ;
; MIR[3]     ; OUT_B[8]    ; 7.261 ;        ;        ; 7.261 ;
; MIR[3]     ; OUT_B[9]    ; 7.859 ;        ;        ; 7.859 ;
; MIR[3]     ; OUT_B[10]   ; 8.218 ;        ;        ; 8.218 ;
; MIR[3]     ; OUT_B[11]   ; 7.871 ;        ;        ; 7.871 ;
; MIR[3]     ; OUT_B[12]   ; 7.833 ;        ;        ; 7.833 ;
; MIR[3]     ; OUT_B[13]   ; 7.597 ;        ;        ; 7.597 ;
; MIR[3]     ; OUT_B[14]   ; 7.816 ;        ;        ; 7.816 ;
; MIR[3]     ; OUT_B[15]   ; 7.575 ;        ;        ; 7.575 ;
; MIR[3]     ; OUT_B[16]   ; 7.863 ;        ;        ; 7.863 ;
; MIR[3]     ; OUT_B[17]   ; 7.829 ;        ;        ; 7.829 ;
; MIR[3]     ; OUT_B[18]   ; 7.843 ;        ;        ; 7.843 ;
; MIR[3]     ; OUT_B[19]   ; 7.810 ;        ;        ; 7.810 ;
; MIR[3]     ; OUT_B[20]   ; 7.249 ;        ;        ; 7.249 ;
; MIR[3]     ; OUT_B[21]   ; 8.198 ;        ;        ; 8.198 ;
; MIR[3]     ; OUT_B[22]   ; 7.957 ;        ;        ; 7.957 ;
; MIR[3]     ; OUT_B[23]   ; 7.605 ;        ;        ; 7.605 ;
; MIR[3]     ; OUT_B[24]   ; 7.889 ;        ;        ; 7.889 ;
; MIR[3]     ; OUT_B[25]   ; 7.957 ;        ;        ; 7.957 ;
; MIR[3]     ; OUT_B[26]   ; 7.845 ;        ;        ; 7.845 ;
; MIR[3]     ; OUT_B[27]   ; 7.241 ;        ;        ; 7.241 ;
; MIR[3]     ; OUT_B[28]   ; 7.241 ;        ;        ; 7.241 ;
; MIR[3]     ; OUT_B[29]   ; 7.883 ;        ;        ; 7.883 ;
; MIR[3]     ; OUT_B[30]   ; 7.851 ;        ;        ; 7.851 ;
; MIR[3]     ; OUT_B[31]   ; 7.883 ;        ;        ; 7.883 ;
+------------+-------------+-------+--------+--------+-------+


+------------------------------------------------------------+
; Minimum Propagation Delay                                  ;
+------------+-------------+-------+--------+--------+-------+
; Input Port ; Output Port ; RR    ; RF     ; FR     ; FF    ;
+------------+-------------+-------+--------+--------+-------+
; MIR[0]     ; OUT_B[0]    ;       ; 12.429 ; 12.429 ;       ;
; MIR[0]     ; OUT_B[1]    ;       ; 12.450 ; 12.450 ;       ;
; MIR[0]     ; OUT_B[2]    ;       ; 12.430 ; 12.430 ;       ;
; MIR[0]     ; OUT_B[3]    ;       ; 11.380 ; 11.380 ;       ;
; MIR[0]     ; OUT_B[4]    ;       ; 12.767 ; 12.767 ;       ;
; MIR[0]     ; OUT_B[5]    ;       ; 11.808 ; 11.808 ;       ;
; MIR[0]     ; OUT_B[6]    ;       ; 12.184 ; 12.184 ;       ;
; MIR[0]     ; OUT_B[7]    ;       ; 12.458 ; 12.458 ;       ;
; MIR[0]     ; OUT_B[8]    ;       ; 11.840 ; 11.840 ;       ;
; MIR[0]     ; OUT_B[9]    ;       ; 12.438 ; 12.438 ;       ;
; MIR[0]     ; OUT_B[10]   ;       ; 12.797 ; 12.797 ;       ;
; MIR[0]     ; OUT_B[11]   ;       ; 12.450 ; 12.450 ;       ;
; MIR[0]     ; OUT_B[12]   ;       ; 12.412 ; 12.412 ;       ;
; MIR[0]     ; OUT_B[13]   ;       ; 12.176 ; 12.176 ;       ;
; MIR[0]     ; OUT_B[14]   ;       ; 12.395 ; 12.395 ;       ;
; MIR[0]     ; OUT_B[15]   ;       ; 12.154 ; 12.154 ;       ;
; MIR[0]     ; OUT_B[16]   ;       ; 12.442 ; 12.442 ;       ;
; MIR[0]     ; OUT_B[17]   ;       ; 12.408 ; 12.408 ;       ;
; MIR[0]     ; OUT_B[18]   ;       ; 12.422 ; 12.422 ;       ;
; MIR[0]     ; OUT_B[19]   ;       ; 12.389 ; 12.389 ;       ;
; MIR[0]     ; OUT_B[20]   ;       ; 11.828 ; 11.828 ;       ;
; MIR[0]     ; OUT_B[21]   ;       ; 12.777 ; 12.777 ;       ;
; MIR[0]     ; OUT_B[22]   ;       ; 12.536 ; 12.536 ;       ;
; MIR[0]     ; OUT_B[23]   ;       ; 12.184 ; 12.184 ;       ;
; MIR[0]     ; OUT_B[24]   ;       ; 12.468 ; 12.468 ;       ;
; MIR[0]     ; OUT_B[25]   ;       ; 12.536 ; 12.536 ;       ;
; MIR[0]     ; OUT_B[26]   ;       ; 12.424 ; 12.424 ;       ;
; MIR[0]     ; OUT_B[27]   ;       ; 11.820 ; 11.820 ;       ;
; MIR[0]     ; OUT_B[28]   ;       ; 11.820 ; 11.820 ;       ;
; MIR[0]     ; OUT_B[29]   ;       ; 12.462 ; 12.462 ;       ;
; MIR[0]     ; OUT_B[30]   ;       ; 12.430 ; 12.430 ;       ;
; MIR[0]     ; OUT_B[31]   ;       ; 12.462 ; 12.462 ;       ;
; MIR[1]     ; OUT_B[0]    ;       ; 12.377 ; 12.377 ;       ;
; MIR[1]     ; OUT_B[1]    ;       ; 12.398 ; 12.398 ;       ;
; MIR[1]     ; OUT_B[2]    ;       ; 12.378 ; 12.378 ;       ;
; MIR[1]     ; OUT_B[3]    ;       ; 11.328 ; 11.328 ;       ;
; MIR[1]     ; OUT_B[4]    ;       ; 12.715 ; 12.715 ;       ;
; MIR[1]     ; OUT_B[5]    ;       ; 11.756 ; 11.756 ;       ;
; MIR[1]     ; OUT_B[6]    ;       ; 12.132 ; 12.132 ;       ;
; MIR[1]     ; OUT_B[7]    ;       ; 12.406 ; 12.406 ;       ;
; MIR[1]     ; OUT_B[8]    ;       ; 11.788 ; 11.788 ;       ;
; MIR[1]     ; OUT_B[9]    ;       ; 12.386 ; 12.386 ;       ;
; MIR[1]     ; OUT_B[10]   ;       ; 12.745 ; 12.745 ;       ;
; MIR[1]     ; OUT_B[11]   ;       ; 12.398 ; 12.398 ;       ;
; MIR[1]     ; OUT_B[12]   ;       ; 12.360 ; 12.360 ;       ;
; MIR[1]     ; OUT_B[13]   ;       ; 12.124 ; 12.124 ;       ;
; MIR[1]     ; OUT_B[14]   ;       ; 12.343 ; 12.343 ;       ;
; MIR[1]     ; OUT_B[15]   ;       ; 12.102 ; 12.102 ;       ;
; MIR[1]     ; OUT_B[16]   ;       ; 12.390 ; 12.390 ;       ;
; MIR[1]     ; OUT_B[17]   ;       ; 12.356 ; 12.356 ;       ;
; MIR[1]     ; OUT_B[18]   ;       ; 12.370 ; 12.370 ;       ;
; MIR[1]     ; OUT_B[19]   ;       ; 12.337 ; 12.337 ;       ;
; MIR[1]     ; OUT_B[20]   ;       ; 11.776 ; 11.776 ;       ;
; MIR[1]     ; OUT_B[21]   ;       ; 12.725 ; 12.725 ;       ;
; MIR[1]     ; OUT_B[22]   ;       ; 12.484 ; 12.484 ;       ;
; MIR[1]     ; OUT_B[23]   ;       ; 12.132 ; 12.132 ;       ;
; MIR[1]     ; OUT_B[24]   ;       ; 12.416 ; 12.416 ;       ;
; MIR[1]     ; OUT_B[25]   ;       ; 12.484 ; 12.484 ;       ;
; MIR[1]     ; OUT_B[26]   ;       ; 12.372 ; 12.372 ;       ;
; MIR[1]     ; OUT_B[27]   ;       ; 11.768 ; 11.768 ;       ;
; MIR[1]     ; OUT_B[28]   ;       ; 11.768 ; 11.768 ;       ;
; MIR[1]     ; OUT_B[29]   ;       ; 12.410 ; 12.410 ;       ;
; MIR[1]     ; OUT_B[30]   ;       ; 12.378 ; 12.378 ;       ;
; MIR[1]     ; OUT_B[31]   ;       ; 12.410 ; 12.410 ;       ;
; MIR[2]     ; OUT_B[0]    ; 7.730 ;        ;        ; 7.730 ;
; MIR[2]     ; OUT_B[1]    ; 7.751 ;        ;        ; 7.751 ;
; MIR[2]     ; OUT_B[2]    ; 7.731 ;        ;        ; 7.731 ;
; MIR[2]     ; OUT_B[3]    ; 6.681 ;        ;        ; 6.681 ;
; MIR[2]     ; OUT_B[4]    ; 8.068 ;        ;        ; 8.068 ;
; MIR[2]     ; OUT_B[5]    ; 7.109 ;        ;        ; 7.109 ;
; MIR[2]     ; OUT_B[6]    ; 7.485 ;        ;        ; 7.485 ;
; MIR[2]     ; OUT_B[7]    ; 7.759 ;        ;        ; 7.759 ;
; MIR[2]     ; OUT_B[8]    ; 7.141 ;        ;        ; 7.141 ;
; MIR[2]     ; OUT_B[9]    ; 7.739 ;        ;        ; 7.739 ;
; MIR[2]     ; OUT_B[10]   ; 8.098 ;        ;        ; 8.098 ;
; MIR[2]     ; OUT_B[11]   ; 7.751 ;        ;        ; 7.751 ;
; MIR[2]     ; OUT_B[12]   ; 7.713 ;        ;        ; 7.713 ;
; MIR[2]     ; OUT_B[13]   ; 7.477 ;        ;        ; 7.477 ;
; MIR[2]     ; OUT_B[14]   ; 7.696 ;        ;        ; 7.696 ;
; MIR[2]     ; OUT_B[15]   ; 7.455 ;        ;        ; 7.455 ;
; MIR[2]     ; OUT_B[16]   ; 7.743 ;        ;        ; 7.743 ;
; MIR[2]     ; OUT_B[17]   ; 7.709 ;        ;        ; 7.709 ;
; MIR[2]     ; OUT_B[18]   ; 7.723 ;        ;        ; 7.723 ;
; MIR[2]     ; OUT_B[19]   ; 7.690 ;        ;        ; 7.690 ;
; MIR[2]     ; OUT_B[20]   ; 7.129 ;        ;        ; 7.129 ;
; MIR[2]     ; OUT_B[21]   ; 8.078 ;        ;        ; 8.078 ;
; MIR[2]     ; OUT_B[22]   ; 7.837 ;        ;        ; 7.837 ;
; MIR[2]     ; OUT_B[23]   ; 7.485 ;        ;        ; 7.485 ;
; MIR[2]     ; OUT_B[24]   ; 7.769 ;        ;        ; 7.769 ;
; MIR[2]     ; OUT_B[25]   ; 7.837 ;        ;        ; 7.837 ;
; MIR[2]     ; OUT_B[26]   ; 7.725 ;        ;        ; 7.725 ;
; MIR[2]     ; OUT_B[27]   ; 7.121 ;        ;        ; 7.121 ;
; MIR[2]     ; OUT_B[28]   ; 7.121 ;        ;        ; 7.121 ;
; MIR[2]     ; OUT_B[29]   ; 7.763 ;        ;        ; 7.763 ;
; MIR[2]     ; OUT_B[30]   ; 7.731 ;        ;        ; 7.731 ;
; MIR[2]     ; OUT_B[31]   ; 7.763 ;        ;        ; 7.763 ;
; MIR[3]     ; OUT_B[0]    ; 7.850 ;        ;        ; 7.850 ;
; MIR[3]     ; OUT_B[1]    ; 7.871 ;        ;        ; 7.871 ;
; MIR[3]     ; OUT_B[2]    ; 7.851 ;        ;        ; 7.851 ;
; MIR[3]     ; OUT_B[3]    ; 6.801 ;        ;        ; 6.801 ;
; MIR[3]     ; OUT_B[4]    ; 8.188 ;        ;        ; 8.188 ;
; MIR[3]     ; OUT_B[5]    ; 7.229 ;        ;        ; 7.229 ;
; MIR[3]     ; OUT_B[6]    ; 7.605 ;        ;        ; 7.605 ;
; MIR[3]     ; OUT_B[7]    ; 7.879 ;        ;        ; 7.879 ;
; MIR[3]     ; OUT_B[8]    ; 7.261 ;        ;        ; 7.261 ;
; MIR[3]     ; OUT_B[9]    ; 7.859 ;        ;        ; 7.859 ;
; MIR[3]     ; OUT_B[10]   ; 8.218 ;        ;        ; 8.218 ;
; MIR[3]     ; OUT_B[11]   ; 7.871 ;        ;        ; 7.871 ;
; MIR[3]     ; OUT_B[12]   ; 7.833 ;        ;        ; 7.833 ;
; MIR[3]     ; OUT_B[13]   ; 7.597 ;        ;        ; 7.597 ;
; MIR[3]     ; OUT_B[14]   ; 7.816 ;        ;        ; 7.816 ;
; MIR[3]     ; OUT_B[15]   ; 7.575 ;        ;        ; 7.575 ;
; MIR[3]     ; OUT_B[16]   ; 7.863 ;        ;        ; 7.863 ;
; MIR[3]     ; OUT_B[17]   ; 7.829 ;        ;        ; 7.829 ;
; MIR[3]     ; OUT_B[18]   ; 7.843 ;        ;        ; 7.843 ;
; MIR[3]     ; OUT_B[19]   ; 7.810 ;        ;        ; 7.810 ;
; MIR[3]     ; OUT_B[20]   ; 7.249 ;        ;        ; 7.249 ;
; MIR[3]     ; OUT_B[21]   ; 8.198 ;        ;        ; 8.198 ;
; MIR[3]     ; OUT_B[22]   ; 7.957 ;        ;        ; 7.957 ;
; MIR[3]     ; OUT_B[23]   ; 7.605 ;        ;        ; 7.605 ;
; MIR[3]     ; OUT_B[24]   ; 7.889 ;        ;        ; 7.889 ;
; MIR[3]     ; OUT_B[25]   ; 7.957 ;        ;        ; 7.957 ;
; MIR[3]     ; OUT_B[26]   ; 7.845 ;        ;        ; 7.845 ;
; MIR[3]     ; OUT_B[27]   ; 7.241 ;        ;        ; 7.241 ;
; MIR[3]     ; OUT_B[28]   ; 7.241 ;        ;        ; 7.241 ;
; MIR[3]     ; OUT_B[29]   ; 7.883 ;        ;        ; 7.883 ;
; MIR[3]     ; OUT_B[30]   ; 7.851 ;        ;        ; 7.851 ;
; MIR[3]     ; OUT_B[31]   ; 7.883 ;        ;        ; 7.883 ;
+------------+-------------+-------+--------+--------+-------+


----------------------------
; Fast Model Setup Summary ;
----------------------------
No paths to report.


---------------------------
; Fast Model Hold Summary ;
---------------------------
No paths to report.


-------------------------------
; Fast Model Recovery Summary ;
-------------------------------
No paths to report.


------------------------------
; Fast Model Removal Summary ;
------------------------------
No paths to report.


------------------------------------------
; Fast Model Minimum Pulse Width Summary ;
------------------------------------------
No paths to report.


+----------------------------------------------------------+
; Propagation Delay                                        ;
+------------+-------------+-------+-------+-------+-------+
; Input Port ; Output Port ; RR    ; RF    ; FR    ; FF    ;
+------------+-------------+-------+-------+-------+-------+
; MIR[0]     ; OUT_B[0]    ;       ; 5.379 ; 5.379 ;       ;
; MIR[0]     ; OUT_B[1]    ;       ; 5.393 ; 5.393 ;       ;
; MIR[0]     ; OUT_B[2]    ;       ; 5.373 ; 5.373 ;       ;
; MIR[0]     ; OUT_B[3]    ;       ; 5.017 ; 5.017 ;       ;
; MIR[0]     ; OUT_B[4]    ;       ; 5.462 ; 5.462 ;       ;
; MIR[0]     ; OUT_B[5]    ;       ; 5.149 ; 5.149 ;       ;
; MIR[0]     ; OUT_B[6]    ;       ; 5.264 ; 5.264 ;       ;
; MIR[0]     ; OUT_B[7]    ;       ; 5.400 ; 5.400 ;       ;
; MIR[0]     ; OUT_B[8]    ;       ; 5.176 ; 5.176 ;       ;
; MIR[0]     ; OUT_B[9]    ;       ; 5.380 ; 5.380 ;       ;
; MIR[0]     ; OUT_B[10]   ;       ; 5.492 ; 5.492 ;       ;
; MIR[0]     ; OUT_B[11]   ;       ; 5.393 ; 5.393 ;       ;
; MIR[0]     ; OUT_B[12]   ;       ; 5.355 ; 5.355 ;       ;
; MIR[0]     ; OUT_B[13]   ;       ; 5.261 ; 5.261 ;       ;
; MIR[0]     ; OUT_B[14]   ;       ; 5.345 ; 5.345 ;       ;
; MIR[0]     ; OUT_B[15]   ;       ; 5.234 ; 5.234 ;       ;
; MIR[0]     ; OUT_B[16]   ;       ; 5.385 ; 5.385 ;       ;
; MIR[0]     ; OUT_B[17]   ;       ; 5.350 ; 5.350 ;       ;
; MIR[0]     ; OUT_B[18]   ;       ; 5.370 ; 5.370 ;       ;
; MIR[0]     ; OUT_B[19]   ;       ; 5.339 ; 5.339 ;       ;
; MIR[0]     ; OUT_B[20]   ;       ; 5.169 ; 5.169 ;       ;
; MIR[0]     ; OUT_B[21]   ;       ; 5.472 ; 5.472 ;       ;
; MIR[0]     ; OUT_B[22]   ;       ; 5.449 ; 5.449 ;       ;
; MIR[0]     ; OUT_B[23]   ;       ; 5.264 ; 5.264 ;       ;
; MIR[0]     ; OUT_B[24]   ;       ; 5.410 ; 5.410 ;       ;
; MIR[0]     ; OUT_B[25]   ;       ; 5.449 ; 5.449 ;       ;
; MIR[0]     ; OUT_B[26]   ;       ; 5.370 ; 5.370 ;       ;
; MIR[0]     ; OUT_B[27]   ;       ; 5.156 ; 5.156 ;       ;
; MIR[0]     ; OUT_B[28]   ;       ; 5.156 ; 5.156 ;       ;
; MIR[0]     ; OUT_B[29]   ;       ; 5.405 ; 5.405 ;       ;
; MIR[0]     ; OUT_B[30]   ;       ; 5.373 ; 5.373 ;       ;
; MIR[0]     ; OUT_B[31]   ;       ; 5.405 ; 5.405 ;       ;
; MIR[1]     ; OUT_B[0]    ;       ; 5.365 ; 5.365 ;       ;
; MIR[1]     ; OUT_B[1]    ;       ; 5.379 ; 5.379 ;       ;
; MIR[1]     ; OUT_B[2]    ;       ; 5.359 ; 5.359 ;       ;
; MIR[1]     ; OUT_B[3]    ;       ; 5.003 ; 5.003 ;       ;
; MIR[1]     ; OUT_B[4]    ;       ; 5.448 ; 5.448 ;       ;
; MIR[1]     ; OUT_B[5]    ;       ; 5.135 ; 5.135 ;       ;
; MIR[1]     ; OUT_B[6]    ;       ; 5.250 ; 5.250 ;       ;
; MIR[1]     ; OUT_B[7]    ;       ; 5.386 ; 5.386 ;       ;
; MIR[1]     ; OUT_B[8]    ;       ; 5.162 ; 5.162 ;       ;
; MIR[1]     ; OUT_B[9]    ;       ; 5.366 ; 5.366 ;       ;
; MIR[1]     ; OUT_B[10]   ;       ; 5.478 ; 5.478 ;       ;
; MIR[1]     ; OUT_B[11]   ;       ; 5.379 ; 5.379 ;       ;
; MIR[1]     ; OUT_B[12]   ;       ; 5.341 ; 5.341 ;       ;
; MIR[1]     ; OUT_B[13]   ;       ; 5.247 ; 5.247 ;       ;
; MIR[1]     ; OUT_B[14]   ;       ; 5.331 ; 5.331 ;       ;
; MIR[1]     ; OUT_B[15]   ;       ; 5.220 ; 5.220 ;       ;
; MIR[1]     ; OUT_B[16]   ;       ; 5.371 ; 5.371 ;       ;
; MIR[1]     ; OUT_B[17]   ;       ; 5.336 ; 5.336 ;       ;
; MIR[1]     ; OUT_B[18]   ;       ; 5.356 ; 5.356 ;       ;
; MIR[1]     ; OUT_B[19]   ;       ; 5.325 ; 5.325 ;       ;
; MIR[1]     ; OUT_B[20]   ;       ; 5.155 ; 5.155 ;       ;
; MIR[1]     ; OUT_B[21]   ;       ; 5.458 ; 5.458 ;       ;
; MIR[1]     ; OUT_B[22]   ;       ; 5.435 ; 5.435 ;       ;
; MIR[1]     ; OUT_B[23]   ;       ; 5.250 ; 5.250 ;       ;
; MIR[1]     ; OUT_B[24]   ;       ; 5.396 ; 5.396 ;       ;
; MIR[1]     ; OUT_B[25]   ;       ; 5.435 ; 5.435 ;       ;
; MIR[1]     ; OUT_B[26]   ;       ; 5.356 ; 5.356 ;       ;
; MIR[1]     ; OUT_B[27]   ;       ; 5.142 ; 5.142 ;       ;
; MIR[1]     ; OUT_B[28]   ;       ; 5.142 ; 5.142 ;       ;
; MIR[1]     ; OUT_B[29]   ;       ; 5.391 ; 5.391 ;       ;
; MIR[1]     ; OUT_B[30]   ;       ; 5.359 ; 5.359 ;       ;
; MIR[1]     ; OUT_B[31]   ;       ; 5.391 ; 5.391 ;       ;
; MIR[2]     ; OUT_B[0]    ; 3.017 ;       ;       ; 3.017 ;
; MIR[2]     ; OUT_B[1]    ; 3.031 ;       ;       ; 3.031 ;
; MIR[2]     ; OUT_B[2]    ; 3.011 ;       ;       ; 3.011 ;
; MIR[2]     ; OUT_B[3]    ; 2.655 ;       ;       ; 2.655 ;
; MIR[2]     ; OUT_B[4]    ; 3.100 ;       ;       ; 3.100 ;
; MIR[2]     ; OUT_B[5]    ; 2.787 ;       ;       ; 2.787 ;
; MIR[2]     ; OUT_B[6]    ; 2.902 ;       ;       ; 2.902 ;
; MIR[2]     ; OUT_B[7]    ; 3.038 ;       ;       ; 3.038 ;
; MIR[2]     ; OUT_B[8]    ; 2.814 ;       ;       ; 2.814 ;
; MIR[2]     ; OUT_B[9]    ; 3.018 ;       ;       ; 3.018 ;
; MIR[2]     ; OUT_B[10]   ; 3.130 ;       ;       ; 3.130 ;
; MIR[2]     ; OUT_B[11]   ; 3.031 ;       ;       ; 3.031 ;
; MIR[2]     ; OUT_B[12]   ; 2.993 ;       ;       ; 2.993 ;
; MIR[2]     ; OUT_B[13]   ; 2.899 ;       ;       ; 2.899 ;
; MIR[2]     ; OUT_B[14]   ; 2.983 ;       ;       ; 2.983 ;
; MIR[2]     ; OUT_B[15]   ; 2.872 ;       ;       ; 2.872 ;
; MIR[2]     ; OUT_B[16]   ; 3.023 ;       ;       ; 3.023 ;
; MIR[2]     ; OUT_B[17]   ; 2.988 ;       ;       ; 2.988 ;
; MIR[2]     ; OUT_B[18]   ; 3.008 ;       ;       ; 3.008 ;
; MIR[2]     ; OUT_B[19]   ; 2.977 ;       ;       ; 2.977 ;
; MIR[2]     ; OUT_B[20]   ; 2.807 ;       ;       ; 2.807 ;
; MIR[2]     ; OUT_B[21]   ; 3.110 ;       ;       ; 3.110 ;
; MIR[2]     ; OUT_B[22]   ; 3.087 ;       ;       ; 3.087 ;
; MIR[2]     ; OUT_B[23]   ; 2.902 ;       ;       ; 2.902 ;
; MIR[2]     ; OUT_B[24]   ; 3.048 ;       ;       ; 3.048 ;
; MIR[2]     ; OUT_B[25]   ; 3.087 ;       ;       ; 3.087 ;
; MIR[2]     ; OUT_B[26]   ; 3.008 ;       ;       ; 3.008 ;
; MIR[2]     ; OUT_B[27]   ; 2.794 ;       ;       ; 2.794 ;
; MIR[2]     ; OUT_B[28]   ; 2.794 ;       ;       ; 2.794 ;
; MIR[2]     ; OUT_B[29]   ; 3.043 ;       ;       ; 3.043 ;
; MIR[2]     ; OUT_B[30]   ; 3.011 ;       ;       ; 3.011 ;
; MIR[2]     ; OUT_B[31]   ; 3.043 ;       ;       ; 3.043 ;
; MIR[3]     ; OUT_B[0]    ; 3.062 ;       ;       ; 3.062 ;
; MIR[3]     ; OUT_B[1]    ; 3.076 ;       ;       ; 3.076 ;
; MIR[3]     ; OUT_B[2]    ; 3.056 ;       ;       ; 3.056 ;
; MIR[3]     ; OUT_B[3]    ; 2.700 ;       ;       ; 2.700 ;
; MIR[3]     ; OUT_B[4]    ; 3.145 ;       ;       ; 3.145 ;
; MIR[3]     ; OUT_B[5]    ; 2.832 ;       ;       ; 2.832 ;
; MIR[3]     ; OUT_B[6]    ; 2.947 ;       ;       ; 2.947 ;
; MIR[3]     ; OUT_B[7]    ; 3.083 ;       ;       ; 3.083 ;
; MIR[3]     ; OUT_B[8]    ; 2.859 ;       ;       ; 2.859 ;
; MIR[3]     ; OUT_B[9]    ; 3.063 ;       ;       ; 3.063 ;
; MIR[3]     ; OUT_B[10]   ; 3.175 ;       ;       ; 3.175 ;
; MIR[3]     ; OUT_B[11]   ; 3.076 ;       ;       ; 3.076 ;
; MIR[3]     ; OUT_B[12]   ; 3.038 ;       ;       ; 3.038 ;
; MIR[3]     ; OUT_B[13]   ; 2.944 ;       ;       ; 2.944 ;
; MIR[3]     ; OUT_B[14]   ; 3.028 ;       ;       ; 3.028 ;
; MIR[3]     ; OUT_B[15]   ; 2.917 ;       ;       ; 2.917 ;
; MIR[3]     ; OUT_B[16]   ; 3.068 ;       ;       ; 3.068 ;
; MIR[3]     ; OUT_B[17]   ; 3.033 ;       ;       ; 3.033 ;
; MIR[3]     ; OUT_B[18]   ; 3.053 ;       ;       ; 3.053 ;
; MIR[3]     ; OUT_B[19]   ; 3.022 ;       ;       ; 3.022 ;
; MIR[3]     ; OUT_B[20]   ; 2.852 ;       ;       ; 2.852 ;
; MIR[3]     ; OUT_B[21]   ; 3.155 ;       ;       ; 3.155 ;
; MIR[3]     ; OUT_B[22]   ; 3.132 ;       ;       ; 3.132 ;
; MIR[3]     ; OUT_B[23]   ; 2.947 ;       ;       ; 2.947 ;
; MIR[3]     ; OUT_B[24]   ; 3.093 ;       ;       ; 3.093 ;
; MIR[3]     ; OUT_B[25]   ; 3.132 ;       ;       ; 3.132 ;
; MIR[3]     ; OUT_B[26]   ; 3.053 ;       ;       ; 3.053 ;
; MIR[3]     ; OUT_B[27]   ; 2.839 ;       ;       ; 2.839 ;
; MIR[3]     ; OUT_B[28]   ; 2.839 ;       ;       ; 2.839 ;
; MIR[3]     ; OUT_B[29]   ; 3.088 ;       ;       ; 3.088 ;
; MIR[3]     ; OUT_B[30]   ; 3.056 ;       ;       ; 3.056 ;
; MIR[3]     ; OUT_B[31]   ; 3.088 ;       ;       ; 3.088 ;
+------------+-------------+-------+-------+-------+-------+


+----------------------------------------------------------+
; Minimum Propagation Delay                                ;
+------------+-------------+-------+-------+-------+-------+
; Input Port ; Output Port ; RR    ; RF    ; FR    ; FF    ;
+------------+-------------+-------+-------+-------+-------+
; MIR[0]     ; OUT_B[0]    ;       ; 5.379 ; 5.379 ;       ;
; MIR[0]     ; OUT_B[1]    ;       ; 5.393 ; 5.393 ;       ;
; MIR[0]     ; OUT_B[2]    ;       ; 5.373 ; 5.373 ;       ;
; MIR[0]     ; OUT_B[3]    ;       ; 5.017 ; 5.017 ;       ;
; MIR[0]     ; OUT_B[4]    ;       ; 5.462 ; 5.462 ;       ;
; MIR[0]     ; OUT_B[5]    ;       ; 5.149 ; 5.149 ;       ;
; MIR[0]     ; OUT_B[6]    ;       ; 5.264 ; 5.264 ;       ;
; MIR[0]     ; OUT_B[7]    ;       ; 5.400 ; 5.400 ;       ;
; MIR[0]     ; OUT_B[8]    ;       ; 5.176 ; 5.176 ;       ;
; MIR[0]     ; OUT_B[9]    ;       ; 5.380 ; 5.380 ;       ;
; MIR[0]     ; OUT_B[10]   ;       ; 5.492 ; 5.492 ;       ;
; MIR[0]     ; OUT_B[11]   ;       ; 5.393 ; 5.393 ;       ;
; MIR[0]     ; OUT_B[12]   ;       ; 5.355 ; 5.355 ;       ;
; MIR[0]     ; OUT_B[13]   ;       ; 5.261 ; 5.261 ;       ;
; MIR[0]     ; OUT_B[14]   ;       ; 5.345 ; 5.345 ;       ;
; MIR[0]     ; OUT_B[15]   ;       ; 5.234 ; 5.234 ;       ;
; MIR[0]     ; OUT_B[16]   ;       ; 5.385 ; 5.385 ;       ;
; MIR[0]     ; OUT_B[17]   ;       ; 5.350 ; 5.350 ;       ;
; MIR[0]     ; OUT_B[18]   ;       ; 5.370 ; 5.370 ;       ;
; MIR[0]     ; OUT_B[19]   ;       ; 5.339 ; 5.339 ;       ;
; MIR[0]     ; OUT_B[20]   ;       ; 5.169 ; 5.169 ;       ;
; MIR[0]     ; OUT_B[21]   ;       ; 5.472 ; 5.472 ;       ;
; MIR[0]     ; OUT_B[22]   ;       ; 5.449 ; 5.449 ;       ;
; MIR[0]     ; OUT_B[23]   ;       ; 5.264 ; 5.264 ;       ;
; MIR[0]     ; OUT_B[24]   ;       ; 5.410 ; 5.410 ;       ;
; MIR[0]     ; OUT_B[25]   ;       ; 5.449 ; 5.449 ;       ;
; MIR[0]     ; OUT_B[26]   ;       ; 5.370 ; 5.370 ;       ;
; MIR[0]     ; OUT_B[27]   ;       ; 5.156 ; 5.156 ;       ;
; MIR[0]     ; OUT_B[28]   ;       ; 5.156 ; 5.156 ;       ;
; MIR[0]     ; OUT_B[29]   ;       ; 5.405 ; 5.405 ;       ;
; MIR[0]     ; OUT_B[30]   ;       ; 5.373 ; 5.373 ;       ;
; MIR[0]     ; OUT_B[31]   ;       ; 5.405 ; 5.405 ;       ;
; MIR[1]     ; OUT_B[0]    ;       ; 5.365 ; 5.365 ;       ;
; MIR[1]     ; OUT_B[1]    ;       ; 5.379 ; 5.379 ;       ;
; MIR[1]     ; OUT_B[2]    ;       ; 5.359 ; 5.359 ;       ;
; MIR[1]     ; OUT_B[3]    ;       ; 5.003 ; 5.003 ;       ;
; MIR[1]     ; OUT_B[4]    ;       ; 5.448 ; 5.448 ;       ;
; MIR[1]     ; OUT_B[5]    ;       ; 5.135 ; 5.135 ;       ;
; MIR[1]     ; OUT_B[6]    ;       ; 5.250 ; 5.250 ;       ;
; MIR[1]     ; OUT_B[7]    ;       ; 5.386 ; 5.386 ;       ;
; MIR[1]     ; OUT_B[8]    ;       ; 5.162 ; 5.162 ;       ;
; MIR[1]     ; OUT_B[9]    ;       ; 5.366 ; 5.366 ;       ;
; MIR[1]     ; OUT_B[10]   ;       ; 5.478 ; 5.478 ;       ;
; MIR[1]     ; OUT_B[11]   ;       ; 5.379 ; 5.379 ;       ;
; MIR[1]     ; OUT_B[12]   ;       ; 5.341 ; 5.341 ;       ;
; MIR[1]     ; OUT_B[13]   ;       ; 5.247 ; 5.247 ;       ;
; MIR[1]     ; OUT_B[14]   ;       ; 5.331 ; 5.331 ;       ;
; MIR[1]     ; OUT_B[15]   ;       ; 5.220 ; 5.220 ;       ;
; MIR[1]     ; OUT_B[16]   ;       ; 5.371 ; 5.371 ;       ;
; MIR[1]     ; OUT_B[17]   ;       ; 5.336 ; 5.336 ;       ;
; MIR[1]     ; OUT_B[18]   ;       ; 5.356 ; 5.356 ;       ;
; MIR[1]     ; OUT_B[19]   ;       ; 5.325 ; 5.325 ;       ;
; MIR[1]     ; OUT_B[20]   ;       ; 5.155 ; 5.155 ;       ;
; MIR[1]     ; OUT_B[21]   ;       ; 5.458 ; 5.458 ;       ;
; MIR[1]     ; OUT_B[22]   ;       ; 5.435 ; 5.435 ;       ;
; MIR[1]     ; OUT_B[23]   ;       ; 5.250 ; 5.250 ;       ;
; MIR[1]     ; OUT_B[24]   ;       ; 5.396 ; 5.396 ;       ;
; MIR[1]     ; OUT_B[25]   ;       ; 5.435 ; 5.435 ;       ;
; MIR[1]     ; OUT_B[26]   ;       ; 5.356 ; 5.356 ;       ;
; MIR[1]     ; OUT_B[27]   ;       ; 5.142 ; 5.142 ;       ;
; MIR[1]     ; OUT_B[28]   ;       ; 5.142 ; 5.142 ;       ;
; MIR[1]     ; OUT_B[29]   ;       ; 5.391 ; 5.391 ;       ;
; MIR[1]     ; OUT_B[30]   ;       ; 5.359 ; 5.359 ;       ;
; MIR[1]     ; OUT_B[31]   ;       ; 5.391 ; 5.391 ;       ;
; MIR[2]     ; OUT_B[0]    ; 3.017 ;       ;       ; 3.017 ;
; MIR[2]     ; OUT_B[1]    ; 3.031 ;       ;       ; 3.031 ;
; MIR[2]     ; OUT_B[2]    ; 3.011 ;       ;       ; 3.011 ;
; MIR[2]     ; OUT_B[3]    ; 2.655 ;       ;       ; 2.655 ;
; MIR[2]     ; OUT_B[4]    ; 3.100 ;       ;       ; 3.100 ;
; MIR[2]     ; OUT_B[5]    ; 2.787 ;       ;       ; 2.787 ;
; MIR[2]     ; OUT_B[6]    ; 2.902 ;       ;       ; 2.902 ;
; MIR[2]     ; OUT_B[7]    ; 3.038 ;       ;       ; 3.038 ;
; MIR[2]     ; OUT_B[8]    ; 2.814 ;       ;       ; 2.814 ;
; MIR[2]     ; OUT_B[9]    ; 3.018 ;       ;       ; 3.018 ;
; MIR[2]     ; OUT_B[10]   ; 3.130 ;       ;       ; 3.130 ;
; MIR[2]     ; OUT_B[11]   ; 3.031 ;       ;       ; 3.031 ;
; MIR[2]     ; OUT_B[12]   ; 2.993 ;       ;       ; 2.993 ;
; MIR[2]     ; OUT_B[13]   ; 2.899 ;       ;       ; 2.899 ;
; MIR[2]     ; OUT_B[14]   ; 2.983 ;       ;       ; 2.983 ;
; MIR[2]     ; OUT_B[15]   ; 2.872 ;       ;       ; 2.872 ;
; MIR[2]     ; OUT_B[16]   ; 3.023 ;       ;       ; 3.023 ;
; MIR[2]     ; OUT_B[17]   ; 2.988 ;       ;       ; 2.988 ;
; MIR[2]     ; OUT_B[18]   ; 3.008 ;       ;       ; 3.008 ;
; MIR[2]     ; OUT_B[19]   ; 2.977 ;       ;       ; 2.977 ;
; MIR[2]     ; OUT_B[20]   ; 2.807 ;       ;       ; 2.807 ;
; MIR[2]     ; OUT_B[21]   ; 3.110 ;       ;       ; 3.110 ;
; MIR[2]     ; OUT_B[22]   ; 3.087 ;       ;       ; 3.087 ;
; MIR[2]     ; OUT_B[23]   ; 2.902 ;       ;       ; 2.902 ;
; MIR[2]     ; OUT_B[24]   ; 3.048 ;       ;       ; 3.048 ;
; MIR[2]     ; OUT_B[25]   ; 3.087 ;       ;       ; 3.087 ;
; MIR[2]     ; OUT_B[26]   ; 3.008 ;       ;       ; 3.008 ;
; MIR[2]     ; OUT_B[27]   ; 2.794 ;       ;       ; 2.794 ;
; MIR[2]     ; OUT_B[28]   ; 2.794 ;       ;       ; 2.794 ;
; MIR[2]     ; OUT_B[29]   ; 3.043 ;       ;       ; 3.043 ;
; MIR[2]     ; OUT_B[30]   ; 3.011 ;       ;       ; 3.011 ;
; MIR[2]     ; OUT_B[31]   ; 3.043 ;       ;       ; 3.043 ;
; MIR[3]     ; OUT_B[0]    ; 3.062 ;       ;       ; 3.062 ;
; MIR[3]     ; OUT_B[1]    ; 3.076 ;       ;       ; 3.076 ;
; MIR[3]     ; OUT_B[2]    ; 3.056 ;       ;       ; 3.056 ;
; MIR[3]     ; OUT_B[3]    ; 2.700 ;       ;       ; 2.700 ;
; MIR[3]     ; OUT_B[4]    ; 3.145 ;       ;       ; 3.145 ;
; MIR[3]     ; OUT_B[5]    ; 2.832 ;       ;       ; 2.832 ;
; MIR[3]     ; OUT_B[6]    ; 2.947 ;       ;       ; 2.947 ;
; MIR[3]     ; OUT_B[7]    ; 3.083 ;       ;       ; 3.083 ;
; MIR[3]     ; OUT_B[8]    ; 2.859 ;       ;       ; 2.859 ;
; MIR[3]     ; OUT_B[9]    ; 3.063 ;       ;       ; 3.063 ;
; MIR[3]     ; OUT_B[10]   ; 3.175 ;       ;       ; 3.175 ;
; MIR[3]     ; OUT_B[11]   ; 3.076 ;       ;       ; 3.076 ;
; MIR[3]     ; OUT_B[12]   ; 3.038 ;       ;       ; 3.038 ;
; MIR[3]     ; OUT_B[13]   ; 2.944 ;       ;       ; 2.944 ;
; MIR[3]     ; OUT_B[14]   ; 3.028 ;       ;       ; 3.028 ;
; MIR[3]     ; OUT_B[15]   ; 2.917 ;       ;       ; 2.917 ;
; MIR[3]     ; OUT_B[16]   ; 3.068 ;       ;       ; 3.068 ;
; MIR[3]     ; OUT_B[17]   ; 3.033 ;       ;       ; 3.033 ;
; MIR[3]     ; OUT_B[18]   ; 3.053 ;       ;       ; 3.053 ;
; MIR[3]     ; OUT_B[19]   ; 3.022 ;       ;       ; 3.022 ;
; MIR[3]     ; OUT_B[20]   ; 2.852 ;       ;       ; 2.852 ;
; MIR[3]     ; OUT_B[21]   ; 3.155 ;       ;       ; 3.155 ;
; MIR[3]     ; OUT_B[22]   ; 3.132 ;       ;       ; 3.132 ;
; MIR[3]     ; OUT_B[23]   ; 2.947 ;       ;       ; 2.947 ;
; MIR[3]     ; OUT_B[24]   ; 3.093 ;       ;       ; 3.093 ;
; MIR[3]     ; OUT_B[25]   ; 3.132 ;       ;       ; 3.132 ;
; MIR[3]     ; OUT_B[26]   ; 3.053 ;       ;       ; 3.053 ;
; MIR[3]     ; OUT_B[27]   ; 2.839 ;       ;       ; 2.839 ;
; MIR[3]     ; OUT_B[28]   ; 2.839 ;       ;       ; 2.839 ;
; MIR[3]     ; OUT_B[29]   ; 3.088 ;       ;       ; 3.088 ;
; MIR[3]     ; OUT_B[30]   ; 3.056 ;       ;       ; 3.056 ;
; MIR[3]     ; OUT_B[31]   ; 3.088 ;       ;       ; 3.088 ;
+------------+-------------+-------+-------+-------+-------+


+----------------------------------------------------------------------------+
; Multicorner Timing Analysis Summary                                        ;
+------------------+-------+------+----------+---------+---------------------+
; Clock            ; Setup ; Hold ; Recovery ; Removal ; Minimum Pulse Width ;
+------------------+-------+------+----------+---------+---------------------+
; Worst-case Slack ; N/A   ; N/A  ; N/A      ; N/A     ; N/A                 ;
; Design-wide TNS  ; 0.0   ; 0.0  ; 0.0      ; 0.0     ; 0.0                 ;
+------------------+-------+------+----------+---------+---------------------+


+------------------------------------------------------------+
; Progagation Delay                                          ;
+------------+-------------+-------+--------+--------+-------+
; Input Port ; Output Port ; RR    ; RF     ; FR     ; FF    ;
+------------+-------------+-------+--------+--------+-------+
; MIR[0]     ; OUT_B[0]    ;       ; 12.429 ; 12.429 ;       ;
; MIR[0]     ; OUT_B[1]    ;       ; 12.450 ; 12.450 ;       ;
; MIR[0]     ; OUT_B[2]    ;       ; 12.430 ; 12.430 ;       ;
; MIR[0]     ; OUT_B[3]    ;       ; 11.380 ; 11.380 ;       ;
; MIR[0]     ; OUT_B[4]    ;       ; 12.767 ; 12.767 ;       ;
; MIR[0]     ; OUT_B[5]    ;       ; 11.808 ; 11.808 ;       ;
; MIR[0]     ; OUT_B[6]    ;       ; 12.184 ; 12.184 ;       ;
; MIR[0]     ; OUT_B[7]    ;       ; 12.458 ; 12.458 ;       ;
; MIR[0]     ; OUT_B[8]    ;       ; 11.840 ; 11.840 ;       ;
; MIR[0]     ; OUT_B[9]    ;       ; 12.438 ; 12.438 ;       ;
; MIR[0]     ; OUT_B[10]   ;       ; 12.797 ; 12.797 ;       ;
; MIR[0]     ; OUT_B[11]   ;       ; 12.450 ; 12.450 ;       ;
; MIR[0]     ; OUT_B[12]   ;       ; 12.412 ; 12.412 ;       ;
; MIR[0]     ; OUT_B[13]   ;       ; 12.176 ; 12.176 ;       ;
; MIR[0]     ; OUT_B[14]   ;       ; 12.395 ; 12.395 ;       ;
; MIR[0]     ; OUT_B[15]   ;       ; 12.154 ; 12.154 ;       ;
; MIR[0]     ; OUT_B[16]   ;       ; 12.442 ; 12.442 ;       ;
; MIR[0]     ; OUT_B[17]   ;       ; 12.408 ; 12.408 ;       ;
; MIR[0]     ; OUT_B[18]   ;       ; 12.422 ; 12.422 ;       ;
; MIR[0]     ; OUT_B[19]   ;       ; 12.389 ; 12.389 ;       ;
; MIR[0]     ; OUT_B[20]   ;       ; 11.828 ; 11.828 ;       ;
; MIR[0]     ; OUT_B[21]   ;       ; 12.777 ; 12.777 ;       ;
; MIR[0]     ; OUT_B[22]   ;       ; 12.536 ; 12.536 ;       ;
; MIR[0]     ; OUT_B[23]   ;       ; 12.184 ; 12.184 ;       ;
; MIR[0]     ; OUT_B[24]   ;       ; 12.468 ; 12.468 ;       ;
; MIR[0]     ; OUT_B[25]   ;       ; 12.536 ; 12.536 ;       ;
; MIR[0]     ; OUT_B[26]   ;       ; 12.424 ; 12.424 ;       ;
; MIR[0]     ; OUT_B[27]   ;       ; 11.820 ; 11.820 ;       ;
; MIR[0]     ; OUT_B[28]   ;       ; 11.820 ; 11.820 ;       ;
; MIR[0]     ; OUT_B[29]   ;       ; 12.462 ; 12.462 ;       ;
; MIR[0]     ; OUT_B[30]   ;       ; 12.430 ; 12.430 ;       ;
; MIR[0]     ; OUT_B[31]   ;       ; 12.462 ; 12.462 ;       ;
; MIR[1]     ; OUT_B[0]    ;       ; 12.377 ; 12.377 ;       ;
; MIR[1]     ; OUT_B[1]    ;       ; 12.398 ; 12.398 ;       ;
; MIR[1]     ; OUT_B[2]    ;       ; 12.378 ; 12.378 ;       ;
; MIR[1]     ; OUT_B[3]    ;       ; 11.328 ; 11.328 ;       ;
; MIR[1]     ; OUT_B[4]    ;       ; 12.715 ; 12.715 ;       ;
; MIR[1]     ; OUT_B[5]    ;       ; 11.756 ; 11.756 ;       ;
; MIR[1]     ; OUT_B[6]    ;       ; 12.132 ; 12.132 ;       ;
; MIR[1]     ; OUT_B[7]    ;       ; 12.406 ; 12.406 ;       ;
; MIR[1]     ; OUT_B[8]    ;       ; 11.788 ; 11.788 ;       ;
; MIR[1]     ; OUT_B[9]    ;       ; 12.386 ; 12.386 ;       ;
; MIR[1]     ; OUT_B[10]   ;       ; 12.745 ; 12.745 ;       ;
; MIR[1]     ; OUT_B[11]   ;       ; 12.398 ; 12.398 ;       ;
; MIR[1]     ; OUT_B[12]   ;       ; 12.360 ; 12.360 ;       ;
; MIR[1]     ; OUT_B[13]   ;       ; 12.124 ; 12.124 ;       ;
; MIR[1]     ; OUT_B[14]   ;       ; 12.343 ; 12.343 ;       ;
; MIR[1]     ; OUT_B[15]   ;       ; 12.102 ; 12.102 ;       ;
; MIR[1]     ; OUT_B[16]   ;       ; 12.390 ; 12.390 ;       ;
; MIR[1]     ; OUT_B[17]   ;       ; 12.356 ; 12.356 ;       ;
; MIR[1]     ; OUT_B[18]   ;       ; 12.370 ; 12.370 ;       ;
; MIR[1]     ; OUT_B[19]   ;       ; 12.337 ; 12.337 ;       ;
; MIR[1]     ; OUT_B[20]   ;       ; 11.776 ; 11.776 ;       ;
; MIR[1]     ; OUT_B[21]   ;       ; 12.725 ; 12.725 ;       ;
; MIR[1]     ; OUT_B[22]   ;       ; 12.484 ; 12.484 ;       ;
; MIR[1]     ; OUT_B[23]   ;       ; 12.132 ; 12.132 ;       ;
; MIR[1]     ; OUT_B[24]   ;       ; 12.416 ; 12.416 ;       ;
; MIR[1]     ; OUT_B[25]   ;       ; 12.484 ; 12.484 ;       ;
; MIR[1]     ; OUT_B[26]   ;       ; 12.372 ; 12.372 ;       ;
; MIR[1]     ; OUT_B[27]   ;       ; 11.768 ; 11.768 ;       ;
; MIR[1]     ; OUT_B[28]   ;       ; 11.768 ; 11.768 ;       ;
; MIR[1]     ; OUT_B[29]   ;       ; 12.410 ; 12.410 ;       ;
; MIR[1]     ; OUT_B[30]   ;       ; 12.378 ; 12.378 ;       ;
; MIR[1]     ; OUT_B[31]   ;       ; 12.410 ; 12.410 ;       ;
; MIR[2]     ; OUT_B[0]    ; 7.730 ;        ;        ; 7.730 ;
; MIR[2]     ; OUT_B[1]    ; 7.751 ;        ;        ; 7.751 ;
; MIR[2]     ; OUT_B[2]    ; 7.731 ;        ;        ; 7.731 ;
; MIR[2]     ; OUT_B[3]    ; 6.681 ;        ;        ; 6.681 ;
; MIR[2]     ; OUT_B[4]    ; 8.068 ;        ;        ; 8.068 ;
; MIR[2]     ; OUT_B[5]    ; 7.109 ;        ;        ; 7.109 ;
; MIR[2]     ; OUT_B[6]    ; 7.485 ;        ;        ; 7.485 ;
; MIR[2]     ; OUT_B[7]    ; 7.759 ;        ;        ; 7.759 ;
; MIR[2]     ; OUT_B[8]    ; 7.141 ;        ;        ; 7.141 ;
; MIR[2]     ; OUT_B[9]    ; 7.739 ;        ;        ; 7.739 ;
; MIR[2]     ; OUT_B[10]   ; 8.098 ;        ;        ; 8.098 ;
; MIR[2]     ; OUT_B[11]   ; 7.751 ;        ;        ; 7.751 ;
; MIR[2]     ; OUT_B[12]   ; 7.713 ;        ;        ; 7.713 ;
; MIR[2]     ; OUT_B[13]   ; 7.477 ;        ;        ; 7.477 ;
; MIR[2]     ; OUT_B[14]   ; 7.696 ;        ;        ; 7.696 ;
; MIR[2]     ; OUT_B[15]   ; 7.455 ;        ;        ; 7.455 ;
; MIR[2]     ; OUT_B[16]   ; 7.743 ;        ;        ; 7.743 ;
; MIR[2]     ; OUT_B[17]   ; 7.709 ;        ;        ; 7.709 ;
; MIR[2]     ; OUT_B[18]   ; 7.723 ;        ;        ; 7.723 ;
; MIR[2]     ; OUT_B[19]   ; 7.690 ;        ;        ; 7.690 ;
; MIR[2]     ; OUT_B[20]   ; 7.129 ;        ;        ; 7.129 ;
; MIR[2]     ; OUT_B[21]   ; 8.078 ;        ;        ; 8.078 ;
; MIR[2]     ; OUT_B[22]   ; 7.837 ;        ;        ; 7.837 ;
; MIR[2]     ; OUT_B[23]   ; 7.485 ;        ;        ; 7.485 ;
; MIR[2]     ; OUT_B[24]   ; 7.769 ;        ;        ; 7.769 ;
; MIR[2]     ; OUT_B[25]   ; 7.837 ;        ;        ; 7.837 ;
; MIR[2]     ; OUT_B[26]   ; 7.725 ;        ;        ; 7.725 ;
; MIR[2]     ; OUT_B[27]   ; 7.121 ;        ;        ; 7.121 ;
; MIR[2]     ; OUT_B[28]   ; 7.121 ;        ;        ; 7.121 ;
; MIR[2]     ; OUT_B[29]   ; 7.763 ;        ;        ; 7.763 ;
; MIR[2]     ; OUT_B[30]   ; 7.731 ;        ;        ; 7.731 ;
; MIR[2]     ; OUT_B[31]   ; 7.763 ;        ;        ; 7.763 ;
; MIR[3]     ; OUT_B[0]    ; 7.850 ;        ;        ; 7.850 ;
; MIR[3]     ; OUT_B[1]    ; 7.871 ;        ;        ; 7.871 ;
; MIR[3]     ; OUT_B[2]    ; 7.851 ;        ;        ; 7.851 ;
; MIR[3]     ; OUT_B[3]    ; 6.801 ;        ;        ; 6.801 ;
; MIR[3]     ; OUT_B[4]    ; 8.188 ;        ;        ; 8.188 ;
; MIR[3]     ; OUT_B[5]    ; 7.229 ;        ;        ; 7.229 ;
; MIR[3]     ; OUT_B[6]    ; 7.605 ;        ;        ; 7.605 ;
; MIR[3]     ; OUT_B[7]    ; 7.879 ;        ;        ; 7.879 ;
; MIR[3]     ; OUT_B[8]    ; 7.261 ;        ;        ; 7.261 ;
; MIR[3]     ; OUT_B[9]    ; 7.859 ;        ;        ; 7.859 ;
; MIR[3]     ; OUT_B[10]   ; 8.218 ;        ;        ; 8.218 ;
; MIR[3]     ; OUT_B[11]   ; 7.871 ;        ;        ; 7.871 ;
; MIR[3]     ; OUT_B[12]   ; 7.833 ;        ;        ; 7.833 ;
; MIR[3]     ; OUT_B[13]   ; 7.597 ;        ;        ; 7.597 ;
; MIR[3]     ; OUT_B[14]   ; 7.816 ;        ;        ; 7.816 ;
; MIR[3]     ; OUT_B[15]   ; 7.575 ;        ;        ; 7.575 ;
; MIR[3]     ; OUT_B[16]   ; 7.863 ;        ;        ; 7.863 ;
; MIR[3]     ; OUT_B[17]   ; 7.829 ;        ;        ; 7.829 ;
; MIR[3]     ; OUT_B[18]   ; 7.843 ;        ;        ; 7.843 ;
; MIR[3]     ; OUT_B[19]   ; 7.810 ;        ;        ; 7.810 ;
; MIR[3]     ; OUT_B[20]   ; 7.249 ;        ;        ; 7.249 ;
; MIR[3]     ; OUT_B[21]   ; 8.198 ;        ;        ; 8.198 ;
; MIR[3]     ; OUT_B[22]   ; 7.957 ;        ;        ; 7.957 ;
; MIR[3]     ; OUT_B[23]   ; 7.605 ;        ;        ; 7.605 ;
; MIR[3]     ; OUT_B[24]   ; 7.889 ;        ;        ; 7.889 ;
; MIR[3]     ; OUT_B[25]   ; 7.957 ;        ;        ; 7.957 ;
; MIR[3]     ; OUT_B[26]   ; 7.845 ;        ;        ; 7.845 ;
; MIR[3]     ; OUT_B[27]   ; 7.241 ;        ;        ; 7.241 ;
; MIR[3]     ; OUT_B[28]   ; 7.241 ;        ;        ; 7.241 ;
; MIR[3]     ; OUT_B[29]   ; 7.883 ;        ;        ; 7.883 ;
; MIR[3]     ; OUT_B[30]   ; 7.851 ;        ;        ; 7.851 ;
; MIR[3]     ; OUT_B[31]   ; 7.883 ;        ;        ; 7.883 ;
+------------+-------------+-------+--------+--------+-------+


+----------------------------------------------------------+
; Minimum Progagation Delay                                ;
+------------+-------------+-------+-------+-------+-------+
; Input Port ; Output Port ; RR    ; RF    ; FR    ; FF    ;
+------------+-------------+-------+-------+-------+-------+
; MIR[0]     ; OUT_B[0]    ;       ; 5.379 ; 5.379 ;       ;
; MIR[0]     ; OUT_B[1]    ;       ; 5.393 ; 5.393 ;       ;
; MIR[0]     ; OUT_B[2]    ;       ; 5.373 ; 5.373 ;       ;
; MIR[0]     ; OUT_B[3]    ;       ; 5.017 ; 5.017 ;       ;
; MIR[0]     ; OUT_B[4]    ;       ; 5.462 ; 5.462 ;       ;
; MIR[0]     ; OUT_B[5]    ;       ; 5.149 ; 5.149 ;       ;
; MIR[0]     ; OUT_B[6]    ;       ; 5.264 ; 5.264 ;       ;
; MIR[0]     ; OUT_B[7]    ;       ; 5.400 ; 5.400 ;       ;
; MIR[0]     ; OUT_B[8]    ;       ; 5.176 ; 5.176 ;       ;
; MIR[0]     ; OUT_B[9]    ;       ; 5.380 ; 5.380 ;       ;
; MIR[0]     ; OUT_B[10]   ;       ; 5.492 ; 5.492 ;       ;
; MIR[0]     ; OUT_B[11]   ;       ; 5.393 ; 5.393 ;       ;
; MIR[0]     ; OUT_B[12]   ;       ; 5.355 ; 5.355 ;       ;
; MIR[0]     ; OUT_B[13]   ;       ; 5.261 ; 5.261 ;       ;
; MIR[0]     ; OUT_B[14]   ;       ; 5.345 ; 5.345 ;       ;
; MIR[0]     ; OUT_B[15]   ;       ; 5.234 ; 5.234 ;       ;
; MIR[0]     ; OUT_B[16]   ;       ; 5.385 ; 5.385 ;       ;
; MIR[0]     ; OUT_B[17]   ;       ; 5.350 ; 5.350 ;       ;
; MIR[0]     ; OUT_B[18]   ;       ; 5.370 ; 5.370 ;       ;
; MIR[0]     ; OUT_B[19]   ;       ; 5.339 ; 5.339 ;       ;
; MIR[0]     ; OUT_B[20]   ;       ; 5.169 ; 5.169 ;       ;
; MIR[0]     ; OUT_B[21]   ;       ; 5.472 ; 5.472 ;       ;
; MIR[0]     ; OUT_B[22]   ;       ; 5.449 ; 5.449 ;       ;
; MIR[0]     ; OUT_B[23]   ;       ; 5.264 ; 5.264 ;       ;
; MIR[0]     ; OUT_B[24]   ;       ; 5.410 ; 5.410 ;       ;
; MIR[0]     ; OUT_B[25]   ;       ; 5.449 ; 5.449 ;       ;
; MIR[0]     ; OUT_B[26]   ;       ; 5.370 ; 5.370 ;       ;
; MIR[0]     ; OUT_B[27]   ;       ; 5.156 ; 5.156 ;       ;
; MIR[0]     ; OUT_B[28]   ;       ; 5.156 ; 5.156 ;       ;
; MIR[0]     ; OUT_B[29]   ;       ; 5.405 ; 5.405 ;       ;
; MIR[0]     ; OUT_B[30]   ;       ; 5.373 ; 5.373 ;       ;
; MIR[0]     ; OUT_B[31]   ;       ; 5.405 ; 5.405 ;       ;
; MIR[1]     ; OUT_B[0]    ;       ; 5.365 ; 5.365 ;       ;
; MIR[1]     ; OUT_B[1]    ;       ; 5.379 ; 5.379 ;       ;
; MIR[1]     ; OUT_B[2]    ;       ; 5.359 ; 5.359 ;       ;
; MIR[1]     ; OUT_B[3]    ;       ; 5.003 ; 5.003 ;       ;
; MIR[1]     ; OUT_B[4]    ;       ; 5.448 ; 5.448 ;       ;
; MIR[1]     ; OUT_B[5]    ;       ; 5.135 ; 5.135 ;       ;
; MIR[1]     ; OUT_B[6]    ;       ; 5.250 ; 5.250 ;       ;
; MIR[1]     ; OUT_B[7]    ;       ; 5.386 ; 5.386 ;       ;
; MIR[1]     ; OUT_B[8]    ;       ; 5.162 ; 5.162 ;       ;
; MIR[1]     ; OUT_B[9]    ;       ; 5.366 ; 5.366 ;       ;
; MIR[1]     ; OUT_B[10]   ;       ; 5.478 ; 5.478 ;       ;
; MIR[1]     ; OUT_B[11]   ;       ; 5.379 ; 5.379 ;       ;
; MIR[1]     ; OUT_B[12]   ;       ; 5.341 ; 5.341 ;       ;
; MIR[1]     ; OUT_B[13]   ;       ; 5.247 ; 5.247 ;       ;
; MIR[1]     ; OUT_B[14]   ;       ; 5.331 ; 5.331 ;       ;
; MIR[1]     ; OUT_B[15]   ;       ; 5.220 ; 5.220 ;       ;
; MIR[1]     ; OUT_B[16]   ;       ; 5.371 ; 5.371 ;       ;
; MIR[1]     ; OUT_B[17]   ;       ; 5.336 ; 5.336 ;       ;
; MIR[1]     ; OUT_B[18]   ;       ; 5.356 ; 5.356 ;       ;
; MIR[1]     ; OUT_B[19]   ;       ; 5.325 ; 5.325 ;       ;
; MIR[1]     ; OUT_B[20]   ;       ; 5.155 ; 5.155 ;       ;
; MIR[1]     ; OUT_B[21]   ;       ; 5.458 ; 5.458 ;       ;
; MIR[1]     ; OUT_B[22]   ;       ; 5.435 ; 5.435 ;       ;
; MIR[1]     ; OUT_B[23]   ;       ; 5.250 ; 5.250 ;       ;
; MIR[1]     ; OUT_B[24]   ;       ; 5.396 ; 5.396 ;       ;
; MIR[1]     ; OUT_B[25]   ;       ; 5.435 ; 5.435 ;       ;
; MIR[1]     ; OUT_B[26]   ;       ; 5.356 ; 5.356 ;       ;
; MIR[1]     ; OUT_B[27]   ;       ; 5.142 ; 5.142 ;       ;
; MIR[1]     ; OUT_B[28]   ;       ; 5.142 ; 5.142 ;       ;
; MIR[1]     ; OUT_B[29]   ;       ; 5.391 ; 5.391 ;       ;
; MIR[1]     ; OUT_B[30]   ;       ; 5.359 ; 5.359 ;       ;
; MIR[1]     ; OUT_B[31]   ;       ; 5.391 ; 5.391 ;       ;
; MIR[2]     ; OUT_B[0]    ; 3.017 ;       ;       ; 3.017 ;
; MIR[2]     ; OUT_B[1]    ; 3.031 ;       ;       ; 3.031 ;
; MIR[2]     ; OUT_B[2]    ; 3.011 ;       ;       ; 3.011 ;
; MIR[2]     ; OUT_B[3]    ; 2.655 ;       ;       ; 2.655 ;
; MIR[2]     ; OUT_B[4]    ; 3.100 ;       ;       ; 3.100 ;
; MIR[2]     ; OUT_B[5]    ; 2.787 ;       ;       ; 2.787 ;
; MIR[2]     ; OUT_B[6]    ; 2.902 ;       ;       ; 2.902 ;
; MIR[2]     ; OUT_B[7]    ; 3.038 ;       ;       ; 3.038 ;
; MIR[2]     ; OUT_B[8]    ; 2.814 ;       ;       ; 2.814 ;
; MIR[2]     ; OUT_B[9]    ; 3.018 ;       ;       ; 3.018 ;
; MIR[2]     ; OUT_B[10]   ; 3.130 ;       ;       ; 3.130 ;
; MIR[2]     ; OUT_B[11]   ; 3.031 ;       ;       ; 3.031 ;
; MIR[2]     ; OUT_B[12]   ; 2.993 ;       ;       ; 2.993 ;
; MIR[2]     ; OUT_B[13]   ; 2.899 ;       ;       ; 2.899 ;
; MIR[2]     ; OUT_B[14]   ; 2.983 ;       ;       ; 2.983 ;
; MIR[2]     ; OUT_B[15]   ; 2.872 ;       ;       ; 2.872 ;
; MIR[2]     ; OUT_B[16]   ; 3.023 ;       ;       ; 3.023 ;
; MIR[2]     ; OUT_B[17]   ; 2.988 ;       ;       ; 2.988 ;
; MIR[2]     ; OUT_B[18]   ; 3.008 ;       ;       ; 3.008 ;
; MIR[2]     ; OUT_B[19]   ; 2.977 ;       ;       ; 2.977 ;
; MIR[2]     ; OUT_B[20]   ; 2.807 ;       ;       ; 2.807 ;
; MIR[2]     ; OUT_B[21]   ; 3.110 ;       ;       ; 3.110 ;
; MIR[2]     ; OUT_B[22]   ; 3.087 ;       ;       ; 3.087 ;
; MIR[2]     ; OUT_B[23]   ; 2.902 ;       ;       ; 2.902 ;
; MIR[2]     ; OUT_B[24]   ; 3.048 ;       ;       ; 3.048 ;
; MIR[2]     ; OUT_B[25]   ; 3.087 ;       ;       ; 3.087 ;
; MIR[2]     ; OUT_B[26]   ; 3.008 ;       ;       ; 3.008 ;
; MIR[2]     ; OUT_B[27]   ; 2.794 ;       ;       ; 2.794 ;
; MIR[2]     ; OUT_B[28]   ; 2.794 ;       ;       ; 2.794 ;
; MIR[2]     ; OUT_B[29]   ; 3.043 ;       ;       ; 3.043 ;
; MIR[2]     ; OUT_B[30]   ; 3.011 ;       ;       ; 3.011 ;
; MIR[2]     ; OUT_B[31]   ; 3.043 ;       ;       ; 3.043 ;
; MIR[3]     ; OUT_B[0]    ; 3.062 ;       ;       ; 3.062 ;
; MIR[3]     ; OUT_B[1]    ; 3.076 ;       ;       ; 3.076 ;
; MIR[3]     ; OUT_B[2]    ; 3.056 ;       ;       ; 3.056 ;
; MIR[3]     ; OUT_B[3]    ; 2.700 ;       ;       ; 2.700 ;
; MIR[3]     ; OUT_B[4]    ; 3.145 ;       ;       ; 3.145 ;
; MIR[3]     ; OUT_B[5]    ; 2.832 ;       ;       ; 2.832 ;
; MIR[3]     ; OUT_B[6]    ; 2.947 ;       ;       ; 2.947 ;
; MIR[3]     ; OUT_B[7]    ; 3.083 ;       ;       ; 3.083 ;
; MIR[3]     ; OUT_B[8]    ; 2.859 ;       ;       ; 2.859 ;
; MIR[3]     ; OUT_B[9]    ; 3.063 ;       ;       ; 3.063 ;
; MIR[3]     ; OUT_B[10]   ; 3.175 ;       ;       ; 3.175 ;
; MIR[3]     ; OUT_B[11]   ; 3.076 ;       ;       ; 3.076 ;
; MIR[3]     ; OUT_B[12]   ; 3.038 ;       ;       ; 3.038 ;
; MIR[3]     ; OUT_B[13]   ; 2.944 ;       ;       ; 2.944 ;
; MIR[3]     ; OUT_B[14]   ; 3.028 ;       ;       ; 3.028 ;
; MIR[3]     ; OUT_B[15]   ; 2.917 ;       ;       ; 2.917 ;
; MIR[3]     ; OUT_B[16]   ; 3.068 ;       ;       ; 3.068 ;
; MIR[3]     ; OUT_B[17]   ; 3.033 ;       ;       ; 3.033 ;
; MIR[3]     ; OUT_B[18]   ; 3.053 ;       ;       ; 3.053 ;
; MIR[3]     ; OUT_B[19]   ; 3.022 ;       ;       ; 3.022 ;
; MIR[3]     ; OUT_B[20]   ; 2.852 ;       ;       ; 2.852 ;
; MIR[3]     ; OUT_B[21]   ; 3.155 ;       ;       ; 3.155 ;
; MIR[3]     ; OUT_B[22]   ; 3.132 ;       ;       ; 3.132 ;
; MIR[3]     ; OUT_B[23]   ; 2.947 ;       ;       ; 2.947 ;
; MIR[3]     ; OUT_B[24]   ; 3.093 ;       ;       ; 3.093 ;
; MIR[3]     ; OUT_B[25]   ; 3.132 ;       ;       ; 3.132 ;
; MIR[3]     ; OUT_B[26]   ; 3.053 ;       ;       ; 3.053 ;
; MIR[3]     ; OUT_B[27]   ; 2.839 ;       ;       ; 2.839 ;
; MIR[3]     ; OUT_B[28]   ; 2.839 ;       ;       ; 2.839 ;
; MIR[3]     ; OUT_B[29]   ; 3.088 ;       ;       ; 3.088 ;
; MIR[3]     ; OUT_B[30]   ; 3.056 ;       ;       ; 3.056 ;
; MIR[3]     ; OUT_B[31]   ; 3.088 ;       ;       ; 3.088 ;
+------------+-------------+-------+-------+-------+-------+


-------------------
; Clock Transfers ;
-------------------
Nothing to report.


---------------
; Report TCCS ;
---------------
No dedicated SERDES Transmitter circuitry present in device or used in design


---------------
; Report RSKM ;
---------------
No dedicated SERDES Receiver circuitry present in device or used in design


+------------------------------------------------+
; Unconstrained Paths                            ;
+---------------------------------+-------+------+
; Property                        ; Setup ; Hold ;
+---------------------------------+-------+------+
; Illegal Clocks                  ; 0     ; 0    ;
; Unconstrained Clocks            ; 0     ; 0    ;
; Unconstrained Input Ports       ; 4     ; 4    ;
; Unconstrained Input Port Paths  ; 128   ; 128  ;
; Unconstrained Output Ports      ; 32    ; 32   ;
; Unconstrained Output Port Paths ; 128   ; 128  ;
+---------------------------------+-------+------+


+------------------------------------+
; TimeQuest Timing Analyzer Messages ;
+------------------------------------+
Info: *******************************************************************
Info: Running Quartus II 64-Bit TimeQuest Timing Analyzer
    Info: Version 13.0.1 Build 232 06/12/2013 Service Pack 1 SJ Web Edition
    Info: Processing started: Mon Aug 19 09:33:25 2024
Info: Command: quartus_sta MIC1 -c MIC1
Info: qsta_default_script.tcl version: #1
Warning (20028): Parallel compilation is not licensed and has been disabled
Info (21077): Low junction temperature is -40 degrees C
Info (21077): High junction temperature is 125 degrees C
Critical Warning (332012): Synopsys Design Constraints File file not found: 'MIC1.sdc'. A Synopsys Design Constraints File is required by the TimeQuest Timing Analyzer to get proper timing constraints. Without it, the Compiler will not properly optimize the design.
Info (332142): No user constrained base clocks found in the design. Calling "derive_clocks -period 1.0"
Info (332096): The command derive_clocks did not find any clocks to derive.  No clocks were created or changed.
Warning (332068): No clocks defined in design.
Info: Found TIMEQUEST_REPORT_SCRIPT_INCLUDE_DEFAULT_ANALYSIS = ON
Info (332159): No clocks to report
Info: Analyzing Slow Model
Info (332140): No fmax paths to report
Info (332140): No Setup paths to report
Info (332140): No Hold paths to report
Info (332140): No Recovery paths to report
Info (332140): No Removal paths to report
Info (332140): No Minimum Pulse Width paths to report
Info (332001): The selected device family is not supported by the report_metastability command.
Info: Analyzing Fast Model
Info (332142): No user constrained base clocks found in the design. Calling "derive_clocks -period 1.0"
Info (332096): The command derive_clocks did not find any clocks to derive.  No clocks were created or changed.
Warning (332068): No clocks defined in design.
Info (332140): No Setup paths to report
Info (332140): No Hold paths to report
Info (332140): No Recovery paths to report
Info (332140): No Removal paths to report
Info (332140): No Minimum Pulse Width paths to report
Info (332001): The selected device family is not supported by the report_metastability command.
Info (332102): Design is not fully constrained for setup requirements
Info (332102): Design is not fully constrained for hold requirements
Info: Quartus II 64-Bit TimeQuest Timing Analyzer was successful. 0 errors, 4 warnings
    Info: Peak virtual memory: 4546 megabytes
    Info: Processing ended: Mon Aug 19 09:33:26 2024
    Info: Elapsed time: 00:00:01
    Info: Total CPU time (on all processors): 00:00:01


