TimeQuest Timing Analyzer report for MIC1
Sun Jul 21 20:49:38 2024
Quartus II 64-Bit Version 13.0.1 Build 232 06/12/2013 Service Pack 1 SJ Web Edition


---------------------
; Table of Contents ;
---------------------
  1. Legal Notice
  2. TimeQuest Timing Analyzer Summary
  3. Parallel Compilation
  4. Clocks
  5. Slow Model Fmax Summary
  6. Slow Model Setup Summary
  7. Slow Model Hold Summary
  8. Slow Model Recovery Summary
  9. Slow Model Removal Summary
 10. Slow Model Minimum Pulse Width Summary
 11. Propagation Delay
 12. Minimum Propagation Delay
 13. Fast Model Setup Summary
 14. Fast Model Hold Summary
 15. Fast Model Recovery Summary
 16. Fast Model Removal Summary
 17. Fast Model Minimum Pulse Width Summary
 18. Propagation Delay
 19. Minimum Propagation Delay
 20. Multicorner Timing Analysis Summary
 21. Progagation Delay
 22. Minimum Progagation Delay
 23. Clock Transfers
 24. Report TCCS
 25. Report RSKM
 26. Unconstrained Paths
 27. TimeQuest Timing Analyzer Messages



----------------
; Legal Notice ;
----------------
Copyright (C) 1991-2013 Altera Corporation
Your use of Altera Corporation's design tools, logic functions 
and other software and tools, and its AMPP partner logic 
functions, and any output files from any of the foregoing 
(including device programming or simulation files), and any 
associated documentation or information are expressly subject 
to the terms and conditions of the Altera Program License 
Subscription Agreement, Altera MegaCore Function License 
Agreement, or other applicable license agreement, including, 
without limitation, that your use is for the sole purpose of 
programming logic devices manufactured by Altera and sold by 
Altera or its authorized distributors.  Please refer to the 
applicable agreement for further details.



+----------------------------------------------------------------------------------------+
; TimeQuest Timing Analyzer Summary                                                      ;
+--------------------+-------------------------------------------------------------------+
; Quartus II Version ; Version 13.0.1 Build 232 06/12/2013 Service Pack 1 SJ Web Edition ;
; Revision Name      ; MIC1                                                              ;
; Device Family      ; Cyclone II                                                        ;
; Device Name        ; EP2C70F896I8                                                      ;
; Timing Models      ; Final                                                             ;
; Delay Model        ; Combined                                                          ;
; Rise/Fall Delays   ; Unavailable                                                       ;
+--------------------+-------------------------------------------------------------------+


Parallel compilation was disabled, but you have multiple processors available. Enable parallel compilation to reduce compilation time.
+-------------------------------------+
; Parallel Compilation                ;
+----------------------------+--------+
; Processors                 ; Number ;
+----------------------------+--------+
; Number detected on machine ; 16     ;
; Maximum allowed            ; 1      ;
+----------------------------+--------+


----------
; Clocks ;
----------
No clocks to report.


---------------------------
; Slow Model Fmax Summary ;
---------------------------
No paths to report.


----------------------------
; Slow Model Setup Summary ;
----------------------------
No paths to report.


---------------------------
; Slow Model Hold Summary ;
---------------------------
No paths to report.


-------------------------------
; Slow Model Recovery Summary ;
-------------------------------
No paths to report.


------------------------------
; Slow Model Removal Summary ;
------------------------------
No paths to report.


------------------------------------------
; Slow Model Minimum Pulse Width Summary ;
------------------------------------------
No paths to report.


+--------------------------------------------------------------+
; Propagation Delay                                            ;
+------------+-------------+--------+--------+--------+--------+
; Input Port ; Output Port ; RR     ; RF     ; FR     ; FF     ;
+------------+-------------+--------+--------+--------+--------+
; INPUT[0]   ; OUTPUT[0]   ; 7.919  ;        ;        ; 7.919  ;
; INPUT[0]   ; OUTPUT[8]   ; 9.887  ;        ;        ; 9.887  ;
; INPUT[0]   ; Z           ;        ; 15.542 ; 15.542 ;        ;
; INPUT[1]   ; OUTPUT[0]   ; 7.944  ;        ;        ; 7.944  ;
; INPUT[1]   ; OUTPUT[1]   ; 7.572  ;        ;        ; 7.572  ;
; INPUT[1]   ; OUTPUT[9]   ; 9.660  ;        ;        ; 9.660  ;
; INPUT[1]   ; Z           ;        ; 15.430 ; 15.430 ;        ;
; INPUT[2]   ; OUTPUT[1]   ; 12.415 ;        ;        ; 12.415 ;
; INPUT[2]   ; OUTPUT[2]   ; 12.697 ;        ;        ; 12.697 ;
; INPUT[2]   ; OUTPUT[10]  ; 14.166 ;        ;        ; 14.166 ;
; INPUT[2]   ; Z           ;        ; 22.569 ; 22.569 ;        ;
; INPUT[3]   ; OUTPUT[2]   ; 11.778 ;        ;        ; 11.778 ;
; INPUT[3]   ; OUTPUT[3]   ; 12.134 ;        ;        ; 12.134 ;
; INPUT[3]   ; OUTPUT[11]  ; 12.012 ;        ;        ; 12.012 ;
; INPUT[3]   ; Z           ;        ; 21.650 ; 21.650 ;        ;
; INPUT[4]   ; OUTPUT[3]   ; 12.012 ;        ;        ; 12.012 ;
; INPUT[4]   ; OUTPUT[4]   ; 11.831 ;        ;        ; 11.831 ;
; INPUT[4]   ; OUTPUT[12]  ; 12.584 ;        ;        ; 12.584 ;
; INPUT[4]   ; Z           ;        ; 21.384 ; 21.384 ;        ;
; INPUT[5]   ; OUTPUT[4]   ; 11.325 ;        ;        ; 11.325 ;
; INPUT[5]   ; OUTPUT[5]   ; 12.111 ;        ;        ; 12.111 ;
; INPUT[5]   ; OUTPUT[13]  ; 12.340 ;        ;        ; 12.340 ;
; INPUT[5]   ; Z           ;        ; 21.579 ; 21.579 ;        ;
; INPUT[6]   ; OUTPUT[5]   ; 12.233 ;        ;        ; 12.233 ;
; INPUT[6]   ; OUTPUT[6]   ; 12.869 ;        ;        ; 12.869 ;
; INPUT[6]   ; OUTPUT[14]  ; 14.610 ;        ;        ; 14.610 ;
; INPUT[6]   ; Z           ;        ; 23.727 ; 23.727 ;        ;
; INPUT[7]   ; OUTPUT[6]   ; 12.428 ;        ;        ; 12.428 ;
; INPUT[7]   ; OUTPUT[7]   ; 13.680 ;        ;        ; 13.680 ;
; INPUT[7]   ; OUTPUT[15]  ; 14.052 ;        ;        ; 14.052 ;
; INPUT[7]   ; Z           ;        ; 23.533 ; 23.533 ;        ;
; INPUT[8]   ; OUTPUT[7]   ; 12.597 ;        ;        ; 12.597 ;
; INPUT[8]   ; OUTPUT[8]   ; 12.749 ;        ;        ; 12.749 ;
; INPUT[8]   ; OUTPUT[16]  ; 13.161 ;        ;        ; 13.161 ;
; INPUT[8]   ; Z           ;        ; 22.716 ; 22.716 ;        ;
; INPUT[9]   ; OUTPUT[8]   ; 13.746 ;        ;        ; 13.746 ;
; INPUT[9]   ; OUTPUT[9]   ; 12.504 ;        ;        ; 12.504 ;
; INPUT[9]   ; OUTPUT[17]  ; 12.673 ;        ;        ; 12.673 ;
; INPUT[9]   ; Z           ;        ; 22.747 ; 22.747 ;        ;
; INPUT[10]  ; OUTPUT[9]   ; 14.522 ;        ;        ; 14.522 ;
; INPUT[10]  ; OUTPUT[10]  ; 12.039 ;        ;        ; 12.039 ;
; INPUT[10]  ; OUTPUT[18]  ; 13.645 ;        ;        ; 13.645 ;
; INPUT[10]  ; Z           ;        ; 21.688 ; 21.688 ;        ;
; INPUT[11]  ; OUTPUT[10]  ; 13.230 ;        ;        ; 13.230 ;
; INPUT[11]  ; OUTPUT[11]  ; 11.348 ;        ;        ; 11.348 ;
; INPUT[11]  ; OUTPUT[19]  ; 13.687 ;        ;        ; 13.687 ;
; INPUT[11]  ; Z           ;        ; 21.608 ; 21.608 ;        ;
; INPUT[12]  ; OUTPUT[11]  ; 12.418 ;        ;        ; 12.418 ;
; INPUT[12]  ; OUTPUT[12]  ; 12.076 ;        ;        ; 12.076 ;
; INPUT[12]  ; OUTPUT[20]  ; 12.598 ;        ;        ; 12.598 ;
; INPUT[12]  ; Z           ;        ; 21.683 ; 21.683 ;        ;
; INPUT[13]  ; OUTPUT[12]  ; 13.130 ;        ;        ; 13.130 ;
; INPUT[13]  ; OUTPUT[13]  ; 11.750 ;        ;        ; 11.750 ;
; INPUT[13]  ; OUTPUT[21]  ; 13.991 ;        ;        ; 13.991 ;
; INPUT[13]  ; Z           ;        ; 23.036 ; 23.036 ;        ;
; INPUT[14]  ; OUTPUT[13]  ; 12.885 ;        ;        ; 12.885 ;
; INPUT[14]  ; OUTPUT[14]  ; 13.405 ;        ;        ; 13.405 ;
; INPUT[14]  ; OUTPUT[22]  ; 13.377 ;        ;        ; 13.377 ;
; INPUT[14]  ; Z           ;        ; 22.522 ; 22.522 ;        ;
; INPUT[15]  ; OUTPUT[14]  ; 13.718 ;        ;        ; 13.718 ;
; INPUT[15]  ; OUTPUT[15]  ; 12.727 ;        ;        ; 12.727 ;
; INPUT[15]  ; OUTPUT[23]  ; 13.536 ;        ;        ; 13.536 ;
; INPUT[15]  ; Z           ;        ; 22.971 ; 22.971 ;        ;
; INPUT[16]  ; OUTPUT[15]  ; 13.363 ;        ;        ; 13.363 ;
; INPUT[16]  ; OUTPUT[16]  ; 12.564 ;        ;        ; 12.564 ;
; INPUT[16]  ; OUTPUT[24]  ; 13.202 ;        ;        ; 13.202 ;
; INPUT[16]  ; Z           ;        ; 23.076 ; 23.076 ;        ;
; INPUT[17]  ; OUTPUT[16]  ; 13.120 ;        ;        ; 13.120 ;
; INPUT[17]  ; OUTPUT[17]  ; 11.750 ;        ;        ; 11.750 ;
; INPUT[17]  ; OUTPUT[25]  ; 13.127 ;        ;        ; 13.127 ;
; INPUT[17]  ; Z           ;        ; 22.957 ; 22.957 ;        ;
; INPUT[18]  ; OUTPUT[17]  ; 13.382 ;        ;        ; 13.382 ;
; INPUT[18]  ; OUTPUT[18]  ; 12.367 ;        ;        ; 12.367 ;
; INPUT[18]  ; OUTPUT[26]  ; 12.411 ;        ;        ; 12.411 ;
; INPUT[18]  ; Z           ;        ; 23.456 ; 23.456 ;        ;
; INPUT[19]  ; OUTPUT[18]  ; 13.041 ;        ;        ; 13.041 ;
; INPUT[19]  ; OUTPUT[19]  ; 11.923 ;        ;        ; 11.923 ;
; INPUT[19]  ; OUTPUT[27]  ; 12.458 ;        ;        ; 12.458 ;
; INPUT[19]  ; Z           ;        ; 21.425 ; 21.425 ;        ;
; INPUT[20]  ; OUTPUT[19]  ; 13.193 ;        ;        ; 13.193 ;
; INPUT[20]  ; OUTPUT[20]  ; 11.712 ;        ;        ; 11.712 ;
; INPUT[20]  ; OUTPUT[28]  ; 12.738 ;        ;        ; 12.738 ;
; INPUT[20]  ; Z           ;        ; 21.283 ; 21.283 ;        ;
; INPUT[21]  ; OUTPUT[20]  ; 12.333 ;        ;        ; 12.333 ;
; INPUT[21]  ; OUTPUT[21]  ; 12.945 ;        ;        ; 12.945 ;
; INPUT[21]  ; OUTPUT[29]  ; 13.814 ;        ;        ; 13.814 ;
; INPUT[21]  ; Z           ;        ; 22.707 ; 22.707 ;        ;
; INPUT[22]  ; OUTPUT[21]  ; 13.147 ;        ;        ; 13.147 ;
; INPUT[22]  ; OUTPUT[22]  ; 11.757 ;        ;        ; 11.757 ;
; INPUT[22]  ; OUTPUT[30]  ; 11.432 ;        ;        ; 11.432 ;
; INPUT[22]  ; Z           ;        ; 22.192 ; 22.192 ;        ;
; INPUT[23]  ; N           ; 13.110 ;        ;        ; 13.110 ;
; INPUT[23]  ; OUTPUT[22]  ; 12.650 ;        ;        ; 12.650 ;
; INPUT[23]  ; OUTPUT[23]  ; 11.299 ;        ;        ; 11.299 ;
; INPUT[23]  ; OUTPUT[31]  ; 13.110 ;        ;        ; 13.110 ;
; INPUT[23]  ; Z           ;        ; 21.533 ; 21.533 ;        ;
; INPUT[24]  ; OUTPUT[23]  ; 14.165 ;        ;        ; 14.165 ;
; INPUT[24]  ; OUTPUT[24]  ; 12.843 ;        ;        ; 12.843 ;
; INPUT[24]  ; Z           ;        ; 23.600 ; 23.600 ;        ;
; INPUT[25]  ; OUTPUT[24]  ; 13.101 ;        ;        ; 13.101 ;
; INPUT[25]  ; OUTPUT[25]  ; 12.409 ;        ;        ; 12.409 ;
; INPUT[25]  ; Z           ;        ; 22.975 ; 22.975 ;        ;
; INPUT[26]  ; OUTPUT[25]  ; 14.262 ;        ;        ; 14.262 ;
; INPUT[26]  ; OUTPUT[26]  ; 11.731 ;        ;        ; 11.731 ;
; INPUT[26]  ; Z           ;        ; 24.092 ; 24.092 ;        ;
; INPUT[27]  ; OUTPUT[26]  ; 12.452 ;        ;        ; 12.452 ;
; INPUT[27]  ; OUTPUT[27]  ; 11.463 ;        ;        ; 11.463 ;
; INPUT[27]  ; Z           ;        ; 21.227 ; 21.227 ;        ;
; INPUT[28]  ; OUTPUT[27]  ; 11.822 ;        ;        ; 11.822 ;
; INPUT[28]  ; OUTPUT[28]  ; 11.484 ;        ;        ; 11.484 ;
; INPUT[28]  ; Z           ;        ; 20.789 ; 20.789 ;        ;
; INPUT[29]  ; OUTPUT[28]  ; 11.956 ;        ;        ; 11.956 ;
; INPUT[29]  ; OUTPUT[29]  ; 11.375 ;        ;        ; 11.375 ;
; INPUT[29]  ; Z           ;        ; 20.501 ; 20.501 ;        ;
; INPUT[30]  ; OUTPUT[29]  ; 13.081 ;        ;        ; 13.081 ;
; INPUT[30]  ; OUTPUT[30]  ; 12.778 ;        ;        ; 12.778 ;
; INPUT[30]  ; Z           ;        ; 21.974 ; 21.974 ;        ;
; INPUT[31]  ; N           ; 13.203 ;        ;        ; 13.203 ;
; INPUT[31]  ; OUTPUT[30]  ; 12.120 ;        ;        ; 12.120 ;
; INPUT[31]  ; OUTPUT[31]  ; 13.203 ;        ;        ; 13.203 ;
; INPUT[31]  ; Z           ;        ; 21.137 ; 21.137 ;        ;
; MIR[22]    ; N           ; 14.243 ; 14.243 ; 14.243 ; 14.243 ;
; MIR[22]    ; OUTPUT[0]   ; 12.457 ; 12.457 ; 12.457 ; 12.457 ;
; MIR[22]    ; OUTPUT[1]   ; 12.089 ; 12.089 ; 12.089 ; 12.089 ;
; MIR[22]    ; OUTPUT[2]   ; 11.835 ; 11.835 ; 11.835 ; 11.835 ;
; MIR[22]    ; OUTPUT[3]   ; 12.224 ; 12.224 ; 12.224 ; 12.224 ;
; MIR[22]    ; OUTPUT[4]   ; 11.565 ; 11.565 ; 11.565 ; 11.565 ;
; MIR[22]    ; OUTPUT[5]   ; 11.881 ; 11.881 ; 11.881 ; 11.881 ;
; MIR[22]    ; OUTPUT[6]   ; 13.029 ; 13.029 ; 13.029 ; 13.029 ;
; MIR[22]    ; OUTPUT[7]   ; 13.366 ; 13.366 ; 13.366 ; 13.366 ;
; MIR[22]    ; OUTPUT[8]   ; 14.433 ; 14.433 ; 14.433 ; 14.433 ;
; MIR[22]    ; OUTPUT[9]   ; 14.179 ; 14.179 ; 14.179 ; 14.179 ;
; MIR[22]    ; OUTPUT[10]  ; 13.284 ; 13.284 ; 13.284 ; 13.284 ;
; MIR[22]    ; OUTPUT[11]  ; 12.527 ; 12.527 ; 12.527 ; 12.527 ;
; MIR[22]    ; OUTPUT[12]  ; 12.751 ; 12.751 ; 12.751 ; 12.751 ;
; MIR[22]    ; OUTPUT[13]  ; 12.537 ; 12.537 ; 12.537 ; 12.537 ;
; MIR[22]    ; OUTPUT[14]  ; 14.036 ; 14.036 ; 14.036 ; 14.036 ;
; MIR[22]    ; OUTPUT[15]  ; 13.749 ; 13.749 ; 13.749 ; 13.749 ;
; MIR[22]    ; OUTPUT[16]  ; 13.939 ; 13.939 ; 13.939 ; 13.939 ;
; MIR[22]    ; OUTPUT[17]  ; 13.360 ; 13.360 ; 13.360 ; 13.360 ;
; MIR[22]    ; OUTPUT[18]  ; 13.366 ; 13.366 ; 13.366 ; 13.366 ;
; MIR[22]    ; OUTPUT[19]  ; 13.587 ; 13.587 ; 13.587 ; 13.587 ;
; MIR[22]    ; OUTPUT[20]  ; 12.687 ; 12.687 ; 12.687 ; 12.687 ;
; MIR[22]    ; OUTPUT[21]  ; 14.188 ; 14.188 ; 14.188 ; 14.188 ;
; MIR[22]    ; OUTPUT[22]  ; 14.219 ; 14.219 ; 14.219 ; 14.219 ;
; MIR[22]    ; OUTPUT[23]  ; 13.855 ; 13.855 ; 13.855 ; 13.855 ;
; MIR[22]    ; OUTPUT[24]  ; 13.591 ; 13.591 ; 13.591 ; 13.591 ;
; MIR[22]    ; OUTPUT[25]  ; 13.948 ; 13.948 ; 13.948 ; 13.948 ;
; MIR[22]    ; OUTPUT[26]  ; 13.082 ; 13.082 ; 13.082 ; 13.082 ;
; MIR[22]    ; OUTPUT[27]  ; 12.781 ; 12.781 ; 12.781 ; 12.781 ;
; MIR[22]    ; OUTPUT[28]  ; 13.616 ; 13.616 ; 13.616 ; 13.616 ;
; MIR[22]    ; OUTPUT[29]  ; 14.066 ; 14.066 ; 14.066 ; 14.066 ;
; MIR[22]    ; OUTPUT[30]  ; 13.452 ; 13.452 ; 13.452 ; 13.452 ;
; MIR[22]    ; OUTPUT[31]  ; 14.243 ; 14.243 ; 14.243 ; 14.243 ;
; MIR[22]    ; Z           ; 23.778 ; 23.778 ; 23.778 ; 23.778 ;
; MIR[23]    ; N           ; 14.442 ; 14.442 ; 14.442 ; 14.442 ;
; MIR[23]    ; OUTPUT[0]   ; 12.670 ; 12.670 ; 12.670 ; 12.670 ;
; MIR[23]    ; OUTPUT[1]   ; 12.302 ; 12.302 ; 12.302 ; 12.302 ;
; MIR[23]    ; OUTPUT[2]   ; 11.884 ; 11.884 ; 11.884 ; 11.884 ;
; MIR[23]    ; OUTPUT[3]   ; 12.242 ; 12.242 ; 12.242 ; 12.242 ;
; MIR[23]    ; OUTPUT[4]   ; 11.584 ; 11.584 ; 11.584 ; 11.584 ;
; MIR[23]    ; OUTPUT[5]   ; 11.895 ; 11.895 ; 11.895 ; 11.895 ;
; MIR[23]    ; OUTPUT[6]   ; 13.021 ; 13.021 ; 13.021 ; 13.021 ;
; MIR[23]    ; OUTPUT[7]   ; 13.583 ; 13.583 ; 13.583 ; 13.583 ;
; MIR[23]    ; OUTPUT[8]   ; 14.648 ; 14.648 ; 14.648 ; 14.648 ;
; MIR[23]    ; OUTPUT[9]   ; 14.396 ; 14.396 ; 14.396 ; 14.396 ;
; MIR[23]    ; OUTPUT[10]  ; 13.357 ; 13.357 ; 13.357 ; 13.357 ;
; MIR[23]    ; OUTPUT[11]  ; 12.596 ; 12.596 ; 12.596 ; 12.596 ;
; MIR[23]    ; OUTPUT[12]  ; 12.814 ; 12.814 ; 12.814 ; 12.814 ;
; MIR[23]    ; OUTPUT[13]  ; 12.600 ; 12.600 ; 12.600 ; 12.600 ;
; MIR[23]    ; OUTPUT[14]  ; 14.249 ; 14.249 ; 14.249 ; 14.249 ;
; MIR[23]    ; OUTPUT[15]  ; 13.967 ; 13.967 ; 13.967 ; 13.967 ;
; MIR[23]    ; OUTPUT[16]  ; 14.156 ; 14.156 ; 14.156 ; 14.156 ;
; MIR[23]    ; OUTPUT[17]  ; 13.576 ; 13.576 ; 13.576 ; 13.576 ;
; MIR[23]    ; OUTPUT[18]  ; 13.184 ; 13.184 ; 13.184 ; 13.184 ;
; MIR[23]    ; OUTPUT[19]  ; 13.408 ; 13.408 ; 13.408 ; 13.408 ;
; MIR[23]    ; OUTPUT[20]  ; 12.502 ; 12.502 ; 12.502 ; 12.502 ;
; MIR[23]    ; OUTPUT[21]  ; 14.639 ; 14.639 ; 14.639 ; 14.639 ;
; MIR[23]    ; OUTPUT[22]  ; 13.989 ; 13.989 ; 13.989 ; 13.989 ;
; MIR[23]    ; OUTPUT[23]  ; 14.061 ; 14.061 ; 14.061 ; 14.061 ;
; MIR[23]    ; OUTPUT[24]  ; 13.809 ; 13.809 ; 13.809 ; 13.809 ;
; MIR[23]    ; OUTPUT[25]  ; 14.165 ; 14.165 ; 14.165 ; 14.165 ;
; MIR[23]    ; OUTPUT[26]  ; 13.153 ; 13.153 ; 13.153 ; 13.153 ;
; MIR[23]    ; OUTPUT[27]  ; 12.854 ; 12.854 ; 12.854 ; 12.854 ;
; MIR[23]    ; OUTPUT[28]  ; 12.959 ; 12.959 ; 12.959 ; 12.959 ;
; MIR[23]    ; OUTPUT[29]  ; 14.519 ; 14.519 ; 14.519 ; 14.519 ;
; MIR[23]    ; OUTPUT[30]  ; 13.901 ; 13.901 ; 13.901 ; 13.901 ;
; MIR[23]    ; OUTPUT[31]  ; 14.442 ; 14.442 ; 14.442 ; 14.442 ;
; MIR[23]    ; Z           ; 23.995 ; 23.995 ; 23.995 ; 23.995 ;
+------------+-------------+--------+--------+--------+--------+


+--------------------------------------------------------------+
; Minimum Propagation Delay                                    ;
+------------+-------------+--------+--------+--------+--------+
; Input Port ; Output Port ; RR     ; RF     ; FR     ; FF     ;
+------------+-------------+--------+--------+--------+--------+
; INPUT[0]   ; OUTPUT[0]   ; 7.919  ;        ;        ; 7.919  ;
; INPUT[0]   ; OUTPUT[8]   ; 9.887  ;        ;        ; 9.887  ;
; INPUT[0]   ; Z           ;        ; 14.208 ; 14.208 ;        ;
; INPUT[1]   ; OUTPUT[0]   ; 7.944  ;        ;        ; 7.944  ;
; INPUT[1]   ; OUTPUT[1]   ; 7.572  ;        ;        ; 7.572  ;
; INPUT[1]   ; OUTPUT[9]   ; 9.660  ;        ;        ; 9.660  ;
; INPUT[1]   ; Z           ;        ; 14.233 ; 14.233 ;        ;
; INPUT[2]   ; OUTPUT[1]   ; 12.415 ;        ;        ; 12.415 ;
; INPUT[2]   ; OUTPUT[2]   ; 12.697 ;        ;        ; 12.697 ;
; INPUT[2]   ; OUTPUT[10]  ; 14.166 ;        ;        ; 14.166 ;
; INPUT[2]   ; Z           ;        ; 19.217 ; 19.217 ;        ;
; INPUT[3]   ; OUTPUT[2]   ; 11.778 ;        ;        ; 11.778 ;
; INPUT[3]   ; OUTPUT[3]   ; 12.134 ;        ;        ; 12.134 ;
; INPUT[3]   ; OUTPUT[11]  ; 12.012 ;        ;        ; 12.012 ;
; INPUT[3]   ; Z           ;        ; 21.277 ; 21.277 ;        ;
; INPUT[4]   ; OUTPUT[3]   ; 12.012 ;        ;        ; 12.012 ;
; INPUT[4]   ; OUTPUT[4]   ; 11.831 ;        ;        ; 11.831 ;
; INPUT[4]   ; OUTPUT[12]  ; 12.584 ;        ;        ; 12.584 ;
; INPUT[4]   ; Z           ;        ; 20.816 ; 20.816 ;        ;
; INPUT[5]   ; OUTPUT[4]   ; 11.325 ;        ;        ; 11.325 ;
; INPUT[5]   ; OUTPUT[5]   ; 12.111 ;        ;        ; 12.111 ;
; INPUT[5]   ; OUTPUT[13]  ; 12.340 ;        ;        ; 12.340 ;
; INPUT[5]   ; Z           ;        ; 20.798 ; 20.798 ;        ;
; INPUT[6]   ; OUTPUT[5]   ; 12.233 ;        ;        ; 12.233 ;
; INPUT[6]   ; OUTPUT[6]   ; 12.869 ;        ;        ; 12.869 ;
; INPUT[6]   ; OUTPUT[14]  ; 14.610 ;        ;        ; 14.610 ;
; INPUT[6]   ; Z           ;        ; 20.845 ; 20.845 ;        ;
; INPUT[7]   ; OUTPUT[6]   ; 12.428 ;        ;        ; 12.428 ;
; INPUT[7]   ; OUTPUT[7]   ; 13.680 ;        ;        ; 13.680 ;
; INPUT[7]   ; OUTPUT[15]  ; 14.052 ;        ;        ; 14.052 ;
; INPUT[7]   ; Z           ;        ; 20.404 ; 20.404 ;        ;
; INPUT[8]   ; OUTPUT[7]   ; 12.597 ;        ;        ; 12.597 ;
; INPUT[8]   ; OUTPUT[8]   ; 12.749 ;        ;        ; 12.749 ;
; INPUT[8]   ; OUTPUT[16]  ; 13.161 ;        ;        ; 13.161 ;
; INPUT[8]   ; Z           ;        ; 18.404 ; 18.404 ;        ;
; INPUT[9]   ; OUTPUT[8]   ; 13.746 ;        ;        ; 13.746 ;
; INPUT[9]   ; OUTPUT[9]   ; 12.504 ;        ;        ; 12.504 ;
; INPUT[9]   ; OUTPUT[17]  ; 12.673 ;        ;        ; 12.673 ;
; INPUT[9]   ; Z           ;        ; 18.274 ; 18.274 ;        ;
; INPUT[10]  ; OUTPUT[9]   ; 14.522 ;        ;        ; 14.522 ;
; INPUT[10]  ; OUTPUT[10]  ; 12.039 ;        ;        ; 12.039 ;
; INPUT[10]  ; OUTPUT[18]  ; 13.645 ;        ;        ; 13.645 ;
; INPUT[10]  ; Z           ;        ; 20.292 ; 20.292 ;        ;
; INPUT[11]  ; OUTPUT[10]  ; 13.230 ;        ;        ; 13.230 ;
; INPUT[11]  ; OUTPUT[11]  ; 11.348 ;        ;        ; 11.348 ;
; INPUT[11]  ; OUTPUT[19]  ; 13.687 ;        ;        ; 13.687 ;
; INPUT[11]  ; Z           ;        ; 20.613 ; 20.613 ;        ;
; INPUT[12]  ; OUTPUT[11]  ; 12.418 ;        ;        ; 12.418 ;
; INPUT[12]  ; OUTPUT[12]  ; 12.076 ;        ;        ; 12.076 ;
; INPUT[12]  ; OUTPUT[20]  ; 12.598 ;        ;        ; 12.598 ;
; INPUT[12]  ; Z           ;        ; 20.308 ; 20.308 ;        ;
; INPUT[13]  ; OUTPUT[12]  ; 13.130 ;        ;        ; 13.130 ;
; INPUT[13]  ; OUTPUT[13]  ; 11.750 ;        ;        ; 11.750 ;
; INPUT[13]  ; OUTPUT[21]  ; 13.991 ;        ;        ; 13.991 ;
; INPUT[13]  ; Z           ;        ; 20.989 ; 20.989 ;        ;
; INPUT[14]  ; OUTPUT[13]  ; 12.885 ;        ;        ; 12.885 ;
; INPUT[14]  ; OUTPUT[14]  ; 13.405 ;        ;        ; 13.405 ;
; INPUT[14]  ; OUTPUT[22]  ; 13.377 ;        ;        ; 13.377 ;
; INPUT[14]  ; Z           ;        ; 22.124 ; 22.124 ;        ;
; INPUT[15]  ; OUTPUT[14]  ; 13.718 ;        ;        ; 13.718 ;
; INPUT[15]  ; OUTPUT[15]  ; 12.727 ;        ;        ; 12.727 ;
; INPUT[15]  ; OUTPUT[23]  ; 13.536 ;        ;        ; 13.536 ;
; INPUT[15]  ; Z           ;        ; 22.208 ; 22.208 ;        ;
; INPUT[16]  ; OUTPUT[15]  ; 13.363 ;        ;        ; 13.363 ;
; INPUT[16]  ; OUTPUT[16]  ; 12.564 ;        ;        ; 12.564 ;
; INPUT[16]  ; OUTPUT[24]  ; 13.202 ;        ;        ; 13.202 ;
; INPUT[16]  ; Z           ;        ; 22.119 ; 22.119 ;        ;
; INPUT[17]  ; OUTPUT[16]  ; 13.120 ;        ;        ; 13.120 ;
; INPUT[17]  ; OUTPUT[17]  ; 11.750 ;        ;        ; 11.750 ;
; INPUT[17]  ; OUTPUT[25]  ; 13.127 ;        ;        ; 13.127 ;
; INPUT[17]  ; Z           ;        ; 21.824 ; 21.824 ;        ;
; INPUT[18]  ; OUTPUT[17]  ; 13.382 ;        ;        ; 13.382 ;
; INPUT[18]  ; OUTPUT[18]  ; 12.367 ;        ;        ; 12.367 ;
; INPUT[18]  ; OUTPUT[26]  ; 12.411 ;        ;        ; 12.411 ;
; INPUT[18]  ; Z           ;        ; 20.410 ; 20.410 ;        ;
; INPUT[19]  ; OUTPUT[18]  ; 13.041 ;        ;        ; 13.041 ;
; INPUT[19]  ; OUTPUT[19]  ; 11.923 ;        ;        ; 11.923 ;
; INPUT[19]  ; OUTPUT[27]  ; 12.458 ;        ;        ; 12.458 ;
; INPUT[19]  ; Z           ;        ; 19.844 ; 19.844 ;        ;
; INPUT[20]  ; OUTPUT[19]  ; 13.193 ;        ;        ; 13.193 ;
; INPUT[20]  ; OUTPUT[20]  ; 11.712 ;        ;        ; 11.712 ;
; INPUT[20]  ; OUTPUT[28]  ; 12.738 ;        ;        ; 12.738 ;
; INPUT[20]  ; Z           ;        ; 20.564 ; 20.564 ;        ;
; INPUT[21]  ; OUTPUT[20]  ; 12.333 ;        ;        ; 12.333 ;
; INPUT[21]  ; OUTPUT[21]  ; 12.945 ;        ;        ; 12.945 ;
; INPUT[21]  ; OUTPUT[29]  ; 13.814 ;        ;        ; 13.814 ;
; INPUT[21]  ; Z           ;        ; 21.185 ; 21.185 ;        ;
; INPUT[22]  ; OUTPUT[21]  ; 13.147 ;        ;        ; 13.147 ;
; INPUT[22]  ; OUTPUT[22]  ; 11.757 ;        ;        ; 11.757 ;
; INPUT[22]  ; OUTPUT[30]  ; 11.432 ;        ;        ; 11.432 ;
; INPUT[22]  ; Z           ;        ; 20.449 ; 20.449 ;        ;
; INPUT[23]  ; N           ; 13.110 ;        ;        ; 13.110 ;
; INPUT[23]  ; OUTPUT[22]  ; 12.650 ;        ;        ; 12.650 ;
; INPUT[23]  ; OUTPUT[23]  ; 11.299 ;        ;        ; 11.299 ;
; INPUT[23]  ; OUTPUT[31]  ; 13.110 ;        ;        ; 13.110 ;
; INPUT[23]  ; Z           ;        ; 18.767 ; 18.767 ;        ;
; INPUT[24]  ; OUTPUT[23]  ; 14.165 ;        ;        ; 14.165 ;
; INPUT[24]  ; OUTPUT[24]  ; 12.843 ;        ;        ; 12.843 ;
; INPUT[24]  ; Z           ;        ; 22.717 ; 22.717 ;        ;
; INPUT[25]  ; OUTPUT[24]  ; 13.101 ;        ;        ; 13.101 ;
; INPUT[25]  ; OUTPUT[25]  ; 12.409 ;        ;        ; 12.409 ;
; INPUT[25]  ; Z           ;        ; 22.239 ; 22.239 ;        ;
; INPUT[26]  ; OUTPUT[25]  ; 14.262 ;        ;        ; 14.262 ;
; INPUT[26]  ; OUTPUT[26]  ; 11.731 ;        ;        ; 11.731 ;
; INPUT[26]  ; Z           ;        ; 20.506 ; 20.506 ;        ;
; INPUT[27]  ; OUTPUT[26]  ; 12.452 ;        ;        ; 12.452 ;
; INPUT[27]  ; OUTPUT[27]  ; 11.463 ;        ;        ; 11.463 ;
; INPUT[27]  ; Z           ;        ; 20.430 ; 20.430 ;        ;
; INPUT[28]  ; OUTPUT[27]  ; 11.822 ;        ;        ; 11.822 ;
; INPUT[28]  ; OUTPUT[28]  ; 11.484 ;        ;        ; 11.484 ;
; INPUT[28]  ; Z           ;        ; 20.029 ; 20.029 ;        ;
; INPUT[29]  ; OUTPUT[28]  ; 11.956 ;        ;        ; 11.956 ;
; INPUT[29]  ; OUTPUT[29]  ; 11.375 ;        ;        ; 11.375 ;
; INPUT[29]  ; Z           ;        ; 20.268 ; 20.268 ;        ;
; INPUT[30]  ; OUTPUT[29]  ; 13.081 ;        ;        ; 13.081 ;
; INPUT[30]  ; OUTPUT[30]  ; 12.778 ;        ;        ; 12.778 ;
; INPUT[30]  ; Z           ;        ; 21.795 ; 21.795 ;        ;
; INPUT[31]  ; N           ; 13.203 ;        ;        ; 13.203 ;
; INPUT[31]  ; OUTPUT[30]  ; 12.120 ;        ;        ; 12.120 ;
; INPUT[31]  ; OUTPUT[31]  ; 13.203 ;        ;        ; 13.203 ;
; INPUT[31]  ; Z           ;        ; 18.860 ; 18.860 ;        ;
; MIR[22]    ; N           ; 14.243 ; 14.243 ; 14.243 ; 14.243 ;
; MIR[22]    ; OUTPUT[0]   ; 12.457 ; 12.457 ; 12.457 ; 12.457 ;
; MIR[22]    ; OUTPUT[1]   ; 12.089 ; 12.089 ; 12.089 ; 12.089 ;
; MIR[22]    ; OUTPUT[2]   ; 11.835 ; 11.835 ; 11.835 ; 11.835 ;
; MIR[22]    ; OUTPUT[3]   ; 12.224 ; 12.224 ; 12.224 ; 12.224 ;
; MIR[22]    ; OUTPUT[4]   ; 11.565 ; 11.565 ; 11.565 ; 11.565 ;
; MIR[22]    ; OUTPUT[5]   ; 11.881 ; 11.881 ; 11.881 ; 11.881 ;
; MIR[22]    ; OUTPUT[6]   ; 13.029 ; 13.029 ; 13.029 ; 13.029 ;
; MIR[22]    ; OUTPUT[7]   ; 13.366 ; 13.366 ; 13.366 ; 13.366 ;
; MIR[22]    ; OUTPUT[8]   ; 13.442 ; 13.442 ; 13.442 ; 13.442 ;
; MIR[22]    ; OUTPUT[9]   ; 13.192 ; 13.192 ; 13.192 ; 13.192 ;
; MIR[22]    ; OUTPUT[10]  ; 12.296 ; 12.296 ; 12.296 ; 12.296 ;
; MIR[22]    ; OUTPUT[11]  ; 11.100 ; 11.100 ; 11.100 ; 11.100 ;
; MIR[22]    ; OUTPUT[12]  ; 12.231 ; 12.231 ; 12.231 ; 12.231 ;
; MIR[22]    ; OUTPUT[13]  ; 11.897 ; 11.897 ; 11.897 ; 11.897 ;
; MIR[22]    ; OUTPUT[14]  ; 13.047 ; 13.047 ; 13.047 ; 13.047 ;
; MIR[22]    ; OUTPUT[15]  ; 13.045 ; 13.045 ; 13.045 ; 13.045 ;
; MIR[22]    ; OUTPUT[16]  ; 12.946 ; 12.946 ; 12.946 ; 12.946 ;
; MIR[22]    ; OUTPUT[17]  ; 13.045 ; 13.045 ; 13.045 ; 13.045 ;
; MIR[22]    ; OUTPUT[18]  ; 13.275 ; 13.275 ; 13.275 ; 13.275 ;
; MIR[22]    ; OUTPUT[19]  ; 12.548 ; 12.548 ; 12.548 ; 12.548 ;
; MIR[22]    ; OUTPUT[20]  ; 12.579 ; 12.579 ; 12.579 ; 12.579 ;
; MIR[22]    ; OUTPUT[21]  ; 13.192 ; 13.192 ; 13.192 ; 13.192 ;
; MIR[22]    ; OUTPUT[22]  ; 12.799 ; 12.799 ; 12.799 ; 12.799 ;
; MIR[22]    ; OUTPUT[23]  ; 12.435 ; 12.435 ; 12.435 ; 12.435 ;
; MIR[22]    ; OUTPUT[24]  ; 12.544 ; 12.544 ; 12.544 ; 12.544 ;
; MIR[22]    ; OUTPUT[25]  ; 12.888 ; 12.888 ; 12.888 ; 12.888 ;
; MIR[22]    ; OUTPUT[26]  ; 12.087 ; 12.087 ; 12.087 ; 12.087 ;
; MIR[22]    ; OUTPUT[27]  ; 12.093 ; 12.093 ; 12.093 ; 12.093 ;
; MIR[22]    ; OUTPUT[28]  ; 12.146 ; 12.146 ; 12.146 ; 12.146 ;
; MIR[22]    ; OUTPUT[29]  ; 12.603 ; 12.603 ; 12.603 ; 12.603 ;
; MIR[22]    ; OUTPUT[30]  ; 12.470 ; 13.452 ; 13.452 ; 12.470 ;
; MIR[22]    ; OUTPUT[31]  ; 14.243 ; 14.243 ; 14.243 ; 14.243 ;
; MIR[22]    ; Z           ; 18.746 ; 18.746 ; 18.746 ; 18.746 ;
; MIR[23]    ; N           ; 14.442 ; 14.442 ; 14.442 ; 14.442 ;
; MIR[23]    ; OUTPUT[0]   ; 12.670 ; 12.670 ; 12.670 ; 12.670 ;
; MIR[23]    ; OUTPUT[1]   ; 12.302 ; 12.302 ; 12.302 ; 12.302 ;
; MIR[23]    ; OUTPUT[2]   ; 11.884 ; 11.884 ; 11.884 ; 11.884 ;
; MIR[23]    ; OUTPUT[3]   ; 12.242 ; 12.242 ; 12.242 ; 12.242 ;
; MIR[23]    ; OUTPUT[4]   ; 11.584 ; 11.584 ; 11.584 ; 11.584 ;
; MIR[23]    ; OUTPUT[5]   ; 11.895 ; 11.895 ; 11.895 ; 11.895 ;
; MIR[23]    ; OUTPUT[6]   ; 13.021 ; 13.021 ; 13.021 ; 13.021 ;
; MIR[23]    ; OUTPUT[7]   ; 13.583 ; 13.583 ; 13.583 ; 13.583 ;
; MIR[23]    ; OUTPUT[8]   ; 13.652 ; 13.652 ; 13.652 ; 13.652 ;
; MIR[23]    ; OUTPUT[9]   ; 13.408 ; 13.408 ; 13.408 ; 13.408 ;
; MIR[23]    ; OUTPUT[10]  ; 12.312 ; 12.312 ; 12.312 ; 12.312 ;
; MIR[23]    ; OUTPUT[11]  ; 11.555 ; 11.555 ; 11.555 ; 11.555 ;
; MIR[23]    ; OUTPUT[12]  ; 12.251 ; 12.251 ; 12.251 ; 12.251 ;
; MIR[23]    ; OUTPUT[13]  ; 12.215 ; 12.215 ; 12.215 ; 12.215 ;
; MIR[23]    ; OUTPUT[14]  ; 13.260 ; 13.260 ; 13.260 ; 13.260 ;
; MIR[23]    ; OUTPUT[15]  ; 13.513 ; 13.513 ; 13.513 ; 13.513 ;
; MIR[23]    ; OUTPUT[16]  ; 13.164 ; 13.164 ; 13.164 ; 13.164 ;
; MIR[23]    ; OUTPUT[17]  ; 12.782 ; 12.782 ; 12.782 ; 12.782 ;
; MIR[23]    ; OUTPUT[18]  ; 12.609 ; 12.609 ; 12.609 ; 12.609 ;
; MIR[23]    ; OUTPUT[19]  ; 12.620 ; 12.620 ; 12.620 ; 12.620 ;
; MIR[23]    ; OUTPUT[20]  ; 11.919 ; 11.919 ; 11.919 ; 11.919 ;
; MIR[23]    ; OUTPUT[21]  ; 13.388 ; 13.388 ; 13.388 ; 13.388 ;
; MIR[23]    ; OUTPUT[22]  ; 12.997 ; 12.997 ; 12.997 ; 12.997 ;
; MIR[23]    ; OUTPUT[23]  ; 12.634 ; 12.634 ; 12.634 ; 12.634 ;
; MIR[23]    ; OUTPUT[24]  ; 12.762 ; 12.762 ; 12.762 ; 12.762 ;
; MIR[23]    ; OUTPUT[25]  ; 13.094 ; 13.094 ; 13.094 ; 13.094 ;
; MIR[23]    ; OUTPUT[26]  ; 11.907 ; 11.907 ; 11.907 ; 11.907 ;
; MIR[23]    ; OUTPUT[27]  ; 12.160 ; 12.160 ; 12.160 ; 12.160 ;
; MIR[23]    ; OUTPUT[28]  ; 11.961 ; 11.961 ; 11.961 ; 11.961 ;
; MIR[23]    ; OUTPUT[29]  ; 11.937 ; 11.937 ; 11.937 ; 11.937 ;
; MIR[23]    ; OUTPUT[30]  ; 13.901 ; 12.669 ; 12.669 ; 13.901 ;
; MIR[23]    ; OUTPUT[31]  ; 14.442 ; 14.442 ; 14.442 ; 14.442 ;
; MIR[23]    ; Z           ; 18.959 ; 18.959 ; 18.959 ; 18.959 ;
+------------+-------------+--------+--------+--------+--------+


----------------------------
; Fast Model Setup Summary ;
----------------------------
No paths to report.


---------------------------
; Fast Model Hold Summary ;
---------------------------
No paths to report.


-------------------------------
; Fast Model Recovery Summary ;
-------------------------------
No paths to report.


------------------------------
; Fast Model Removal Summary ;
------------------------------
No paths to report.


------------------------------------------
; Fast Model Minimum Pulse Width Summary ;
------------------------------------------
No paths to report.


+----------------------------------------------------------+
; Propagation Delay                                        ;
+------------+-------------+-------+-------+-------+-------+
; Input Port ; Output Port ; RR    ; RF    ; FR    ; FF    ;
+------------+-------------+-------+-------+-------+-------+
; INPUT[0]   ; OUTPUT[0]   ; 3.035 ;       ;       ; 3.035 ;
; INPUT[0]   ; OUTPUT[8]   ; 3.617 ;       ;       ; 3.617 ;
; INPUT[0]   ; Z           ;       ; 5.473 ; 5.473 ;       ;
; INPUT[1]   ; OUTPUT[0]   ; 3.024 ;       ;       ; 3.024 ;
; INPUT[1]   ; OUTPUT[1]   ; 2.927 ;       ;       ; 2.927 ;
; INPUT[1]   ; OUTPUT[9]   ; 3.521 ;       ;       ; 3.521 ;
; INPUT[1]   ; Z           ;       ; 5.393 ; 5.393 ;       ;
; INPUT[2]   ; OUTPUT[1]   ; 5.431 ;       ;       ; 5.431 ;
; INPUT[2]   ; OUTPUT[2]   ; 5.446 ;       ;       ; 5.446 ;
; INPUT[2]   ; OUTPUT[10]  ; 5.888 ;       ;       ; 5.888 ;
; INPUT[2]   ; Z           ;       ; 8.549 ; 8.549 ;       ;
; INPUT[3]   ; OUTPUT[2]   ; 5.135 ;       ;       ; 5.135 ;
; INPUT[3]   ; OUTPUT[3]   ; 5.246 ;       ;       ; 5.246 ;
; INPUT[3]   ; OUTPUT[11]  ; 5.215 ;       ;       ; 5.215 ;
; INPUT[3]   ; Z           ;       ; 8.238 ; 8.238 ;       ;
; INPUT[4]   ; OUTPUT[3]   ; 5.228 ;       ;       ; 5.228 ;
; INPUT[4]   ; OUTPUT[4]   ; 5.192 ;       ;       ; 5.192 ;
; INPUT[4]   ; OUTPUT[12]  ; 5.390 ;       ;       ; 5.390 ;
; INPUT[4]   ; Z           ;       ; 8.162 ; 8.162 ;       ;
; INPUT[5]   ; OUTPUT[4]   ; 5.053 ;       ;       ; 5.053 ;
; INPUT[5]   ; OUTPUT[5]   ; 5.236 ;       ;       ; 5.236 ;
; INPUT[5]   ; OUTPUT[13]  ; 5.329 ;       ;       ; 5.329 ;
; INPUT[5]   ; Z           ;       ; 8.267 ; 8.267 ;       ;
; INPUT[6]   ; OUTPUT[5]   ; 5.308 ;       ;       ; 5.308 ;
; INPUT[6]   ; OUTPUT[6]   ; 5.518 ;       ;       ; 5.518 ;
; INPUT[6]   ; OUTPUT[14]  ; 6.043 ;       ;       ; 6.043 ;
; INPUT[6]   ; Z           ;       ; 8.839 ; 8.839 ;       ;
; INPUT[7]   ; OUTPUT[6]   ; 5.340 ;       ;       ; 5.340 ;
; INPUT[7]   ; OUTPUT[7]   ; 5.722 ;       ;       ; 5.722 ;
; INPUT[7]   ; OUTPUT[15]  ; 5.853 ;       ;       ; 5.853 ;
; INPUT[7]   ; Z           ;       ; 8.777 ; 8.777 ;       ;
; INPUT[8]   ; OUTPUT[7]   ; 5.384 ;       ;       ; 5.384 ;
; INPUT[8]   ; OUTPUT[8]   ; 5.437 ;       ;       ; 5.437 ;
; INPUT[8]   ; OUTPUT[16]  ; 5.536 ;       ;       ; 5.536 ;
; INPUT[8]   ; Z           ;       ; 8.499 ; 8.499 ;       ;
; INPUT[9]   ; OUTPUT[8]   ; 5.707 ;       ;       ; 5.707 ;
; INPUT[9]   ; OUTPUT[9]   ; 5.344 ;       ;       ; 5.344 ;
; INPUT[9]   ; OUTPUT[17]  ; 5.383 ;       ;       ; 5.383 ;
; INPUT[9]   ; Z           ;       ; 8.472 ; 8.472 ;       ;
; INPUT[10]  ; OUTPUT[9]   ; 5.981 ;       ;       ; 5.981 ;
; INPUT[10]  ; OUTPUT[10]  ; 5.234 ;       ;       ; 5.234 ;
; INPUT[10]  ; OUTPUT[18]  ; 5.681 ;       ;       ; 5.681 ;
; INPUT[10]  ; Z           ;       ; 8.289 ; 8.289 ;       ;
; INPUT[11]  ; OUTPUT[10]  ; 5.558 ;       ;       ; 5.558 ;
; INPUT[11]  ; OUTPUT[11]  ; 5.015 ;       ;       ; 5.015 ;
; INPUT[11]  ; OUTPUT[19]  ; 5.741 ;       ;       ; 5.741 ;
; INPUT[11]  ; Z           ;       ; 8.240 ; 8.240 ;       ;
; INPUT[12]  ; OUTPUT[11]  ; 5.274 ;       ;       ; 5.274 ;
; INPUT[12]  ; OUTPUT[12]  ; 5.193 ;       ;       ; 5.193 ;
; INPUT[12]  ; OUTPUT[20]  ; 5.347 ;       ;       ; 5.347 ;
; INPUT[12]  ; Z           ;       ; 8.225 ; 8.225 ;       ;
; INPUT[13]  ; OUTPUT[12]  ; 5.540 ;       ;       ; 5.540 ;
; INPUT[13]  ; OUTPUT[13]  ; 5.170 ;       ;       ; 5.170 ;
; INPUT[13]  ; OUTPUT[21]  ; 5.883 ;       ;       ; 5.883 ;
; INPUT[13]  ; Z           ;       ; 8.743 ; 8.743 ;       ;
; INPUT[14]  ; OUTPUT[13]  ; 5.473 ;       ;       ; 5.473 ;
; INPUT[14]  ; OUTPUT[14]  ; 5.720 ;       ;       ; 5.720 ;
; INPUT[14]  ; OUTPUT[22]  ; 5.660 ;       ;       ; 5.660 ;
; INPUT[14]  ; Z           ;       ; 8.516 ; 8.516 ;       ;
; INPUT[15]  ; OUTPUT[14]  ; 5.717 ;       ;       ; 5.717 ;
; INPUT[15]  ; OUTPUT[15]  ; 5.447 ;       ;       ; 5.447 ;
; INPUT[15]  ; OUTPUT[23]  ; 5.604 ;       ;       ; 5.604 ;
; INPUT[15]  ; Z           ;       ; 8.551 ; 8.551 ;       ;
; INPUT[16]  ; OUTPUT[15]  ; 5.639 ;       ;       ; 5.639 ;
; INPUT[16]  ; OUTPUT[16]  ; 5.383 ;       ;       ; 5.383 ;
; INPUT[16]  ; OUTPUT[24]  ; 5.540 ;       ;       ; 5.540 ;
; INPUT[16]  ; Z           ;       ; 8.603 ; 8.603 ;       ;
; INPUT[17]  ; OUTPUT[16]  ; 5.526 ;       ;       ; 5.526 ;
; INPUT[17]  ; OUTPUT[17]  ; 5.137 ;       ;       ; 5.137 ;
; INPUT[17]  ; OUTPUT[25]  ; 5.518 ;       ;       ; 5.518 ;
; INPUT[17]  ; Z           ;       ; 8.555 ; 8.555 ;       ;
; INPUT[18]  ; OUTPUT[17]  ; 5.642 ;       ;       ; 5.642 ;
; INPUT[18]  ; OUTPUT[18]  ; 5.312 ;       ;       ; 5.312 ;
; INPUT[18]  ; OUTPUT[26]  ; 5.329 ;       ;       ; 5.329 ;
; INPUT[18]  ; Z           ;       ; 8.731 ; 8.731 ;       ;
; INPUT[19]  ; OUTPUT[18]  ; 5.478 ;       ;       ; 5.478 ;
; INPUT[19]  ; OUTPUT[19]  ; 5.225 ;       ;       ; 5.225 ;
; INPUT[19]  ; OUTPUT[27]  ; 5.341 ;       ;       ; 5.341 ;
; INPUT[19]  ; Z           ;       ; 8.189 ; 8.189 ;       ;
; INPUT[20]  ; OUTPUT[19]  ; 5.571 ;       ;       ; 5.571 ;
; INPUT[20]  ; OUTPUT[20]  ; 5.141 ;       ;       ; 5.141 ;
; INPUT[20]  ; OUTPUT[28]  ; 5.440 ;       ;       ; 5.440 ;
; INPUT[20]  ; Z           ;       ; 8.107 ; 8.107 ;       ;
; INPUT[21]  ; OUTPUT[20]  ; 5.291 ;       ;       ; 5.291 ;
; INPUT[21]  ; OUTPUT[21]  ; 5.496 ;       ;       ; 5.496 ;
; INPUT[21]  ; OUTPUT[29]  ; 5.735 ;       ;       ; 5.735 ;
; INPUT[21]  ; Z           ;       ; 8.531 ; 8.531 ;       ;
; INPUT[22]  ; OUTPUT[21]  ; 5.538 ;       ;       ; 5.538 ;
; INPUT[22]  ; OUTPUT[22]  ; 5.127 ;       ;       ; 5.127 ;
; INPUT[22]  ; OUTPUT[30]  ; 5.056 ;       ;       ; 5.056 ;
; INPUT[22]  ; Z           ;       ; 8.398 ; 8.398 ;       ;
; INPUT[23]  ; N           ; 5.494 ;       ;       ; 5.494 ;
; INPUT[23]  ; OUTPUT[22]  ; 5.351 ;       ;       ; 5.351 ;
; INPUT[23]  ; OUTPUT[23]  ; 4.966 ;       ;       ; 4.966 ;
; INPUT[23]  ; OUTPUT[31]  ; 5.494 ;       ;       ; 5.494 ;
; INPUT[23]  ; Z           ;       ; 8.133 ; 8.133 ;       ;
; INPUT[24]  ; OUTPUT[23]  ; 5.798 ;       ;       ; 5.798 ;
; INPUT[24]  ; OUTPUT[24]  ; 5.466 ;       ;       ; 5.466 ;
; INPUT[24]  ; Z           ;       ; 8.745 ; 8.745 ;       ;
; INPUT[25]  ; OUTPUT[24]  ; 5.486 ;       ;       ; 5.486 ;
; INPUT[25]  ; OUTPUT[25]  ; 5.314 ;       ;       ; 5.314 ;
; INPUT[25]  ; Z           ;       ; 8.549 ; 8.549 ;       ;
; INPUT[26]  ; OUTPUT[25]  ; 5.841 ;       ;       ; 5.841 ;
; INPUT[26]  ; OUTPUT[26]  ; 5.103 ;       ;       ; 5.103 ;
; INPUT[26]  ; Z           ;       ; 8.878 ; 8.878 ;       ;
; INPUT[27]  ; OUTPUT[26]  ; 5.310 ;       ;       ; 5.310 ;
; INPUT[27]  ; OUTPUT[27]  ; 5.046 ;       ;       ; 5.046 ;
; INPUT[27]  ; Z           ;       ; 8.077 ; 8.077 ;       ;
; INPUT[28]  ; OUTPUT[27]  ; 5.162 ;       ;       ; 5.162 ;
; INPUT[28]  ; OUTPUT[28]  ; 5.080 ;       ;       ; 5.080 ;
; INPUT[28]  ; Z           ;       ; 8.010 ; 8.010 ;       ;
; INPUT[29]  ; OUTPUT[28]  ; 5.199 ;       ;       ; 5.199 ;
; INPUT[29]  ; OUTPUT[29]  ; 5.029 ;       ;       ; 5.029 ;
; INPUT[29]  ; Z           ;       ; 7.866 ; 7.866 ;       ;
; INPUT[30]  ; OUTPUT[29]  ; 5.520 ;       ;       ; 5.520 ;
; INPUT[30]  ; OUTPUT[30]  ; 5.437 ;       ;       ; 5.437 ;
; INPUT[30]  ; Z           ;       ; 8.316 ; 8.316 ;       ;
; INPUT[31]  ; N           ; 5.538 ;       ;       ; 5.538 ;
; INPUT[31]  ; OUTPUT[30]  ; 5.249 ;       ;       ; 5.249 ;
; INPUT[31]  ; OUTPUT[31]  ; 5.538 ;       ;       ; 5.538 ;
; INPUT[31]  ; Z           ;       ; 8.059 ; 8.059 ;       ;
; MIR[22]    ; N           ; 5.951 ; 5.951 ; 5.951 ; 5.951 ;
; MIR[22]    ; OUTPUT[0]   ; 5.441 ; 5.441 ; 5.441 ; 5.441 ;
; MIR[22]    ; OUTPUT[1]   ; 5.340 ; 5.340 ; 5.340 ; 5.340 ;
; MIR[22]    ; OUTPUT[2]   ; 5.202 ; 5.202 ; 5.202 ; 5.202 ;
; MIR[22]    ; OUTPUT[3]   ; 5.313 ; 5.313 ; 5.313 ; 5.313 ;
; MIR[22]    ; OUTPUT[4]   ; 5.153 ; 5.153 ; 5.153 ; 5.153 ;
; MIR[22]    ; OUTPUT[5]   ; 5.220 ; 5.220 ; 5.220 ; 5.220 ;
; MIR[22]    ; OUTPUT[6]   ; 5.610 ; 5.610 ; 5.610 ; 5.610 ;
; MIR[22]    ; OUTPUT[7]   ; 5.740 ; 5.740 ; 5.740 ; 5.740 ;
; MIR[22]    ; OUTPUT[8]   ; 6.030 ; 6.030 ; 6.030 ; 6.030 ;
; MIR[22]    ; OUTPUT[9]   ; 5.938 ; 5.938 ; 5.938 ; 5.938 ;
; MIR[22]    ; OUTPUT[10]  ; 5.643 ; 5.643 ; 5.643 ; 5.643 ;
; MIR[22]    ; OUTPUT[11]  ; 5.404 ; 5.404 ; 5.404 ; 5.404 ;
; MIR[22]    ; OUTPUT[12]  ; 5.483 ; 5.483 ; 5.483 ; 5.483 ;
; MIR[22]    ; OUTPUT[13]  ; 5.438 ; 5.438 ; 5.438 ; 5.438 ;
; MIR[22]    ; OUTPUT[14]  ; 5.937 ; 5.937 ; 5.937 ; 5.937 ;
; MIR[22]    ; OUTPUT[15]  ; 5.881 ; 5.881 ; 5.881 ; 5.881 ;
; MIR[22]    ; OUTPUT[16]  ; 5.892 ; 5.892 ; 5.892 ; 5.892 ;
; MIR[22]    ; OUTPUT[17]  ; 5.699 ; 5.699 ; 5.699 ; 5.699 ;
; MIR[22]    ; OUTPUT[18]  ; 5.670 ; 5.670 ; 5.670 ; 5.670 ;
; MIR[22]    ; OUTPUT[19]  ; 5.764 ; 5.764 ; 5.764 ; 5.764 ;
; MIR[22]    ; OUTPUT[20]  ; 5.505 ; 5.505 ; 5.505 ; 5.505 ;
; MIR[22]    ; OUTPUT[21]  ; 5.944 ; 5.944 ; 5.944 ; 5.944 ;
; MIR[22]    ; OUTPUT[22]  ; 5.929 ; 5.929 ; 5.929 ; 5.929 ;
; MIR[22]    ; OUTPUT[23]  ; 5.818 ; 5.818 ; 5.818 ; 5.818 ;
; MIR[22]    ; OUTPUT[24]  ; 5.776 ; 5.776 ; 5.776 ; 5.776 ;
; MIR[22]    ; OUTPUT[25]  ; 5.885 ; 5.885 ; 5.885 ; 5.885 ;
; MIR[22]    ; OUTPUT[26]  ; 5.586 ; 5.586 ; 5.586 ; 5.586 ;
; MIR[22]    ; OUTPUT[27]  ; 5.522 ; 5.522 ; 5.522 ; 5.522 ;
; MIR[22]    ; OUTPUT[28]  ; 5.767 ; 5.767 ; 5.767 ; 5.767 ;
; MIR[22]    ; OUTPUT[29]  ; 5.905 ; 5.905 ; 5.905 ; 5.905 ;
; MIR[22]    ; OUTPUT[30]  ; 5.728 ; 5.728 ; 5.728 ; 5.728 ;
; MIR[22]    ; OUTPUT[31]  ; 5.951 ; 5.951 ; 5.951 ; 5.951 ;
; MIR[22]    ; Z           ; 8.922 ; 8.922 ; 8.922 ; 8.922 ;
; MIR[23]    ; N           ; 5.990 ; 5.990 ; 5.990 ; 5.990 ;
; MIR[23]    ; OUTPUT[0]   ; 5.490 ; 5.490 ; 5.490 ; 5.490 ;
; MIR[23]    ; OUTPUT[1]   ; 5.389 ; 5.389 ; 5.389 ; 5.389 ;
; MIR[23]    ; OUTPUT[2]   ; 5.204 ; 5.204 ; 5.204 ; 5.204 ;
; MIR[23]    ; OUTPUT[3]   ; 5.317 ; 5.317 ; 5.317 ; 5.317 ;
; MIR[23]    ; OUTPUT[4]   ; 5.158 ; 5.158 ; 5.158 ; 5.158 ;
; MIR[23]    ; OUTPUT[5]   ; 5.222 ; 5.222 ; 5.222 ; 5.222 ;
; MIR[23]    ; OUTPUT[6]   ; 5.610 ; 5.610 ; 5.610 ; 5.610 ;
; MIR[23]    ; OUTPUT[7]   ; 5.798 ; 5.798 ; 5.798 ; 5.798 ;
; MIR[23]    ; OUTPUT[8]   ; 6.080 ; 6.080 ; 6.080 ; 6.080 ;
; MIR[23]    ; OUTPUT[9]   ; 5.988 ; 5.988 ; 5.988 ; 5.988 ;
; MIR[23]    ; OUTPUT[10]  ; 5.651 ; 5.651 ; 5.651 ; 5.651 ;
; MIR[23]    ; OUTPUT[11]  ; 5.409 ; 5.409 ; 5.409 ; 5.409 ;
; MIR[23]    ; OUTPUT[12]  ; 5.481 ; 5.481 ; 5.481 ; 5.481 ;
; MIR[23]    ; OUTPUT[13]  ; 5.437 ; 5.437 ; 5.437 ; 5.437 ;
; MIR[23]    ; OUTPUT[14]  ; 5.987 ; 5.987 ; 5.987 ; 5.987 ;
; MIR[23]    ; OUTPUT[15]  ; 5.937 ; 5.937 ; 5.937 ; 5.937 ;
; MIR[23]    ; OUTPUT[16]  ; 5.949 ; 5.949 ; 5.949 ; 5.949 ;
; MIR[23]    ; OUTPUT[17]  ; 5.749 ; 5.749 ; 5.749 ; 5.749 ;
; MIR[23]    ; OUTPUT[18]  ; 5.535 ; 5.535 ; 5.535 ; 5.535 ;
; MIR[23]    ; OUTPUT[19]  ; 5.632 ; 5.632 ; 5.632 ; 5.632 ;
; MIR[23]    ; OUTPUT[20]  ; 5.370 ; 5.370 ; 5.370 ; 5.370 ;
; MIR[23]    ; OUTPUT[21]  ; 6.048 ; 6.048 ; 6.048 ; 6.048 ;
; MIR[23]    ; OUTPUT[22]  ; 5.846 ; 5.846 ; 5.846 ; 5.846 ;
; MIR[23]    ; OUTPUT[23]  ; 5.862 ; 5.862 ; 5.862 ; 5.862 ;
; MIR[23]    ; OUTPUT[24]  ; 5.833 ; 5.833 ; 5.833 ; 5.833 ;
; MIR[23]    ; OUTPUT[25]  ; 5.941 ; 5.941 ; 5.941 ; 5.941 ;
; MIR[23]    ; OUTPUT[26]  ; 5.519 ; 5.519 ; 5.519 ; 5.519 ;
; MIR[23]    ; OUTPUT[27]  ; 5.457 ; 5.457 ; 5.457 ; 5.457 ;
; MIR[23]    ; OUTPUT[28]  ; 5.509 ; 5.509 ; 5.509 ; 5.509 ;
; MIR[23]    ; OUTPUT[29]  ; 6.011 ; 6.011 ; 6.011 ; 6.011 ;
; MIR[23]    ; OUTPUT[30]  ; 5.834 ; 5.834 ; 5.834 ; 5.834 ;
; MIR[23]    ; OUTPUT[31]  ; 5.990 ; 5.990 ; 5.990 ; 5.990 ;
; MIR[23]    ; Z           ; 8.978 ; 8.978 ; 8.978 ; 8.978 ;
+------------+-------------+-------+-------+-------+-------+


+----------------------------------------------------------+
; Minimum Propagation Delay                                ;
+------------+-------------+-------+-------+-------+-------+
; Input Port ; Output Port ; RR    ; RF    ; FR    ; FF    ;
+------------+-------------+-------+-------+-------+-------+
; INPUT[0]   ; OUTPUT[0]   ; 3.035 ;       ;       ; 3.035 ;
; INPUT[0]   ; OUTPUT[8]   ; 3.617 ;       ;       ; 3.617 ;
; INPUT[0]   ; Z           ;       ; 5.087 ; 5.087 ;       ;
; INPUT[1]   ; OUTPUT[0]   ; 3.024 ;       ;       ; 3.024 ;
; INPUT[1]   ; OUTPUT[1]   ; 2.927 ;       ;       ; 2.927 ;
; INPUT[1]   ; OUTPUT[9]   ; 3.521 ;       ;       ; 3.521 ;
; INPUT[1]   ; Z           ;       ; 5.076 ; 5.076 ;       ;
; INPUT[2]   ; OUTPUT[1]   ; 5.431 ;       ;       ; 5.431 ;
; INPUT[2]   ; OUTPUT[2]   ; 5.446 ;       ;       ; 5.446 ;
; INPUT[2]   ; OUTPUT[10]  ; 5.888 ;       ;       ; 5.888 ;
; INPUT[2]   ; Z           ;       ; 7.660 ; 7.660 ;       ;
; INPUT[3]   ; OUTPUT[2]   ; 5.135 ;       ;       ; 5.135 ;
; INPUT[3]   ; OUTPUT[3]   ; 5.246 ;       ;       ; 5.246 ;
; INPUT[3]   ; OUTPUT[11]  ; 5.215 ;       ;       ; 5.215 ;
; INPUT[3]   ; Z           ;       ; 8.166 ; 8.166 ;       ;
; INPUT[4]   ; OUTPUT[3]   ; 5.228 ;       ;       ; 5.228 ;
; INPUT[4]   ; OUTPUT[4]   ; 5.192 ;       ;       ; 5.192 ;
; INPUT[4]   ; OUTPUT[12]  ; 5.390 ;       ;       ; 5.390 ;
; INPUT[4]   ; Z           ;       ; 8.028 ; 8.028 ;       ;
; INPUT[5]   ; OUTPUT[4]   ; 5.053 ;       ;       ; 5.053 ;
; INPUT[5]   ; OUTPUT[5]   ; 5.236 ;       ;       ; 5.236 ;
; INPUT[5]   ; OUTPUT[13]  ; 5.329 ;       ;       ; 5.329 ;
; INPUT[5]   ; Z           ;       ; 8.008 ; 8.008 ;       ;
; INPUT[6]   ; OUTPUT[5]   ; 5.308 ;       ;       ; 5.308 ;
; INPUT[6]   ; OUTPUT[6]   ; 5.518 ;       ;       ; 5.518 ;
; INPUT[6]   ; OUTPUT[14]  ; 6.043 ;       ;       ; 6.043 ;
; INPUT[6]   ; Z           ;       ; 8.054 ; 8.054 ;       ;
; INPUT[7]   ; OUTPUT[6]   ; 5.340 ;       ;       ; 5.340 ;
; INPUT[7]   ; OUTPUT[7]   ; 5.722 ;       ;       ; 5.722 ;
; INPUT[7]   ; OUTPUT[15]  ; 5.853 ;       ;       ; 5.853 ;
; INPUT[7]   ; Z           ;       ; 7.876 ; 7.876 ;       ;
; INPUT[8]   ; OUTPUT[7]   ; 5.384 ;       ;       ; 5.384 ;
; INPUT[8]   ; OUTPUT[8]   ; 5.437 ;       ;       ; 5.437 ;
; INPUT[8]   ; OUTPUT[16]  ; 5.536 ;       ;       ; 5.536 ;
; INPUT[8]   ; Z           ;       ; 7.293 ; 7.293 ;       ;
; INPUT[9]   ; OUTPUT[8]   ; 5.707 ;       ;       ; 5.707 ;
; INPUT[9]   ; OUTPUT[9]   ; 5.344 ;       ;       ; 5.344 ;
; INPUT[9]   ; OUTPUT[17]  ; 5.383 ;       ;       ; 5.383 ;
; INPUT[9]   ; Z           ;       ; 7.216 ; 7.216 ;       ;
; INPUT[10]  ; OUTPUT[9]   ; 5.981 ;       ;       ; 5.981 ;
; INPUT[10]  ; OUTPUT[10]  ; 5.234 ;       ;       ; 5.234 ;
; INPUT[10]  ; OUTPUT[18]  ; 5.681 ;       ;       ; 5.681 ;
; INPUT[10]  ; Z           ;       ; 7.853 ; 7.853 ;       ;
; INPUT[11]  ; OUTPUT[10]  ; 5.558 ;       ;       ; 5.558 ;
; INPUT[11]  ; OUTPUT[11]  ; 5.015 ;       ;       ; 5.015 ;
; INPUT[11]  ; OUTPUT[19]  ; 5.741 ;       ;       ; 5.741 ;
; INPUT[11]  ; Z           ;       ; 7.966 ; 7.966 ;       ;
; INPUT[12]  ; OUTPUT[11]  ; 5.274 ;       ;       ; 5.274 ;
; INPUT[12]  ; OUTPUT[12]  ; 5.193 ;       ;       ; 5.193 ;
; INPUT[12]  ; OUTPUT[20]  ; 5.347 ;       ;       ; 5.347 ;
; INPUT[12]  ; Z           ;       ; 7.831 ; 7.831 ;       ;
; INPUT[13]  ; OUTPUT[12]  ; 5.540 ;       ;       ; 5.540 ;
; INPUT[13]  ; OUTPUT[13]  ; 5.170 ;       ;       ; 5.170 ;
; INPUT[13]  ; OUTPUT[21]  ; 5.883 ;       ;       ; 5.883 ;
; INPUT[13]  ; Z           ;       ; 8.108 ; 8.108 ;       ;
; INPUT[14]  ; OUTPUT[13]  ; 5.473 ;       ;       ; 5.473 ;
; INPUT[14]  ; OUTPUT[14]  ; 5.720 ;       ;       ; 5.720 ;
; INPUT[14]  ; OUTPUT[22]  ; 5.660 ;       ;       ; 5.660 ;
; INPUT[14]  ; Z           ;       ; 8.411 ; 8.411 ;       ;
; INPUT[15]  ; OUTPUT[14]  ; 5.717 ;       ;       ; 5.717 ;
; INPUT[15]  ; OUTPUT[15]  ; 5.447 ;       ;       ; 5.447 ;
; INPUT[15]  ; OUTPUT[23]  ; 5.604 ;       ;       ; 5.604 ;
; INPUT[15]  ; Z           ;       ; 8.371 ; 8.371 ;       ;
; INPUT[16]  ; OUTPUT[15]  ; 5.639 ;       ;       ; 5.639 ;
; INPUT[16]  ; OUTPUT[16]  ; 5.383 ;       ;       ; 5.383 ;
; INPUT[16]  ; OUTPUT[24]  ; 5.540 ;       ;       ; 5.540 ;
; INPUT[16]  ; Z           ;       ; 8.346 ; 8.346 ;       ;
; INPUT[17]  ; OUTPUT[16]  ; 5.526 ;       ;       ; 5.526 ;
; INPUT[17]  ; OUTPUT[17]  ; 5.137 ;       ;       ; 5.137 ;
; INPUT[17]  ; OUTPUT[25]  ; 5.518 ;       ;       ; 5.518 ;
; INPUT[17]  ; Z           ;       ; 8.226 ; 8.226 ;       ;
; INPUT[18]  ; OUTPUT[17]  ; 5.642 ;       ;       ; 5.642 ;
; INPUT[18]  ; OUTPUT[18]  ; 5.312 ;       ;       ; 5.312 ;
; INPUT[18]  ; OUTPUT[26]  ; 5.329 ;       ;       ; 5.329 ;
; INPUT[18]  ; Z           ;       ; 7.920 ; 7.920 ;       ;
; INPUT[19]  ; OUTPUT[18]  ; 5.478 ;       ;       ; 5.478 ;
; INPUT[19]  ; OUTPUT[19]  ; 5.225 ;       ;       ; 5.225 ;
; INPUT[19]  ; OUTPUT[27]  ; 5.341 ;       ;       ; 5.341 ;
; INPUT[19]  ; Z           ;       ; 7.724 ; 7.724 ;       ;
; INPUT[20]  ; OUTPUT[19]  ; 5.571 ;       ;       ; 5.571 ;
; INPUT[20]  ; OUTPUT[20]  ; 5.141 ;       ;       ; 5.141 ;
; INPUT[20]  ; OUTPUT[28]  ; 5.440 ;       ;       ; 5.440 ;
; INPUT[20]  ; Z           ;       ; 7.926 ; 7.926 ;       ;
; INPUT[21]  ; OUTPUT[20]  ; 5.291 ;       ;       ; 5.291 ;
; INPUT[21]  ; OUTPUT[21]  ; 5.496 ;       ;       ; 5.496 ;
; INPUT[21]  ; OUTPUT[29]  ; 5.735 ;       ;       ; 5.735 ;
; INPUT[21]  ; Z           ;       ; 8.076 ; 8.076 ;       ;
; INPUT[22]  ; OUTPUT[21]  ; 5.538 ;       ;       ; 5.538 ;
; INPUT[22]  ; OUTPUT[22]  ; 5.127 ;       ;       ; 5.127 ;
; INPUT[22]  ; OUTPUT[30]  ; 5.056 ;       ;       ; 5.056 ;
; INPUT[22]  ; Z           ;       ; 7.866 ; 7.866 ;       ;
; INPUT[23]  ; N           ; 5.494 ;       ;       ; 5.494 ;
; INPUT[23]  ; OUTPUT[22]  ; 5.351 ;       ;       ; 5.351 ;
; INPUT[23]  ; OUTPUT[23]  ; 4.966 ;       ;       ; 4.966 ;
; INPUT[23]  ; OUTPUT[31]  ; 5.494 ;       ;       ; 5.494 ;
; INPUT[23]  ; Z           ;       ; 7.397 ; 7.397 ;       ;
; INPUT[24]  ; OUTPUT[23]  ; 5.798 ;       ;       ; 5.798 ;
; INPUT[24]  ; OUTPUT[24]  ; 5.466 ;       ;       ; 5.466 ;
; INPUT[24]  ; Z           ;       ; 8.529 ; 8.529 ;       ;
; INPUT[25]  ; OUTPUT[24]  ; 5.486 ;       ;       ; 5.486 ;
; INPUT[25]  ; OUTPUT[25]  ; 5.314 ;       ;       ; 5.314 ;
; INPUT[25]  ; Z           ;       ; 8.351 ; 8.351 ;       ;
; INPUT[26]  ; OUTPUT[25]  ; 5.841 ;       ;       ; 5.841 ;
; INPUT[26]  ; OUTPUT[26]  ; 5.103 ;       ;       ; 5.103 ;
; INPUT[26]  ; Z           ;       ; 7.870 ; 7.870 ;       ;
; INPUT[27]  ; OUTPUT[26]  ; 5.310 ;       ;       ; 5.310 ;
; INPUT[27]  ; OUTPUT[27]  ; 5.046 ;       ;       ; 5.046 ;
; INPUT[27]  ; Z           ;       ; 7.894 ; 7.894 ;       ;
; INPUT[28]  ; OUTPUT[27]  ; 5.162 ;       ;       ; 5.162 ;
; INPUT[28]  ; OUTPUT[28]  ; 5.080 ;       ;       ; 5.080 ;
; INPUT[28]  ; Z           ;       ; 7.747 ; 7.747 ;       ;
; INPUT[29]  ; OUTPUT[28]  ; 5.199 ;       ;       ; 5.199 ;
; INPUT[29]  ; OUTPUT[29]  ; 5.029 ;       ;       ; 5.029 ;
; INPUT[29]  ; Z           ;       ; 7.825 ; 7.825 ;       ;
; INPUT[30]  ; OUTPUT[29]  ; 5.520 ;       ;       ; 5.520 ;
; INPUT[30]  ; OUTPUT[30]  ; 5.437 ;       ;       ; 5.437 ;
; INPUT[30]  ; Z           ;       ; 8.247 ; 8.247 ;       ;
; INPUT[31]  ; N           ; 5.538 ;       ;       ; 5.538 ;
; INPUT[31]  ; OUTPUT[30]  ; 5.249 ;       ;       ; 5.249 ;
; INPUT[31]  ; OUTPUT[31]  ; 5.538 ;       ;       ; 5.538 ;
; INPUT[31]  ; Z           ;       ; 7.441 ; 7.441 ;       ;
; MIR[22]    ; N           ; 5.951 ; 5.951 ; 5.951 ; 5.951 ;
; MIR[22]    ; OUTPUT[0]   ; 5.441 ; 5.441 ; 5.441 ; 5.441 ;
; MIR[22]    ; OUTPUT[1]   ; 5.340 ; 5.340 ; 5.340 ; 5.340 ;
; MIR[22]    ; OUTPUT[2]   ; 5.202 ; 5.202 ; 5.202 ; 5.202 ;
; MIR[22]    ; OUTPUT[3]   ; 5.313 ; 5.313 ; 5.313 ; 5.313 ;
; MIR[22]    ; OUTPUT[4]   ; 5.153 ; 5.153 ; 5.153 ; 5.153 ;
; MIR[22]    ; OUTPUT[5]   ; 5.220 ; 5.220 ; 5.220 ; 5.220 ;
; MIR[22]    ; OUTPUT[6]   ; 5.610 ; 5.610 ; 5.610 ; 5.610 ;
; MIR[22]    ; OUTPUT[7]   ; 5.740 ; 5.740 ; 5.740 ; 5.740 ;
; MIR[22]    ; OUTPUT[8]   ; 5.756 ; 5.756 ; 5.756 ; 5.756 ;
; MIR[22]    ; OUTPUT[9]   ; 5.669 ; 5.669 ; 5.669 ; 5.669 ;
; MIR[22]    ; OUTPUT[10]  ; 5.368 ; 5.368 ; 5.368 ; 5.368 ;
; MIR[22]    ; OUTPUT[11]  ; 5.008 ; 5.008 ; 5.008 ; 5.008 ;
; MIR[22]    ; OUTPUT[12]  ; 5.319 ; 5.319 ; 5.319 ; 5.319 ;
; MIR[22]    ; OUTPUT[13]  ; 5.234 ; 5.234 ; 5.234 ; 5.234 ;
; MIR[22]    ; OUTPUT[14]  ; 5.667 ; 5.667 ; 5.667 ; 5.667 ;
; MIR[22]    ; OUTPUT[15]  ; 5.667 ; 5.667 ; 5.667 ; 5.667 ;
; MIR[22]    ; OUTPUT[16]  ; 5.620 ; 5.620 ; 5.620 ; 5.620 ;
; MIR[22]    ; OUTPUT[17]  ; 5.629 ; 5.629 ; 5.629 ; 5.629 ;
; MIR[22]    ; OUTPUT[18]  ; 5.637 ; 5.637 ; 5.637 ; 5.637 ;
; MIR[22]    ; OUTPUT[19]  ; 5.489 ; 5.489 ; 5.489 ; 5.489 ;
; MIR[22]    ; OUTPUT[20]  ; 5.457 ; 5.457 ; 5.457 ; 5.457 ;
; MIR[22]    ; OUTPUT[21]  ; 5.668 ; 5.668 ; 5.668 ; 5.668 ;
; MIR[22]    ; OUTPUT[22]  ; 5.532 ; 5.532 ; 5.532 ; 5.532 ;
; MIR[22]    ; OUTPUT[23]  ; 5.423 ; 5.423 ; 5.423 ; 5.423 ;
; MIR[22]    ; OUTPUT[24]  ; 5.497 ; 5.497 ; 5.497 ; 5.497 ;
; MIR[22]    ; OUTPUT[25]  ; 5.594 ; 5.594 ; 5.594 ; 5.594 ;
; MIR[22]    ; OUTPUT[26]  ; 5.313 ; 5.313 ; 5.313 ; 5.313 ;
; MIR[22]    ; OUTPUT[27]  ; 5.321 ; 5.321 ; 5.321 ; 5.321 ;
; MIR[22]    ; OUTPUT[28]  ; 5.370 ; 5.370 ; 5.370 ; 5.370 ;
; MIR[22]    ; OUTPUT[29]  ; 5.476 ; 5.476 ; 5.476 ; 5.476 ;
; MIR[22]    ; OUTPUT[30]  ; 5.460 ; 5.728 ; 5.728 ; 5.460 ;
; MIR[22]    ; OUTPUT[31]  ; 5.951 ; 5.951 ; 5.951 ; 5.951 ;
; MIR[22]    ; Z           ; 7.493 ; 7.493 ; 7.493 ; 7.493 ;
; MIR[23]    ; N           ; 5.990 ; 5.990 ; 5.990 ; 5.990 ;
; MIR[23]    ; OUTPUT[0]   ; 5.490 ; 5.490 ; 5.490 ; 5.490 ;
; MIR[23]    ; OUTPUT[1]   ; 5.389 ; 5.389 ; 5.389 ; 5.389 ;
; MIR[23]    ; OUTPUT[2]   ; 5.204 ; 5.204 ; 5.204 ; 5.204 ;
; MIR[23]    ; OUTPUT[3]   ; 5.317 ; 5.317 ; 5.317 ; 5.317 ;
; MIR[23]    ; OUTPUT[4]   ; 5.158 ; 5.158 ; 5.158 ; 5.158 ;
; MIR[23]    ; OUTPUT[5]   ; 5.222 ; 5.222 ; 5.222 ; 5.222 ;
; MIR[23]    ; OUTPUT[6]   ; 5.610 ; 5.610 ; 5.610 ; 5.610 ;
; MIR[23]    ; OUTPUT[7]   ; 5.798 ; 5.798 ; 5.798 ; 5.798 ;
; MIR[23]    ; OUTPUT[8]   ; 5.799 ; 5.799 ; 5.799 ; 5.799 ;
; MIR[23]    ; OUTPUT[9]   ; 5.717 ; 5.717 ; 5.717 ; 5.717 ;
; MIR[23]    ; OUTPUT[10]  ; 5.370 ; 5.370 ; 5.370 ; 5.370 ;
; MIR[23]    ; OUTPUT[11]  ; 5.131 ; 5.131 ; 5.131 ; 5.131 ;
; MIR[23]    ; OUTPUT[12]  ; 5.328 ; 5.328 ; 5.328 ; 5.328 ;
; MIR[23]    ; OUTPUT[13]  ; 5.313 ; 5.313 ; 5.313 ; 5.313 ;
; MIR[23]    ; OUTPUT[14]  ; 5.717 ; 5.717 ; 5.717 ; 5.717 ;
; MIR[23]    ; OUTPUT[15]  ; 5.788 ; 5.788 ; 5.788 ; 5.788 ;
; MIR[23]    ; OUTPUT[16]  ; 5.676 ; 5.676 ; 5.676 ; 5.676 ;
; MIR[23]    ; OUTPUT[17]  ; 5.563 ; 5.563 ; 5.563 ; 5.563 ;
; MIR[23]    ; OUTPUT[18]  ; 5.380 ; 5.380 ; 5.380 ; 5.380 ;
; MIR[23]    ; OUTPUT[19]  ; 5.424 ; 5.424 ; 5.424 ; 5.424 ;
; MIR[23]    ; OUTPUT[20]  ; 5.203 ; 5.203 ; 5.203 ; 5.203 ;
; MIR[23]    ; OUTPUT[21]  ; 5.703 ; 5.703 ; 5.703 ; 5.703 ;
; MIR[23]    ; OUTPUT[22]  ; 5.570 ; 5.570 ; 5.570 ; 5.570 ;
; MIR[23]    ; OUTPUT[23]  ; 5.462 ; 5.462 ; 5.462 ; 5.462 ;
; MIR[23]    ; OUTPUT[24]  ; 5.553 ; 5.553 ; 5.553 ; 5.553 ;
; MIR[23]    ; OUTPUT[25]  ; 5.638 ; 5.638 ; 5.638 ; 5.638 ;
; MIR[23]    ; OUTPUT[26]  ; 5.181 ; 5.181 ; 5.181 ; 5.181 ;
; MIR[23]    ; OUTPUT[27]  ; 5.252 ; 5.252 ; 5.252 ; 5.252 ;
; MIR[23]    ; OUTPUT[28]  ; 5.234 ; 5.234 ; 5.234 ; 5.234 ;
; MIR[23]    ; OUTPUT[29]  ; 5.220 ; 5.220 ; 5.220 ; 5.220 ;
; MIR[23]    ; OUTPUT[30]  ; 5.834 ; 5.495 ; 5.495 ; 5.834 ;
; MIR[23]    ; OUTPUT[31]  ; 5.990 ; 5.990 ; 5.990 ; 5.990 ;
; MIR[23]    ; Z           ; 7.542 ; 7.542 ; 7.542 ; 7.542 ;
+------------+-------------+-------+-------+-------+-------+


+----------------------------------------------------------------------------+
; Multicorner Timing Analysis Summary                                        ;
+------------------+-------+------+----------+---------+---------------------+
; Clock            ; Setup ; Hold ; Recovery ; Removal ; Minimum Pulse Width ;
+------------------+-------+------+----------+---------+---------------------+
; Worst-case Slack ; N/A   ; N/A  ; N/A      ; N/A     ; N/A                 ;
; Design-wide TNS  ; 0.0   ; 0.0  ; 0.0      ; 0.0     ; 0.0                 ;
+------------------+-------+------+----------+---------+---------------------+


+--------------------------------------------------------------+
; Progagation Delay                                            ;
+------------+-------------+--------+--------+--------+--------+
; Input Port ; Output Port ; RR     ; RF     ; FR     ; FF     ;
+------------+-------------+--------+--------+--------+--------+
; INPUT[0]   ; OUTPUT[0]   ; 7.919  ;        ;        ; 7.919  ;
; INPUT[0]   ; OUTPUT[8]   ; 9.887  ;        ;        ; 9.887  ;
; INPUT[0]   ; Z           ;        ; 15.542 ; 15.542 ;        ;
; INPUT[1]   ; OUTPUT[0]   ; 7.944  ;        ;        ; 7.944  ;
; INPUT[1]   ; OUTPUT[1]   ; 7.572  ;        ;        ; 7.572  ;
; INPUT[1]   ; OUTPUT[9]   ; 9.660  ;        ;        ; 9.660  ;
; INPUT[1]   ; Z           ;        ; 15.430 ; 15.430 ;        ;
; INPUT[2]   ; OUTPUT[1]   ; 12.415 ;        ;        ; 12.415 ;
; INPUT[2]   ; OUTPUT[2]   ; 12.697 ;        ;        ; 12.697 ;
; INPUT[2]   ; OUTPUT[10]  ; 14.166 ;        ;        ; 14.166 ;
; INPUT[2]   ; Z           ;        ; 22.569 ; 22.569 ;        ;
; INPUT[3]   ; OUTPUT[2]   ; 11.778 ;        ;        ; 11.778 ;
; INPUT[3]   ; OUTPUT[3]   ; 12.134 ;        ;        ; 12.134 ;
; INPUT[3]   ; OUTPUT[11]  ; 12.012 ;        ;        ; 12.012 ;
; INPUT[3]   ; Z           ;        ; 21.650 ; 21.650 ;        ;
; INPUT[4]   ; OUTPUT[3]   ; 12.012 ;        ;        ; 12.012 ;
; INPUT[4]   ; OUTPUT[4]   ; 11.831 ;        ;        ; 11.831 ;
; INPUT[4]   ; OUTPUT[12]  ; 12.584 ;        ;        ; 12.584 ;
; INPUT[4]   ; Z           ;        ; 21.384 ; 21.384 ;        ;
; INPUT[5]   ; OUTPUT[4]   ; 11.325 ;        ;        ; 11.325 ;
; INPUT[5]   ; OUTPUT[5]   ; 12.111 ;        ;        ; 12.111 ;
; INPUT[5]   ; OUTPUT[13]  ; 12.340 ;        ;        ; 12.340 ;
; INPUT[5]   ; Z           ;        ; 21.579 ; 21.579 ;        ;
; INPUT[6]   ; OUTPUT[5]   ; 12.233 ;        ;        ; 12.233 ;
; INPUT[6]   ; OUTPUT[6]   ; 12.869 ;        ;        ; 12.869 ;
; INPUT[6]   ; OUTPUT[14]  ; 14.610 ;        ;        ; 14.610 ;
; INPUT[6]   ; Z           ;        ; 23.727 ; 23.727 ;        ;
; INPUT[7]   ; OUTPUT[6]   ; 12.428 ;        ;        ; 12.428 ;
; INPUT[7]   ; OUTPUT[7]   ; 13.680 ;        ;        ; 13.680 ;
; INPUT[7]   ; OUTPUT[15]  ; 14.052 ;        ;        ; 14.052 ;
; INPUT[7]   ; Z           ;        ; 23.533 ; 23.533 ;        ;
; INPUT[8]   ; OUTPUT[7]   ; 12.597 ;        ;        ; 12.597 ;
; INPUT[8]   ; OUTPUT[8]   ; 12.749 ;        ;        ; 12.749 ;
; INPUT[8]   ; OUTPUT[16]  ; 13.161 ;        ;        ; 13.161 ;
; INPUT[8]   ; Z           ;        ; 22.716 ; 22.716 ;        ;
; INPUT[9]   ; OUTPUT[8]   ; 13.746 ;        ;        ; 13.746 ;
; INPUT[9]   ; OUTPUT[9]   ; 12.504 ;        ;        ; 12.504 ;
; INPUT[9]   ; OUTPUT[17]  ; 12.673 ;        ;        ; 12.673 ;
; INPUT[9]   ; Z           ;        ; 22.747 ; 22.747 ;        ;
; INPUT[10]  ; OUTPUT[9]   ; 14.522 ;        ;        ; 14.522 ;
; INPUT[10]  ; OUTPUT[10]  ; 12.039 ;        ;        ; 12.039 ;
; INPUT[10]  ; OUTPUT[18]  ; 13.645 ;        ;        ; 13.645 ;
; INPUT[10]  ; Z           ;        ; 21.688 ; 21.688 ;        ;
; INPUT[11]  ; OUTPUT[10]  ; 13.230 ;        ;        ; 13.230 ;
; INPUT[11]  ; OUTPUT[11]  ; 11.348 ;        ;        ; 11.348 ;
; INPUT[11]  ; OUTPUT[19]  ; 13.687 ;        ;        ; 13.687 ;
; INPUT[11]  ; Z           ;        ; 21.608 ; 21.608 ;        ;
; INPUT[12]  ; OUTPUT[11]  ; 12.418 ;        ;        ; 12.418 ;
; INPUT[12]  ; OUTPUT[12]  ; 12.076 ;        ;        ; 12.076 ;
; INPUT[12]  ; OUTPUT[20]  ; 12.598 ;        ;        ; 12.598 ;
; INPUT[12]  ; Z           ;        ; 21.683 ; 21.683 ;        ;
; INPUT[13]  ; OUTPUT[12]  ; 13.130 ;        ;        ; 13.130 ;
; INPUT[13]  ; OUTPUT[13]  ; 11.750 ;        ;        ; 11.750 ;
; INPUT[13]  ; OUTPUT[21]  ; 13.991 ;        ;        ; 13.991 ;
; INPUT[13]  ; Z           ;        ; 23.036 ; 23.036 ;        ;
; INPUT[14]  ; OUTPUT[13]  ; 12.885 ;        ;        ; 12.885 ;
; INPUT[14]  ; OUTPUT[14]  ; 13.405 ;        ;        ; 13.405 ;
; INPUT[14]  ; OUTPUT[22]  ; 13.377 ;        ;        ; 13.377 ;
; INPUT[14]  ; Z           ;        ; 22.522 ; 22.522 ;        ;
; INPUT[15]  ; OUTPUT[14]  ; 13.718 ;        ;        ; 13.718 ;
; INPUT[15]  ; OUTPUT[15]  ; 12.727 ;        ;        ; 12.727 ;
; INPUT[15]  ; OUTPUT[23]  ; 13.536 ;        ;        ; 13.536 ;
; INPUT[15]  ; Z           ;        ; 22.971 ; 22.971 ;        ;
; INPUT[16]  ; OUTPUT[15]  ; 13.363 ;        ;        ; 13.363 ;
; INPUT[16]  ; OUTPUT[16]  ; 12.564 ;        ;        ; 12.564 ;
; INPUT[16]  ; OUTPUT[24]  ; 13.202 ;        ;        ; 13.202 ;
; INPUT[16]  ; Z           ;        ; 23.076 ; 23.076 ;        ;
; INPUT[17]  ; OUTPUT[16]  ; 13.120 ;        ;        ; 13.120 ;
; INPUT[17]  ; OUTPUT[17]  ; 11.750 ;        ;        ; 11.750 ;
; INPUT[17]  ; OUTPUT[25]  ; 13.127 ;        ;        ; 13.127 ;
; INPUT[17]  ; Z           ;        ; 22.957 ; 22.957 ;        ;
; INPUT[18]  ; OUTPUT[17]  ; 13.382 ;        ;        ; 13.382 ;
; INPUT[18]  ; OUTPUT[18]  ; 12.367 ;        ;        ; 12.367 ;
; INPUT[18]  ; OUTPUT[26]  ; 12.411 ;        ;        ; 12.411 ;
; INPUT[18]  ; Z           ;        ; 23.456 ; 23.456 ;        ;
; INPUT[19]  ; OUTPUT[18]  ; 13.041 ;        ;        ; 13.041 ;
; INPUT[19]  ; OUTPUT[19]  ; 11.923 ;        ;        ; 11.923 ;
; INPUT[19]  ; OUTPUT[27]  ; 12.458 ;        ;        ; 12.458 ;
; INPUT[19]  ; Z           ;        ; 21.425 ; 21.425 ;        ;
; INPUT[20]  ; OUTPUT[19]  ; 13.193 ;        ;        ; 13.193 ;
; INPUT[20]  ; OUTPUT[20]  ; 11.712 ;        ;        ; 11.712 ;
; INPUT[20]  ; OUTPUT[28]  ; 12.738 ;        ;        ; 12.738 ;
; INPUT[20]  ; Z           ;        ; 21.283 ; 21.283 ;        ;
; INPUT[21]  ; OUTPUT[20]  ; 12.333 ;        ;        ; 12.333 ;
; INPUT[21]  ; OUTPUT[21]  ; 12.945 ;        ;        ; 12.945 ;
; INPUT[21]  ; OUTPUT[29]  ; 13.814 ;        ;        ; 13.814 ;
; INPUT[21]  ; Z           ;        ; 22.707 ; 22.707 ;        ;
; INPUT[22]  ; OUTPUT[21]  ; 13.147 ;        ;        ; 13.147 ;
; INPUT[22]  ; OUTPUT[22]  ; 11.757 ;        ;        ; 11.757 ;
; INPUT[22]  ; OUTPUT[30]  ; 11.432 ;        ;        ; 11.432 ;
; INPUT[22]  ; Z           ;        ; 22.192 ; 22.192 ;        ;
; INPUT[23]  ; N           ; 13.110 ;        ;        ; 13.110 ;
; INPUT[23]  ; OUTPUT[22]  ; 12.650 ;        ;        ; 12.650 ;
; INPUT[23]  ; OUTPUT[23]  ; 11.299 ;        ;        ; 11.299 ;
; INPUT[23]  ; OUTPUT[31]  ; 13.110 ;        ;        ; 13.110 ;
; INPUT[23]  ; Z           ;        ; 21.533 ; 21.533 ;        ;
; INPUT[24]  ; OUTPUT[23]  ; 14.165 ;        ;        ; 14.165 ;
; INPUT[24]  ; OUTPUT[24]  ; 12.843 ;        ;        ; 12.843 ;
; INPUT[24]  ; Z           ;        ; 23.600 ; 23.600 ;        ;
; INPUT[25]  ; OUTPUT[24]  ; 13.101 ;        ;        ; 13.101 ;
; INPUT[25]  ; OUTPUT[25]  ; 12.409 ;        ;        ; 12.409 ;
; INPUT[25]  ; Z           ;        ; 22.975 ; 22.975 ;        ;
; INPUT[26]  ; OUTPUT[25]  ; 14.262 ;        ;        ; 14.262 ;
; INPUT[26]  ; OUTPUT[26]  ; 11.731 ;        ;        ; 11.731 ;
; INPUT[26]  ; Z           ;        ; 24.092 ; 24.092 ;        ;
; INPUT[27]  ; OUTPUT[26]  ; 12.452 ;        ;        ; 12.452 ;
; INPUT[27]  ; OUTPUT[27]  ; 11.463 ;        ;        ; 11.463 ;
; INPUT[27]  ; Z           ;        ; 21.227 ; 21.227 ;        ;
; INPUT[28]  ; OUTPUT[27]  ; 11.822 ;        ;        ; 11.822 ;
; INPUT[28]  ; OUTPUT[28]  ; 11.484 ;        ;        ; 11.484 ;
; INPUT[28]  ; Z           ;        ; 20.789 ; 20.789 ;        ;
; INPUT[29]  ; OUTPUT[28]  ; 11.956 ;        ;        ; 11.956 ;
; INPUT[29]  ; OUTPUT[29]  ; 11.375 ;        ;        ; 11.375 ;
; INPUT[29]  ; Z           ;        ; 20.501 ; 20.501 ;        ;
; INPUT[30]  ; OUTPUT[29]  ; 13.081 ;        ;        ; 13.081 ;
; INPUT[30]  ; OUTPUT[30]  ; 12.778 ;        ;        ; 12.778 ;
; INPUT[30]  ; Z           ;        ; 21.974 ; 21.974 ;        ;
; INPUT[31]  ; N           ; 13.203 ;        ;        ; 13.203 ;
; INPUT[31]  ; OUTPUT[30]  ; 12.120 ;        ;        ; 12.120 ;
; INPUT[31]  ; OUTPUT[31]  ; 13.203 ;        ;        ; 13.203 ;
; INPUT[31]  ; Z           ;        ; 21.137 ; 21.137 ;        ;
; MIR[22]    ; N           ; 14.243 ; 14.243 ; 14.243 ; 14.243 ;
; MIR[22]    ; OUTPUT[0]   ; 12.457 ; 12.457 ; 12.457 ; 12.457 ;
; MIR[22]    ; OUTPUT[1]   ; 12.089 ; 12.089 ; 12.089 ; 12.089 ;
; MIR[22]    ; OUTPUT[2]   ; 11.835 ; 11.835 ; 11.835 ; 11.835 ;
; MIR[22]    ; OUTPUT[3]   ; 12.224 ; 12.224 ; 12.224 ; 12.224 ;
; MIR[22]    ; OUTPUT[4]   ; 11.565 ; 11.565 ; 11.565 ; 11.565 ;
; MIR[22]    ; OUTPUT[5]   ; 11.881 ; 11.881 ; 11.881 ; 11.881 ;
; MIR[22]    ; OUTPUT[6]   ; 13.029 ; 13.029 ; 13.029 ; 13.029 ;
; MIR[22]    ; OUTPUT[7]   ; 13.366 ; 13.366 ; 13.366 ; 13.366 ;
; MIR[22]    ; OUTPUT[8]   ; 14.433 ; 14.433 ; 14.433 ; 14.433 ;
; MIR[22]    ; OUTPUT[9]   ; 14.179 ; 14.179 ; 14.179 ; 14.179 ;
; MIR[22]    ; OUTPUT[10]  ; 13.284 ; 13.284 ; 13.284 ; 13.284 ;
; MIR[22]    ; OUTPUT[11]  ; 12.527 ; 12.527 ; 12.527 ; 12.527 ;
; MIR[22]    ; OUTPUT[12]  ; 12.751 ; 12.751 ; 12.751 ; 12.751 ;
; MIR[22]    ; OUTPUT[13]  ; 12.537 ; 12.537 ; 12.537 ; 12.537 ;
; MIR[22]    ; OUTPUT[14]  ; 14.036 ; 14.036 ; 14.036 ; 14.036 ;
; MIR[22]    ; OUTPUT[15]  ; 13.749 ; 13.749 ; 13.749 ; 13.749 ;
; MIR[22]    ; OUTPUT[16]  ; 13.939 ; 13.939 ; 13.939 ; 13.939 ;
; MIR[22]    ; OUTPUT[17]  ; 13.360 ; 13.360 ; 13.360 ; 13.360 ;
; MIR[22]    ; OUTPUT[18]  ; 13.366 ; 13.366 ; 13.366 ; 13.366 ;
; MIR[22]    ; OUTPUT[19]  ; 13.587 ; 13.587 ; 13.587 ; 13.587 ;
; MIR[22]    ; OUTPUT[20]  ; 12.687 ; 12.687 ; 12.687 ; 12.687 ;
; MIR[22]    ; OUTPUT[21]  ; 14.188 ; 14.188 ; 14.188 ; 14.188 ;
; MIR[22]    ; OUTPUT[22]  ; 14.219 ; 14.219 ; 14.219 ; 14.219 ;
; MIR[22]    ; OUTPUT[23]  ; 13.855 ; 13.855 ; 13.855 ; 13.855 ;
; MIR[22]    ; OUTPUT[24]  ; 13.591 ; 13.591 ; 13.591 ; 13.591 ;
; MIR[22]    ; OUTPUT[25]  ; 13.948 ; 13.948 ; 13.948 ; 13.948 ;
; MIR[22]    ; OUTPUT[26]  ; 13.082 ; 13.082 ; 13.082 ; 13.082 ;
; MIR[22]    ; OUTPUT[27]  ; 12.781 ; 12.781 ; 12.781 ; 12.781 ;
; MIR[22]    ; OUTPUT[28]  ; 13.616 ; 13.616 ; 13.616 ; 13.616 ;
; MIR[22]    ; OUTPUT[29]  ; 14.066 ; 14.066 ; 14.066 ; 14.066 ;
; MIR[22]    ; OUTPUT[30]  ; 13.452 ; 13.452 ; 13.452 ; 13.452 ;
; MIR[22]    ; OUTPUT[31]  ; 14.243 ; 14.243 ; 14.243 ; 14.243 ;
; MIR[22]    ; Z           ; 23.778 ; 23.778 ; 23.778 ; 23.778 ;
; MIR[23]    ; N           ; 14.442 ; 14.442 ; 14.442 ; 14.442 ;
; MIR[23]    ; OUTPUT[0]   ; 12.670 ; 12.670 ; 12.670 ; 12.670 ;
; MIR[23]    ; OUTPUT[1]   ; 12.302 ; 12.302 ; 12.302 ; 12.302 ;
; MIR[23]    ; OUTPUT[2]   ; 11.884 ; 11.884 ; 11.884 ; 11.884 ;
; MIR[23]    ; OUTPUT[3]   ; 12.242 ; 12.242 ; 12.242 ; 12.242 ;
; MIR[23]    ; OUTPUT[4]   ; 11.584 ; 11.584 ; 11.584 ; 11.584 ;
; MIR[23]    ; OUTPUT[5]   ; 11.895 ; 11.895 ; 11.895 ; 11.895 ;
; MIR[23]    ; OUTPUT[6]   ; 13.021 ; 13.021 ; 13.021 ; 13.021 ;
; MIR[23]    ; OUTPUT[7]   ; 13.583 ; 13.583 ; 13.583 ; 13.583 ;
; MIR[23]    ; OUTPUT[8]   ; 14.648 ; 14.648 ; 14.648 ; 14.648 ;
; MIR[23]    ; OUTPUT[9]   ; 14.396 ; 14.396 ; 14.396 ; 14.396 ;
; MIR[23]    ; OUTPUT[10]  ; 13.357 ; 13.357 ; 13.357 ; 13.357 ;
; MIR[23]    ; OUTPUT[11]  ; 12.596 ; 12.596 ; 12.596 ; 12.596 ;
; MIR[23]    ; OUTPUT[12]  ; 12.814 ; 12.814 ; 12.814 ; 12.814 ;
; MIR[23]    ; OUTPUT[13]  ; 12.600 ; 12.600 ; 12.600 ; 12.600 ;
; MIR[23]    ; OUTPUT[14]  ; 14.249 ; 14.249 ; 14.249 ; 14.249 ;
; MIR[23]    ; OUTPUT[15]  ; 13.967 ; 13.967 ; 13.967 ; 13.967 ;
; MIR[23]    ; OUTPUT[16]  ; 14.156 ; 14.156 ; 14.156 ; 14.156 ;
; MIR[23]    ; OUTPUT[17]  ; 13.576 ; 13.576 ; 13.576 ; 13.576 ;
; MIR[23]    ; OUTPUT[18]  ; 13.184 ; 13.184 ; 13.184 ; 13.184 ;
; MIR[23]    ; OUTPUT[19]  ; 13.408 ; 13.408 ; 13.408 ; 13.408 ;
; MIR[23]    ; OUTPUT[20]  ; 12.502 ; 12.502 ; 12.502 ; 12.502 ;
; MIR[23]    ; OUTPUT[21]  ; 14.639 ; 14.639 ; 14.639 ; 14.639 ;
; MIR[23]    ; OUTPUT[22]  ; 13.989 ; 13.989 ; 13.989 ; 13.989 ;
; MIR[23]    ; OUTPUT[23]  ; 14.061 ; 14.061 ; 14.061 ; 14.061 ;
; MIR[23]    ; OUTPUT[24]  ; 13.809 ; 13.809 ; 13.809 ; 13.809 ;
; MIR[23]    ; OUTPUT[25]  ; 14.165 ; 14.165 ; 14.165 ; 14.165 ;
; MIR[23]    ; OUTPUT[26]  ; 13.153 ; 13.153 ; 13.153 ; 13.153 ;
; MIR[23]    ; OUTPUT[27]  ; 12.854 ; 12.854 ; 12.854 ; 12.854 ;
; MIR[23]    ; OUTPUT[28]  ; 12.959 ; 12.959 ; 12.959 ; 12.959 ;
; MIR[23]    ; OUTPUT[29]  ; 14.519 ; 14.519 ; 14.519 ; 14.519 ;
; MIR[23]    ; OUTPUT[30]  ; 13.901 ; 13.901 ; 13.901 ; 13.901 ;
; MIR[23]    ; OUTPUT[31]  ; 14.442 ; 14.442 ; 14.442 ; 14.442 ;
; MIR[23]    ; Z           ; 23.995 ; 23.995 ; 23.995 ; 23.995 ;
+------------+-------------+--------+--------+--------+--------+


+----------------------------------------------------------+
; Minimum Progagation Delay                                ;
+------------+-------------+-------+-------+-------+-------+
; Input Port ; Output Port ; RR    ; RF    ; FR    ; FF    ;
+------------+-------------+-------+-------+-------+-------+
; INPUT[0]   ; OUTPUT[0]   ; 3.035 ;       ;       ; 3.035 ;
; INPUT[0]   ; OUTPUT[8]   ; 3.617 ;       ;       ; 3.617 ;
; INPUT[0]   ; Z           ;       ; 5.087 ; 5.087 ;       ;
; INPUT[1]   ; OUTPUT[0]   ; 3.024 ;       ;       ; 3.024 ;
; INPUT[1]   ; OUTPUT[1]   ; 2.927 ;       ;       ; 2.927 ;
; INPUT[1]   ; OUTPUT[9]   ; 3.521 ;       ;       ; 3.521 ;
; INPUT[1]   ; Z           ;       ; 5.076 ; 5.076 ;       ;
; INPUT[2]   ; OUTPUT[1]   ; 5.431 ;       ;       ; 5.431 ;
; INPUT[2]   ; OUTPUT[2]   ; 5.446 ;       ;       ; 5.446 ;
; INPUT[2]   ; OUTPUT[10]  ; 5.888 ;       ;       ; 5.888 ;
; INPUT[2]   ; Z           ;       ; 7.660 ; 7.660 ;       ;
; INPUT[3]   ; OUTPUT[2]   ; 5.135 ;       ;       ; 5.135 ;
; INPUT[3]   ; OUTPUT[3]   ; 5.246 ;       ;       ; 5.246 ;
; INPUT[3]   ; OUTPUT[11]  ; 5.215 ;       ;       ; 5.215 ;
; INPUT[3]   ; Z           ;       ; 8.166 ; 8.166 ;       ;
; INPUT[4]   ; OUTPUT[3]   ; 5.228 ;       ;       ; 5.228 ;
; INPUT[4]   ; OUTPUT[4]   ; 5.192 ;       ;       ; 5.192 ;
; INPUT[4]   ; OUTPUT[12]  ; 5.390 ;       ;       ; 5.390 ;
; INPUT[4]   ; Z           ;       ; 8.028 ; 8.028 ;       ;
; INPUT[5]   ; OUTPUT[4]   ; 5.053 ;       ;       ; 5.053 ;
; INPUT[5]   ; OUTPUT[5]   ; 5.236 ;       ;       ; 5.236 ;
; INPUT[5]   ; OUTPUT[13]  ; 5.329 ;       ;       ; 5.329 ;
; INPUT[5]   ; Z           ;       ; 8.008 ; 8.008 ;       ;
; INPUT[6]   ; OUTPUT[5]   ; 5.308 ;       ;       ; 5.308 ;
; INPUT[6]   ; OUTPUT[6]   ; 5.518 ;       ;       ; 5.518 ;
; INPUT[6]   ; OUTPUT[14]  ; 6.043 ;       ;       ; 6.043 ;
; INPUT[6]   ; Z           ;       ; 8.054 ; 8.054 ;       ;
; INPUT[7]   ; OUTPUT[6]   ; 5.340 ;       ;       ; 5.340 ;
; INPUT[7]   ; OUTPUT[7]   ; 5.722 ;       ;       ; 5.722 ;
; INPUT[7]   ; OUTPUT[15]  ; 5.853 ;       ;       ; 5.853 ;
; INPUT[7]   ; Z           ;       ; 7.876 ; 7.876 ;       ;
; INPUT[8]   ; OUTPUT[7]   ; 5.384 ;       ;       ; 5.384 ;
; INPUT[8]   ; OUTPUT[8]   ; 5.437 ;       ;       ; 5.437 ;
; INPUT[8]   ; OUTPUT[16]  ; 5.536 ;       ;       ; 5.536 ;
; INPUT[8]   ; Z           ;       ; 7.293 ; 7.293 ;       ;
; INPUT[9]   ; OUTPUT[8]   ; 5.707 ;       ;       ; 5.707 ;
; INPUT[9]   ; OUTPUT[9]   ; 5.344 ;       ;       ; 5.344 ;
; INPUT[9]   ; OUTPUT[17]  ; 5.383 ;       ;       ; 5.383 ;
; INPUT[9]   ; Z           ;       ; 7.216 ; 7.216 ;       ;
; INPUT[10]  ; OUTPUT[9]   ; 5.981 ;       ;       ; 5.981 ;
; INPUT[10]  ; OUTPUT[10]  ; 5.234 ;       ;       ; 5.234 ;
; INPUT[10]  ; OUTPUT[18]  ; 5.681 ;       ;       ; 5.681 ;
; INPUT[10]  ; Z           ;       ; 7.853 ; 7.853 ;       ;
; INPUT[11]  ; OUTPUT[10]  ; 5.558 ;       ;       ; 5.558 ;
; INPUT[11]  ; OUTPUT[11]  ; 5.015 ;       ;       ; 5.015 ;
; INPUT[11]  ; OUTPUT[19]  ; 5.741 ;       ;       ; 5.741 ;
; INPUT[11]  ; Z           ;       ; 7.966 ; 7.966 ;       ;
; INPUT[12]  ; OUTPUT[11]  ; 5.274 ;       ;       ; 5.274 ;
; INPUT[12]  ; OUTPUT[12]  ; 5.193 ;       ;       ; 5.193 ;
; INPUT[12]  ; OUTPUT[20]  ; 5.347 ;       ;       ; 5.347 ;
; INPUT[12]  ; Z           ;       ; 7.831 ; 7.831 ;       ;
; INPUT[13]  ; OUTPUT[12]  ; 5.540 ;       ;       ; 5.540 ;
; INPUT[13]  ; OUTPUT[13]  ; 5.170 ;       ;       ; 5.170 ;
; INPUT[13]  ; OUTPUT[21]  ; 5.883 ;       ;       ; 5.883 ;
; INPUT[13]  ; Z           ;       ; 8.108 ; 8.108 ;       ;
; INPUT[14]  ; OUTPUT[13]  ; 5.473 ;       ;       ; 5.473 ;
; INPUT[14]  ; OUTPUT[14]  ; 5.720 ;       ;       ; 5.720 ;
; INPUT[14]  ; OUTPUT[22]  ; 5.660 ;       ;       ; 5.660 ;
; INPUT[14]  ; Z           ;       ; 8.411 ; 8.411 ;       ;
; INPUT[15]  ; OUTPUT[14]  ; 5.717 ;       ;       ; 5.717 ;
; INPUT[15]  ; OUTPUT[15]  ; 5.447 ;       ;       ; 5.447 ;
; INPUT[15]  ; OUTPUT[23]  ; 5.604 ;       ;       ; 5.604 ;
; INPUT[15]  ; Z           ;       ; 8.371 ; 8.371 ;       ;
; INPUT[16]  ; OUTPUT[15]  ; 5.639 ;       ;       ; 5.639 ;
; INPUT[16]  ; OUTPUT[16]  ; 5.383 ;       ;       ; 5.383 ;
; INPUT[16]  ; OUTPUT[24]  ; 5.540 ;       ;       ; 5.540 ;
; INPUT[16]  ; Z           ;       ; 8.346 ; 8.346 ;       ;
; INPUT[17]  ; OUTPUT[16]  ; 5.526 ;       ;       ; 5.526 ;
; INPUT[17]  ; OUTPUT[17]  ; 5.137 ;       ;       ; 5.137 ;
; INPUT[17]  ; OUTPUT[25]  ; 5.518 ;       ;       ; 5.518 ;
; INPUT[17]  ; Z           ;       ; 8.226 ; 8.226 ;       ;
; INPUT[18]  ; OUTPUT[17]  ; 5.642 ;       ;       ; 5.642 ;
; INPUT[18]  ; OUTPUT[18]  ; 5.312 ;       ;       ; 5.312 ;
; INPUT[18]  ; OUTPUT[26]  ; 5.329 ;       ;       ; 5.329 ;
; INPUT[18]  ; Z           ;       ; 7.920 ; 7.920 ;       ;
; INPUT[19]  ; OUTPUT[18]  ; 5.478 ;       ;       ; 5.478 ;
; INPUT[19]  ; OUTPUT[19]  ; 5.225 ;       ;       ; 5.225 ;
; INPUT[19]  ; OUTPUT[27]  ; 5.341 ;       ;       ; 5.341 ;
; INPUT[19]  ; Z           ;       ; 7.724 ; 7.724 ;       ;
; INPUT[20]  ; OUTPUT[19]  ; 5.571 ;       ;       ; 5.571 ;
; INPUT[20]  ; OUTPUT[20]  ; 5.141 ;       ;       ; 5.141 ;
; INPUT[20]  ; OUTPUT[28]  ; 5.440 ;       ;       ; 5.440 ;
; INPUT[20]  ; Z           ;       ; 7.926 ; 7.926 ;       ;
; INPUT[21]  ; OUTPUT[20]  ; 5.291 ;       ;       ; 5.291 ;
; INPUT[21]  ; OUTPUT[21]  ; 5.496 ;       ;       ; 5.496 ;
; INPUT[21]  ; OUTPUT[29]  ; 5.735 ;       ;       ; 5.735 ;
; INPUT[21]  ; Z           ;       ; 8.076 ; 8.076 ;       ;
; INPUT[22]  ; OUTPUT[21]  ; 5.538 ;       ;       ; 5.538 ;
; INPUT[22]  ; OUTPUT[22]  ; 5.127 ;       ;       ; 5.127 ;
; INPUT[22]  ; OUTPUT[30]  ; 5.056 ;       ;       ; 5.056 ;
; INPUT[22]  ; Z           ;       ; 7.866 ; 7.866 ;       ;
; INPUT[23]  ; N           ; 5.494 ;       ;       ; 5.494 ;
; INPUT[23]  ; OUTPUT[22]  ; 5.351 ;       ;       ; 5.351 ;
; INPUT[23]  ; OUTPUT[23]  ; 4.966 ;       ;       ; 4.966 ;
; INPUT[23]  ; OUTPUT[31]  ; 5.494 ;       ;       ; 5.494 ;
; INPUT[23]  ; Z           ;       ; 7.397 ; 7.397 ;       ;
; INPUT[24]  ; OUTPUT[23]  ; 5.798 ;       ;       ; 5.798 ;
; INPUT[24]  ; OUTPUT[24]  ; 5.466 ;       ;       ; 5.466 ;
; INPUT[24]  ; Z           ;       ; 8.529 ; 8.529 ;       ;
; INPUT[25]  ; OUTPUT[24]  ; 5.486 ;       ;       ; 5.486 ;
; INPUT[25]  ; OUTPUT[25]  ; 5.314 ;       ;       ; 5.314 ;
; INPUT[25]  ; Z           ;       ; 8.351 ; 8.351 ;       ;
; INPUT[26]  ; OUTPUT[25]  ; 5.841 ;       ;       ; 5.841 ;
; INPUT[26]  ; OUTPUT[26]  ; 5.103 ;       ;       ; 5.103 ;
; INPUT[26]  ; Z           ;       ; 7.870 ; 7.870 ;       ;
; INPUT[27]  ; OUTPUT[26]  ; 5.310 ;       ;       ; 5.310 ;
; INPUT[27]  ; OUTPUT[27]  ; 5.046 ;       ;       ; 5.046 ;
; INPUT[27]  ; Z           ;       ; 7.894 ; 7.894 ;       ;
; INPUT[28]  ; OUTPUT[27]  ; 5.162 ;       ;       ; 5.162 ;
; INPUT[28]  ; OUTPUT[28]  ; 5.080 ;       ;       ; 5.080 ;
; INPUT[28]  ; Z           ;       ; 7.747 ; 7.747 ;       ;
; INPUT[29]  ; OUTPUT[28]  ; 5.199 ;       ;       ; 5.199 ;
; INPUT[29]  ; OUTPUT[29]  ; 5.029 ;       ;       ; 5.029 ;
; INPUT[29]  ; Z           ;       ; 7.825 ; 7.825 ;       ;
; INPUT[30]  ; OUTPUT[29]  ; 5.520 ;       ;       ; 5.520 ;
; INPUT[30]  ; OUTPUT[30]  ; 5.437 ;       ;       ; 5.437 ;
; INPUT[30]  ; Z           ;       ; 8.247 ; 8.247 ;       ;
; INPUT[31]  ; N           ; 5.538 ;       ;       ; 5.538 ;
; INPUT[31]  ; OUTPUT[30]  ; 5.249 ;       ;       ; 5.249 ;
; INPUT[31]  ; OUTPUT[31]  ; 5.538 ;       ;       ; 5.538 ;
; INPUT[31]  ; Z           ;       ; 7.441 ; 7.441 ;       ;
; MIR[22]    ; N           ; 5.951 ; 5.951 ; 5.951 ; 5.951 ;
; MIR[22]    ; OUTPUT[0]   ; 5.441 ; 5.441 ; 5.441 ; 5.441 ;
; MIR[22]    ; OUTPUT[1]   ; 5.340 ; 5.340 ; 5.340 ; 5.340 ;
; MIR[22]    ; OUTPUT[2]   ; 5.202 ; 5.202 ; 5.202 ; 5.202 ;
; MIR[22]    ; OUTPUT[3]   ; 5.313 ; 5.313 ; 5.313 ; 5.313 ;
; MIR[22]    ; OUTPUT[4]   ; 5.153 ; 5.153 ; 5.153 ; 5.153 ;
; MIR[22]    ; OUTPUT[5]   ; 5.220 ; 5.220 ; 5.220 ; 5.220 ;
; MIR[22]    ; OUTPUT[6]   ; 5.610 ; 5.610 ; 5.610 ; 5.610 ;
; MIR[22]    ; OUTPUT[7]   ; 5.740 ; 5.740 ; 5.740 ; 5.740 ;
; MIR[22]    ; OUTPUT[8]   ; 5.756 ; 5.756 ; 5.756 ; 5.756 ;
; MIR[22]    ; OUTPUT[9]   ; 5.669 ; 5.669 ; 5.669 ; 5.669 ;
; MIR[22]    ; OUTPUT[10]  ; 5.368 ; 5.368 ; 5.368 ; 5.368 ;
; MIR[22]    ; OUTPUT[11]  ; 5.008 ; 5.008 ; 5.008 ; 5.008 ;
; MIR[22]    ; OUTPUT[12]  ; 5.319 ; 5.319 ; 5.319 ; 5.319 ;
; MIR[22]    ; OUTPUT[13]  ; 5.234 ; 5.234 ; 5.234 ; 5.234 ;
; MIR[22]    ; OUTPUT[14]  ; 5.667 ; 5.667 ; 5.667 ; 5.667 ;
; MIR[22]    ; OUTPUT[15]  ; 5.667 ; 5.667 ; 5.667 ; 5.667 ;
; MIR[22]    ; OUTPUT[16]  ; 5.620 ; 5.620 ; 5.620 ; 5.620 ;
; MIR[22]    ; OUTPUT[17]  ; 5.629 ; 5.629 ; 5.629 ; 5.629 ;
; MIR[22]    ; OUTPUT[18]  ; 5.637 ; 5.637 ; 5.637 ; 5.637 ;
; MIR[22]    ; OUTPUT[19]  ; 5.489 ; 5.489 ; 5.489 ; 5.489 ;
; MIR[22]    ; OUTPUT[20]  ; 5.457 ; 5.457 ; 5.457 ; 5.457 ;
; MIR[22]    ; OUTPUT[21]  ; 5.668 ; 5.668 ; 5.668 ; 5.668 ;
; MIR[22]    ; OUTPUT[22]  ; 5.532 ; 5.532 ; 5.532 ; 5.532 ;
; MIR[22]    ; OUTPUT[23]  ; 5.423 ; 5.423 ; 5.423 ; 5.423 ;
; MIR[22]    ; OUTPUT[24]  ; 5.497 ; 5.497 ; 5.497 ; 5.497 ;
; MIR[22]    ; OUTPUT[25]  ; 5.594 ; 5.594 ; 5.594 ; 5.594 ;
; MIR[22]    ; OUTPUT[26]  ; 5.313 ; 5.313 ; 5.313 ; 5.313 ;
; MIR[22]    ; OUTPUT[27]  ; 5.321 ; 5.321 ; 5.321 ; 5.321 ;
; MIR[22]    ; OUTPUT[28]  ; 5.370 ; 5.370 ; 5.370 ; 5.370 ;
; MIR[22]    ; OUTPUT[29]  ; 5.476 ; 5.476 ; 5.476 ; 5.476 ;
; MIR[22]    ; OUTPUT[30]  ; 5.460 ; 5.728 ; 5.728 ; 5.460 ;
; MIR[22]    ; OUTPUT[31]  ; 5.951 ; 5.951 ; 5.951 ; 5.951 ;
; MIR[22]    ; Z           ; 7.493 ; 7.493 ; 7.493 ; 7.493 ;
; MIR[23]    ; N           ; 5.990 ; 5.990 ; 5.990 ; 5.990 ;
; MIR[23]    ; OUTPUT[0]   ; 5.490 ; 5.490 ; 5.490 ; 5.490 ;
; MIR[23]    ; OUTPUT[1]   ; 5.389 ; 5.389 ; 5.389 ; 5.389 ;
; MIR[23]    ; OUTPUT[2]   ; 5.204 ; 5.204 ; 5.204 ; 5.204 ;
; MIR[23]    ; OUTPUT[3]   ; 5.317 ; 5.317 ; 5.317 ; 5.317 ;
; MIR[23]    ; OUTPUT[4]   ; 5.158 ; 5.158 ; 5.158 ; 5.158 ;
; MIR[23]    ; OUTPUT[5]   ; 5.222 ; 5.222 ; 5.222 ; 5.222 ;
; MIR[23]    ; OUTPUT[6]   ; 5.610 ; 5.610 ; 5.610 ; 5.610 ;
; MIR[23]    ; OUTPUT[7]   ; 5.798 ; 5.798 ; 5.798 ; 5.798 ;
; MIR[23]    ; OUTPUT[8]   ; 5.799 ; 5.799 ; 5.799 ; 5.799 ;
; MIR[23]    ; OUTPUT[9]   ; 5.717 ; 5.717 ; 5.717 ; 5.717 ;
; MIR[23]    ; OUTPUT[10]  ; 5.370 ; 5.370 ; 5.370 ; 5.370 ;
; MIR[23]    ; OUTPUT[11]  ; 5.131 ; 5.131 ; 5.131 ; 5.131 ;
; MIR[23]    ; OUTPUT[12]  ; 5.328 ; 5.328 ; 5.328 ; 5.328 ;
; MIR[23]    ; OUTPUT[13]  ; 5.313 ; 5.313 ; 5.313 ; 5.313 ;
; MIR[23]    ; OUTPUT[14]  ; 5.717 ; 5.717 ; 5.717 ; 5.717 ;
; MIR[23]    ; OUTPUT[15]  ; 5.788 ; 5.788 ; 5.788 ; 5.788 ;
; MIR[23]    ; OUTPUT[16]  ; 5.676 ; 5.676 ; 5.676 ; 5.676 ;
; MIR[23]    ; OUTPUT[17]  ; 5.563 ; 5.563 ; 5.563 ; 5.563 ;
; MIR[23]    ; OUTPUT[18]  ; 5.380 ; 5.380 ; 5.380 ; 5.380 ;
; MIR[23]    ; OUTPUT[19]  ; 5.424 ; 5.424 ; 5.424 ; 5.424 ;
; MIR[23]    ; OUTPUT[20]  ; 5.203 ; 5.203 ; 5.203 ; 5.203 ;
; MIR[23]    ; OUTPUT[21]  ; 5.703 ; 5.703 ; 5.703 ; 5.703 ;
; MIR[23]    ; OUTPUT[22]  ; 5.570 ; 5.570 ; 5.570 ; 5.570 ;
; MIR[23]    ; OUTPUT[23]  ; 5.462 ; 5.462 ; 5.462 ; 5.462 ;
; MIR[23]    ; OUTPUT[24]  ; 5.553 ; 5.553 ; 5.553 ; 5.553 ;
; MIR[23]    ; OUTPUT[25]  ; 5.638 ; 5.638 ; 5.638 ; 5.638 ;
; MIR[23]    ; OUTPUT[26]  ; 5.181 ; 5.181 ; 5.181 ; 5.181 ;
; MIR[23]    ; OUTPUT[27]  ; 5.252 ; 5.252 ; 5.252 ; 5.252 ;
; MIR[23]    ; OUTPUT[28]  ; 5.234 ; 5.234 ; 5.234 ; 5.234 ;
; MIR[23]    ; OUTPUT[29]  ; 5.220 ; 5.220 ; 5.220 ; 5.220 ;
; MIR[23]    ; OUTPUT[30]  ; 5.834 ; 5.495 ; 5.495 ; 5.834 ;
; MIR[23]    ; OUTPUT[31]  ; 5.990 ; 5.990 ; 5.990 ; 5.990 ;
; MIR[23]    ; Z           ; 7.542 ; 7.542 ; 7.542 ; 7.542 ;
+------------+-------------+-------+-------+-------+-------+


-------------------
; Clock Transfers ;
-------------------
Nothing to report.


---------------
; Report TCCS ;
---------------
No dedicated SERDES Transmitter circuitry present in device or used in design


---------------
; Report RSKM ;
---------------
No dedicated SERDES Receiver circuitry present in device or used in design


+------------------------------------------------+
; Unconstrained Paths                            ;
+---------------------------------+-------+------+
; Property                        ; Setup ; Hold ;
+---------------------------------+-------+------+
; Illegal Clocks                  ; 0     ; 0    ;
; Unconstrained Clocks            ; 0     ; 0    ;
; Unconstrained Input Ports       ; 34    ; 34   ;
; Unconstrained Input Port Paths  ; 189   ; 189  ;
; Unconstrained Output Ports      ; 34    ; 34   ;
; Unconstrained Output Port Paths ; 189   ; 189  ;
+---------------------------------+-------+------+


+------------------------------------+
; TimeQuest Timing Analyzer Messages ;
+------------------------------------+
Info: *******************************************************************
Info: Running Quartus II 64-Bit TimeQuest Timing Analyzer
    Info: Version 13.0.1 Build 232 06/12/2013 Service Pack 1 SJ Web Edition
    Info: Processing started: Sun Jul 21 20:49:38 2024
Info: Command: quartus_sta MIC1 -c MIC1
Info: qsta_default_script.tcl version: #1
Warning (20028): Parallel compilation is not licensed and has been disabled
Info (21077): Low junction temperature is -40 degrees C
Info (21077): High junction temperature is 125 degrees C
Critical Warning (332012): Synopsys Design Constraints File file not found: 'MIC1.sdc'. A Synopsys Design Constraints File is required by the TimeQuest Timing Analyzer to get proper timing constraints. Without it, the Compiler will not properly optimize the design.
Info (332142): No user constrained base clocks found in the design. Calling "derive_clocks -period 1.0"
Info (332096): The command derive_clocks did not find any clocks to derive.  No clocks were created or changed.
Warning (332068): No clocks defined in design.
Info: Found TIMEQUEST_REPORT_SCRIPT_INCLUDE_DEFAULT_ANALYSIS = ON
Info (332159): No clocks to report
Info: Analyzing Slow Model
Info (332140): No fmax paths to report
Info (332140): No Setup paths to report
Info (332140): No Hold paths to report
Info (332140): No Recovery paths to report
Info (332140): No Removal paths to report
Info (332140): No Minimum Pulse Width paths to report
Info (332001): The selected device family is not supported by the report_metastability command.
Info: Analyzing Fast Model
Info (332142): No user constrained base clocks found in the design. Calling "derive_clocks -period 1.0"
Info (332096): The command derive_clocks did not find any clocks to derive.  No clocks were created or changed.
Warning (332068): No clocks defined in design.
Info (332140): No Setup paths to report
Info (332140): No Hold paths to report
Info (332140): No Recovery paths to report
Info (332140): No Removal paths to report
Info (332140): No Minimum Pulse Width paths to report
Info (332001): The selected device family is not supported by the report_metastability command.
Info (332102): Design is not fully constrained for setup requirements
Info (332102): Design is not fully constrained for hold requirements
Info: Quartus II 64-Bit TimeQuest Timing Analyzer was successful. 0 errors, 4 warnings
    Info: Peak virtual memory: 4546 megabytes
    Info: Processing ended: Sun Jul 21 20:49:38 2024
    Info: Elapsed time: 00:00:00
    Info: Total CPU time (on all processors): 00:00:00


