TimeQuest Timing Analyzer report for MIC1
Sun Aug 18 21:55:12 2024
Quartus II 64-Bit Version 13.0.1 Build 232 06/12/2013 Service Pack 1 SJ Web Edition


---------------------
; Table of Contents ;
---------------------
  1. Legal Notice
  2. TimeQuest Timing Analyzer Summary
  3. Parallel Compilation
  4. Clocks
  5. Slow Model Fmax Summary
  6. Slow Model Setup Summary
  7. Slow Model Hold Summary
  8. Slow Model Recovery Summary
  9. Slow Model Removal Summary
 10. Slow Model Minimum Pulse Width Summary
 11. Propagation Delay
 12. Minimum Propagation Delay
 13. Fast Model Setup Summary
 14. Fast Model Hold Summary
 15. Fast Model Recovery Summary
 16. Fast Model Removal Summary
 17. Fast Model Minimum Pulse Width Summary
 18. Propagation Delay
 19. Minimum Propagation Delay
 20. Multicorner Timing Analysis Summary
 21. Progagation Delay
 22. Minimum Progagation Delay
 23. Clock Transfers
 24. Report TCCS
 25. Report RSKM
 26. Unconstrained Paths
 27. TimeQuest Timing Analyzer Messages



----------------
; Legal Notice ;
----------------
Copyright (C) 1991-2013 Altera Corporation
Your use of Altera Corporation's design tools, logic functions 
and other software and tools, and its AMPP partner logic 
functions, and any output files from any of the foregoing 
(including device programming or simulation files), and any 
associated documentation or information are expressly subject 
to the terms and conditions of the Altera Program License 
Subscription Agreement, Altera MegaCore Function License 
Agreement, or other applicable license agreement, including, 
without limitation, that your use is for the sole purpose of 
programming logic devices manufactured by Altera and sold by 
Altera or its authorized distributors.  Please refer to the 
applicable agreement for further details.



+----------------------------------------------------------------------------------------+
; TimeQuest Timing Analyzer Summary                                                      ;
+--------------------+-------------------------------------------------------------------+
; Quartus II Version ; Version 13.0.1 Build 232 06/12/2013 Service Pack 1 SJ Web Edition ;
; Revision Name      ; MIC1                                                              ;
; Device Family      ; Cyclone II                                                        ;
; Device Name        ; EP2C70F896I8                                                      ;
; Timing Models      ; Final                                                             ;
; Delay Model        ; Combined                                                          ;
; Rise/Fall Delays   ; Unavailable                                                       ;
+--------------------+-------------------------------------------------------------------+


Parallel compilation was disabled, but you have multiple processors available. Enable parallel compilation to reduce compilation time.
+-------------------------------------+
; Parallel Compilation                ;
+----------------------------+--------+
; Processors                 ; Number ;
+----------------------------+--------+
; Number detected on machine ; 16     ;
; Maximum allowed            ; 1      ;
+----------------------------+--------+


----------
; Clocks ;
----------
No clocks to report.


---------------------------
; Slow Model Fmax Summary ;
---------------------------
No paths to report.


----------------------------
; Slow Model Setup Summary ;
----------------------------
No paths to report.


---------------------------
; Slow Model Hold Summary ;
---------------------------
No paths to report.


-------------------------------
; Slow Model Recovery Summary ;
-------------------------------
No paths to report.


------------------------------
; Slow Model Removal Summary ;
------------------------------
No paths to report.


------------------------------------------
; Slow Model Minimum Pulse Width Summary ;
------------------------------------------
No paths to report.


+--------------------------------------------------------------+
; Propagation Delay                                            ;
+------------+-------------+--------+--------+--------+--------+
; Input Port ; Output Port ; RR     ; RF     ; FR     ; FF     ;
+------------+-------------+--------+--------+--------+--------+
; MIR[0]     ; OUT_B[0]    ; 13.764 ;        ;        ; 13.764 ;
; MIR[0]     ; OUT_B[1]    ; 7.594  ;        ;        ; 7.594  ;
; MIR[0]     ; OUT_B[2]    ; 11.931 ;        ;        ; 11.931 ;
; MIR[0]     ; OUT_B[3]    ; 13.058 ;        ;        ; 13.058 ;
; MIR[0]     ; OUT_B[4]    ; 16.778 ;        ;        ; 16.778 ;
; MIR[0]     ; OUT_B[5]    ; 17.452 ;        ;        ; 17.452 ;
; MIR[0]     ; OUT_B[6]    ; 12.989 ;        ;        ; 12.989 ;
; MIR[0]     ; OUT_B[7]    ; 8.014  ;        ;        ; 8.014  ;
; MIR[0]     ; OUT_B[8]    ; 15.950 ;        ;        ; 15.950 ;
; MIR[0]     ; OUT_B[9]    ; 7.584  ;        ;        ; 7.584  ;
; MIR[0]     ; OUT_B[10]   ; 13.685 ;        ;        ; 13.685 ;
; MIR[0]     ; OUT_B[11]   ; 11.931 ;        ;        ; 11.931 ;
; MIR[0]     ; OUT_B[12]   ; 12.648 ;        ;        ; 12.648 ;
; MIR[0]     ; OUT_B[13]   ; 13.054 ;        ;        ; 13.054 ;
; MIR[0]     ; OUT_B[14]   ; 14.473 ;        ;        ; 14.473 ;
; MIR[0]     ; OUT_B[15]   ; 13.358 ;        ;        ; 13.358 ;
; MIR[0]     ; OUT_B[16]   ; 8.036  ;        ;        ; 8.036  ;
; MIR[0]     ; OUT_B[17]   ; 13.498 ;        ;        ; 13.498 ;
; MIR[0]     ; OUT_B[18]   ; 14.139 ;        ;        ; 14.139 ;
; MIR[0]     ; OUT_B[19]   ; 7.985  ;        ;        ; 7.985  ;
; MIR[0]     ; OUT_B[20]   ; 7.594  ;        ;        ; 7.594  ;
; MIR[0]     ; OUT_B[21]   ; 16.102 ;        ;        ; 16.102 ;
; MIR[0]     ; OUT_B[22]   ; 13.009 ;        ;        ; 13.009 ;
; MIR[0]     ; OUT_B[23]   ; 12.082 ;        ;        ; 12.082 ;
; MIR[0]     ; OUT_B[24]   ; 17.867 ;        ;        ; 17.867 ;
; MIR[0]     ; OUT_B[25]   ; 12.606 ;        ;        ; 12.606 ;
; MIR[0]     ; OUT_B[26]   ; 8.016  ;        ;        ; 8.016  ;
; MIR[0]     ; OUT_B[27]   ; 7.225  ;        ;        ; 7.225  ;
; MIR[0]     ; OUT_B[28]   ; 13.030 ;        ;        ; 13.030 ;
; MIR[0]     ; OUT_B[29]   ; 16.609 ;        ;        ; 16.609 ;
; MIR[0]     ; OUT_B[30]   ; 14.853 ;        ;        ; 14.853 ;
; MIR[0]     ; OUT_B[31]   ; 7.198  ;        ;        ; 7.198  ;
; MIR[1]     ; OUT_B[0]    ; 18.290 ;        ;        ; 18.290 ;
; MIR[1]     ; OUT_B[1]    ; 12.120 ;        ;        ; 12.120 ;
; MIR[1]     ; OUT_B[2]    ; 16.457 ;        ;        ; 16.457 ;
; MIR[1]     ; OUT_B[3]    ; 17.584 ;        ;        ; 17.584 ;
; MIR[1]     ; OUT_B[4]    ; 21.304 ;        ;        ; 21.304 ;
; MIR[1]     ; OUT_B[5]    ; 21.978 ;        ;        ; 21.978 ;
; MIR[1]     ; OUT_B[6]    ; 17.515 ;        ;        ; 17.515 ;
; MIR[1]     ; OUT_B[7]    ; 12.540 ;        ;        ; 12.540 ;
; MIR[1]     ; OUT_B[8]    ; 20.476 ;        ;        ; 20.476 ;
; MIR[1]     ; OUT_B[9]    ; 12.110 ;        ;        ; 12.110 ;
; MIR[1]     ; OUT_B[10]   ; 18.211 ;        ;        ; 18.211 ;
; MIR[1]     ; OUT_B[11]   ; 16.457 ;        ;        ; 16.457 ;
; MIR[1]     ; OUT_B[12]   ; 17.174 ;        ;        ; 17.174 ;
; MIR[1]     ; OUT_B[13]   ; 17.580 ;        ;        ; 17.580 ;
; MIR[1]     ; OUT_B[14]   ; 18.999 ;        ;        ; 18.999 ;
; MIR[1]     ; OUT_B[15]   ; 17.884 ;        ;        ; 17.884 ;
; MIR[1]     ; OUT_B[16]   ; 12.562 ;        ;        ; 12.562 ;
; MIR[1]     ; OUT_B[17]   ; 18.024 ;        ;        ; 18.024 ;
; MIR[1]     ; OUT_B[18]   ; 18.665 ;        ;        ; 18.665 ;
; MIR[1]     ; OUT_B[19]   ; 12.511 ;        ;        ; 12.511 ;
; MIR[1]     ; OUT_B[20]   ; 12.120 ;        ;        ; 12.120 ;
; MIR[1]     ; OUT_B[21]   ; 20.628 ;        ;        ; 20.628 ;
; MIR[1]     ; OUT_B[22]   ; 17.535 ;        ;        ; 17.535 ;
; MIR[1]     ; OUT_B[23]   ; 16.608 ;        ;        ; 16.608 ;
; MIR[1]     ; OUT_B[24]   ; 22.393 ;        ;        ; 22.393 ;
; MIR[1]     ; OUT_B[25]   ; 17.132 ;        ;        ; 17.132 ;
; MIR[1]     ; OUT_B[26]   ; 12.542 ;        ;        ; 12.542 ;
; MIR[1]     ; OUT_B[27]   ; 11.751 ;        ;        ; 11.751 ;
; MIR[1]     ; OUT_B[28]   ; 17.556 ;        ;        ; 17.556 ;
; MIR[1]     ; OUT_B[29]   ; 21.135 ;        ;        ; 21.135 ;
; MIR[1]     ; OUT_B[30]   ; 19.379 ;        ;        ; 19.379 ;
; MIR[1]     ; OUT_B[31]   ; 11.724 ;        ;        ; 11.724 ;
; MIR[2]     ; OUT_B[0]    ; 18.634 ;        ;        ; 18.634 ;
; MIR[2]     ; OUT_B[1]    ; 12.464 ;        ;        ; 12.464 ;
; MIR[2]     ; OUT_B[2]    ; 16.801 ;        ;        ; 16.801 ;
; MIR[2]     ; OUT_B[3]    ; 17.928 ;        ;        ; 17.928 ;
; MIR[2]     ; OUT_B[4]    ; 21.648 ;        ;        ; 21.648 ;
; MIR[2]     ; OUT_B[5]    ; 22.322 ;        ;        ; 22.322 ;
; MIR[2]     ; OUT_B[6]    ; 17.859 ;        ;        ; 17.859 ;
; MIR[2]     ; OUT_B[7]    ; 12.884 ;        ;        ; 12.884 ;
; MIR[2]     ; OUT_B[8]    ; 20.820 ;        ;        ; 20.820 ;
; MIR[2]     ; OUT_B[9]    ; 12.454 ;        ;        ; 12.454 ;
; MIR[2]     ; OUT_B[10]   ; 18.555 ;        ;        ; 18.555 ;
; MIR[2]     ; OUT_B[11]   ; 16.801 ;        ;        ; 16.801 ;
; MIR[2]     ; OUT_B[12]   ; 17.518 ;        ;        ; 17.518 ;
; MIR[2]     ; OUT_B[13]   ; 17.924 ;        ;        ; 17.924 ;
; MIR[2]     ; OUT_B[14]   ; 19.343 ;        ;        ; 19.343 ;
; MIR[2]     ; OUT_B[15]   ; 18.228 ;        ;        ; 18.228 ;
; MIR[2]     ; OUT_B[16]   ; 12.906 ;        ;        ; 12.906 ;
; MIR[2]     ; OUT_B[17]   ; 18.368 ;        ;        ; 18.368 ;
; MIR[2]     ; OUT_B[18]   ; 19.009 ;        ;        ; 19.009 ;
; MIR[2]     ; OUT_B[19]   ; 12.855 ;        ;        ; 12.855 ;
; MIR[2]     ; OUT_B[20]   ; 12.464 ;        ;        ; 12.464 ;
; MIR[2]     ; OUT_B[21]   ; 20.972 ;        ;        ; 20.972 ;
; MIR[2]     ; OUT_B[22]   ; 17.879 ;        ;        ; 17.879 ;
; MIR[2]     ; OUT_B[23]   ; 16.952 ;        ;        ; 16.952 ;
; MIR[2]     ; OUT_B[24]   ; 22.737 ;        ;        ; 22.737 ;
; MIR[2]     ; OUT_B[25]   ; 17.476 ;        ;        ; 17.476 ;
; MIR[2]     ; OUT_B[26]   ; 12.886 ;        ;        ; 12.886 ;
; MIR[2]     ; OUT_B[27]   ; 12.095 ;        ;        ; 12.095 ;
; MIR[2]     ; OUT_B[28]   ; 17.900 ;        ;        ; 17.900 ;
; MIR[2]     ; OUT_B[29]   ; 21.479 ;        ;        ; 21.479 ;
; MIR[2]     ; OUT_B[30]   ; 19.723 ;        ;        ; 19.723 ;
; MIR[2]     ; OUT_B[31]   ; 12.068 ;        ;        ; 12.068 ;
; MIR[3]     ; OUT_B[0]    ;        ; 13.284 ; 13.284 ;        ;
; MIR[3]     ; OUT_B[1]    ;        ; 7.114  ; 7.114  ;        ;
; MIR[3]     ; OUT_B[2]    ;        ; 11.451 ; 11.451 ;        ;
; MIR[3]     ; OUT_B[3]    ;        ; 12.578 ; 12.578 ;        ;
; MIR[3]     ; OUT_B[4]    ;        ; 16.298 ; 16.298 ;        ;
; MIR[3]     ; OUT_B[5]    ;        ; 16.972 ; 16.972 ;        ;
; MIR[3]     ; OUT_B[6]    ;        ; 12.509 ; 12.509 ;        ;
; MIR[3]     ; OUT_B[7]    ;        ; 7.534  ; 7.534  ;        ;
; MIR[3]     ; OUT_B[8]    ;        ; 15.470 ; 15.470 ;        ;
; MIR[3]     ; OUT_B[9]    ;        ; 7.104  ; 7.104  ;        ;
; MIR[3]     ; OUT_B[10]   ;        ; 13.205 ; 13.205 ;        ;
; MIR[3]     ; OUT_B[11]   ;        ; 11.451 ; 11.451 ;        ;
; MIR[3]     ; OUT_B[12]   ;        ; 12.168 ; 12.168 ;        ;
; MIR[3]     ; OUT_B[13]   ;        ; 12.574 ; 12.574 ;        ;
; MIR[3]     ; OUT_B[14]   ;        ; 13.993 ; 13.993 ;        ;
; MIR[3]     ; OUT_B[15]   ;        ; 12.878 ; 12.878 ;        ;
; MIR[3]     ; OUT_B[16]   ;        ; 7.556  ; 7.556  ;        ;
; MIR[3]     ; OUT_B[17]   ;        ; 13.018 ; 13.018 ;        ;
; MIR[3]     ; OUT_B[18]   ;        ; 13.659 ; 13.659 ;        ;
; MIR[3]     ; OUT_B[19]   ;        ; 7.505  ; 7.505  ;        ;
; MIR[3]     ; OUT_B[20]   ;        ; 7.114  ; 7.114  ;        ;
; MIR[3]     ; OUT_B[21]   ;        ; 15.622 ; 15.622 ;        ;
; MIR[3]     ; OUT_B[22]   ;        ; 12.529 ; 12.529 ;        ;
; MIR[3]     ; OUT_B[23]   ;        ; 11.602 ; 11.602 ;        ;
; MIR[3]     ; OUT_B[24]   ;        ; 17.387 ; 17.387 ;        ;
; MIR[3]     ; OUT_B[25]   ;        ; 12.126 ; 12.126 ;        ;
; MIR[3]     ; OUT_B[26]   ;        ; 7.536  ; 7.536  ;        ;
; MIR[3]     ; OUT_B[27]   ;        ; 6.745  ; 6.745  ;        ;
; MIR[3]     ; OUT_B[28]   ;        ; 12.550 ; 12.550 ;        ;
; MIR[3]     ; OUT_B[29]   ;        ; 16.129 ; 16.129 ;        ;
; MIR[3]     ; OUT_B[30]   ;        ; 14.373 ; 14.373 ;        ;
; MIR[3]     ; OUT_B[31]   ;        ; 6.718  ; 6.718  ;        ;
+------------+-------------+--------+--------+--------+--------+


+--------------------------------------------------------------+
; Minimum Propagation Delay                                    ;
+------------+-------------+--------+--------+--------+--------+
; Input Port ; Output Port ; RR     ; RF     ; FR     ; FF     ;
+------------+-------------+--------+--------+--------+--------+
; MIR[0]     ; OUT_B[0]    ; 13.764 ;        ;        ; 13.764 ;
; MIR[0]     ; OUT_B[1]    ; 7.594  ;        ;        ; 7.594  ;
; MIR[0]     ; OUT_B[2]    ; 11.931 ;        ;        ; 11.931 ;
; MIR[0]     ; OUT_B[3]    ; 13.058 ;        ;        ; 13.058 ;
; MIR[0]     ; OUT_B[4]    ; 16.778 ;        ;        ; 16.778 ;
; MIR[0]     ; OUT_B[5]    ; 17.452 ;        ;        ; 17.452 ;
; MIR[0]     ; OUT_B[6]    ; 12.989 ;        ;        ; 12.989 ;
; MIR[0]     ; OUT_B[7]    ; 8.014  ;        ;        ; 8.014  ;
; MIR[0]     ; OUT_B[8]    ; 15.950 ;        ;        ; 15.950 ;
; MIR[0]     ; OUT_B[9]    ; 7.584  ;        ;        ; 7.584  ;
; MIR[0]     ; OUT_B[10]   ; 13.685 ;        ;        ; 13.685 ;
; MIR[0]     ; OUT_B[11]   ; 11.931 ;        ;        ; 11.931 ;
; MIR[0]     ; OUT_B[12]   ; 12.648 ;        ;        ; 12.648 ;
; MIR[0]     ; OUT_B[13]   ; 13.054 ;        ;        ; 13.054 ;
; MIR[0]     ; OUT_B[14]   ; 14.473 ;        ;        ; 14.473 ;
; MIR[0]     ; OUT_B[15]   ; 13.358 ;        ;        ; 13.358 ;
; MIR[0]     ; OUT_B[16]   ; 8.036  ;        ;        ; 8.036  ;
; MIR[0]     ; OUT_B[17]   ; 13.498 ;        ;        ; 13.498 ;
; MIR[0]     ; OUT_B[18]   ; 14.139 ;        ;        ; 14.139 ;
; MIR[0]     ; OUT_B[19]   ; 7.985  ;        ;        ; 7.985  ;
; MIR[0]     ; OUT_B[20]   ; 7.594  ;        ;        ; 7.594  ;
; MIR[0]     ; OUT_B[21]   ; 16.102 ;        ;        ; 16.102 ;
; MIR[0]     ; OUT_B[22]   ; 13.009 ;        ;        ; 13.009 ;
; MIR[0]     ; OUT_B[23]   ; 12.082 ;        ;        ; 12.082 ;
; MIR[0]     ; OUT_B[24]   ; 17.867 ;        ;        ; 17.867 ;
; MIR[0]     ; OUT_B[25]   ; 12.606 ;        ;        ; 12.606 ;
; MIR[0]     ; OUT_B[26]   ; 8.016  ;        ;        ; 8.016  ;
; MIR[0]     ; OUT_B[27]   ; 7.225  ;        ;        ; 7.225  ;
; MIR[0]     ; OUT_B[28]   ; 13.030 ;        ;        ; 13.030 ;
; MIR[0]     ; OUT_B[29]   ; 16.609 ;        ;        ; 16.609 ;
; MIR[0]     ; OUT_B[30]   ; 14.853 ;        ;        ; 14.853 ;
; MIR[0]     ; OUT_B[31]   ; 7.198  ;        ;        ; 7.198  ;
; MIR[1]     ; OUT_B[0]    ; 18.290 ;        ;        ; 18.290 ;
; MIR[1]     ; OUT_B[1]    ; 12.120 ;        ;        ; 12.120 ;
; MIR[1]     ; OUT_B[2]    ; 16.457 ;        ;        ; 16.457 ;
; MIR[1]     ; OUT_B[3]    ; 17.584 ;        ;        ; 17.584 ;
; MIR[1]     ; OUT_B[4]    ; 21.304 ;        ;        ; 21.304 ;
; MIR[1]     ; OUT_B[5]    ; 21.978 ;        ;        ; 21.978 ;
; MIR[1]     ; OUT_B[6]    ; 17.515 ;        ;        ; 17.515 ;
; MIR[1]     ; OUT_B[7]    ; 12.540 ;        ;        ; 12.540 ;
; MIR[1]     ; OUT_B[8]    ; 20.476 ;        ;        ; 20.476 ;
; MIR[1]     ; OUT_B[9]    ; 12.110 ;        ;        ; 12.110 ;
; MIR[1]     ; OUT_B[10]   ; 18.211 ;        ;        ; 18.211 ;
; MIR[1]     ; OUT_B[11]   ; 16.457 ;        ;        ; 16.457 ;
; MIR[1]     ; OUT_B[12]   ; 17.174 ;        ;        ; 17.174 ;
; MIR[1]     ; OUT_B[13]   ; 17.580 ;        ;        ; 17.580 ;
; MIR[1]     ; OUT_B[14]   ; 18.999 ;        ;        ; 18.999 ;
; MIR[1]     ; OUT_B[15]   ; 17.884 ;        ;        ; 17.884 ;
; MIR[1]     ; OUT_B[16]   ; 12.562 ;        ;        ; 12.562 ;
; MIR[1]     ; OUT_B[17]   ; 18.024 ;        ;        ; 18.024 ;
; MIR[1]     ; OUT_B[18]   ; 18.665 ;        ;        ; 18.665 ;
; MIR[1]     ; OUT_B[19]   ; 12.511 ;        ;        ; 12.511 ;
; MIR[1]     ; OUT_B[20]   ; 12.120 ;        ;        ; 12.120 ;
; MIR[1]     ; OUT_B[21]   ; 20.628 ;        ;        ; 20.628 ;
; MIR[1]     ; OUT_B[22]   ; 17.535 ;        ;        ; 17.535 ;
; MIR[1]     ; OUT_B[23]   ; 16.608 ;        ;        ; 16.608 ;
; MIR[1]     ; OUT_B[24]   ; 22.393 ;        ;        ; 22.393 ;
; MIR[1]     ; OUT_B[25]   ; 17.132 ;        ;        ; 17.132 ;
; MIR[1]     ; OUT_B[26]   ; 12.542 ;        ;        ; 12.542 ;
; MIR[1]     ; OUT_B[27]   ; 11.751 ;        ;        ; 11.751 ;
; MIR[1]     ; OUT_B[28]   ; 17.556 ;        ;        ; 17.556 ;
; MIR[1]     ; OUT_B[29]   ; 21.135 ;        ;        ; 21.135 ;
; MIR[1]     ; OUT_B[30]   ; 19.379 ;        ;        ; 19.379 ;
; MIR[1]     ; OUT_B[31]   ; 11.724 ;        ;        ; 11.724 ;
; MIR[2]     ; OUT_B[0]    ; 18.634 ;        ;        ; 18.634 ;
; MIR[2]     ; OUT_B[1]    ; 12.464 ;        ;        ; 12.464 ;
; MIR[2]     ; OUT_B[2]    ; 16.801 ;        ;        ; 16.801 ;
; MIR[2]     ; OUT_B[3]    ; 17.928 ;        ;        ; 17.928 ;
; MIR[2]     ; OUT_B[4]    ; 21.648 ;        ;        ; 21.648 ;
; MIR[2]     ; OUT_B[5]    ; 22.322 ;        ;        ; 22.322 ;
; MIR[2]     ; OUT_B[6]    ; 17.859 ;        ;        ; 17.859 ;
; MIR[2]     ; OUT_B[7]    ; 12.884 ;        ;        ; 12.884 ;
; MIR[2]     ; OUT_B[8]    ; 20.820 ;        ;        ; 20.820 ;
; MIR[2]     ; OUT_B[9]    ; 12.454 ;        ;        ; 12.454 ;
; MIR[2]     ; OUT_B[10]   ; 18.555 ;        ;        ; 18.555 ;
; MIR[2]     ; OUT_B[11]   ; 16.801 ;        ;        ; 16.801 ;
; MIR[2]     ; OUT_B[12]   ; 17.518 ;        ;        ; 17.518 ;
; MIR[2]     ; OUT_B[13]   ; 17.924 ;        ;        ; 17.924 ;
; MIR[2]     ; OUT_B[14]   ; 19.343 ;        ;        ; 19.343 ;
; MIR[2]     ; OUT_B[15]   ; 18.228 ;        ;        ; 18.228 ;
; MIR[2]     ; OUT_B[16]   ; 12.906 ;        ;        ; 12.906 ;
; MIR[2]     ; OUT_B[17]   ; 18.368 ;        ;        ; 18.368 ;
; MIR[2]     ; OUT_B[18]   ; 19.009 ;        ;        ; 19.009 ;
; MIR[2]     ; OUT_B[19]   ; 12.855 ;        ;        ; 12.855 ;
; MIR[2]     ; OUT_B[20]   ; 12.464 ;        ;        ; 12.464 ;
; MIR[2]     ; OUT_B[21]   ; 20.972 ;        ;        ; 20.972 ;
; MIR[2]     ; OUT_B[22]   ; 17.879 ;        ;        ; 17.879 ;
; MIR[2]     ; OUT_B[23]   ; 16.952 ;        ;        ; 16.952 ;
; MIR[2]     ; OUT_B[24]   ; 22.737 ;        ;        ; 22.737 ;
; MIR[2]     ; OUT_B[25]   ; 17.476 ;        ;        ; 17.476 ;
; MIR[2]     ; OUT_B[26]   ; 12.886 ;        ;        ; 12.886 ;
; MIR[2]     ; OUT_B[27]   ; 12.095 ;        ;        ; 12.095 ;
; MIR[2]     ; OUT_B[28]   ; 17.900 ;        ;        ; 17.900 ;
; MIR[2]     ; OUT_B[29]   ; 21.479 ;        ;        ; 21.479 ;
; MIR[2]     ; OUT_B[30]   ; 19.723 ;        ;        ; 19.723 ;
; MIR[2]     ; OUT_B[31]   ; 12.068 ;        ;        ; 12.068 ;
; MIR[3]     ; OUT_B[0]    ;        ; 13.284 ; 13.284 ;        ;
; MIR[3]     ; OUT_B[1]    ;        ; 7.114  ; 7.114  ;        ;
; MIR[3]     ; OUT_B[2]    ;        ; 11.451 ; 11.451 ;        ;
; MIR[3]     ; OUT_B[3]    ;        ; 12.578 ; 12.578 ;        ;
; MIR[3]     ; OUT_B[4]    ;        ; 16.298 ; 16.298 ;        ;
; MIR[3]     ; OUT_B[5]    ;        ; 16.972 ; 16.972 ;        ;
; MIR[3]     ; OUT_B[6]    ;        ; 12.509 ; 12.509 ;        ;
; MIR[3]     ; OUT_B[7]    ;        ; 7.534  ; 7.534  ;        ;
; MIR[3]     ; OUT_B[8]    ;        ; 15.470 ; 15.470 ;        ;
; MIR[3]     ; OUT_B[9]    ;        ; 7.104  ; 7.104  ;        ;
; MIR[3]     ; OUT_B[10]   ;        ; 13.205 ; 13.205 ;        ;
; MIR[3]     ; OUT_B[11]   ;        ; 11.451 ; 11.451 ;        ;
; MIR[3]     ; OUT_B[12]   ;        ; 12.168 ; 12.168 ;        ;
; MIR[3]     ; OUT_B[13]   ;        ; 12.574 ; 12.574 ;        ;
; MIR[3]     ; OUT_B[14]   ;        ; 13.993 ; 13.993 ;        ;
; MIR[3]     ; OUT_B[15]   ;        ; 12.878 ; 12.878 ;        ;
; MIR[3]     ; OUT_B[16]   ;        ; 7.556  ; 7.556  ;        ;
; MIR[3]     ; OUT_B[17]   ;        ; 13.018 ; 13.018 ;        ;
; MIR[3]     ; OUT_B[18]   ;        ; 13.659 ; 13.659 ;        ;
; MIR[3]     ; OUT_B[19]   ;        ; 7.505  ; 7.505  ;        ;
; MIR[3]     ; OUT_B[20]   ;        ; 7.114  ; 7.114  ;        ;
; MIR[3]     ; OUT_B[21]   ;        ; 15.622 ; 15.622 ;        ;
; MIR[3]     ; OUT_B[22]   ;        ; 12.529 ; 12.529 ;        ;
; MIR[3]     ; OUT_B[23]   ;        ; 11.602 ; 11.602 ;        ;
; MIR[3]     ; OUT_B[24]   ;        ; 17.387 ; 17.387 ;        ;
; MIR[3]     ; OUT_B[25]   ;        ; 12.126 ; 12.126 ;        ;
; MIR[3]     ; OUT_B[26]   ;        ; 7.536  ; 7.536  ;        ;
; MIR[3]     ; OUT_B[27]   ;        ; 6.745  ; 6.745  ;        ;
; MIR[3]     ; OUT_B[28]   ;        ; 12.550 ; 12.550 ;        ;
; MIR[3]     ; OUT_B[29]   ;        ; 16.129 ; 16.129 ;        ;
; MIR[3]     ; OUT_B[30]   ;        ; 14.373 ; 14.373 ;        ;
; MIR[3]     ; OUT_B[31]   ;        ; 6.718  ; 6.718  ;        ;
+------------+-------------+--------+--------+--------+--------+


----------------------------
; Fast Model Setup Summary ;
----------------------------
No paths to report.


---------------------------
; Fast Model Hold Summary ;
---------------------------
No paths to report.


-------------------------------
; Fast Model Recovery Summary ;
-------------------------------
No paths to report.


------------------------------
; Fast Model Removal Summary ;
------------------------------
No paths to report.


------------------------------------------
; Fast Model Minimum Pulse Width Summary ;
------------------------------------------
No paths to report.


+----------------------------------------------------------+
; Propagation Delay                                        ;
+------------+-------------+-------+-------+-------+-------+
; Input Port ; Output Port ; RR    ; RF    ; FR    ; FF    ;
+------------+-------------+-------+-------+-------+-------+
; MIR[0]     ; OUT_B[0]    ; 4.913 ;       ;       ; 4.913 ;
; MIR[0]     ; OUT_B[1]    ; 2.908 ;       ;       ; 2.908 ;
; MIR[0]     ; OUT_B[2]    ; 4.378 ;       ;       ; 4.378 ;
; MIR[0]     ; OUT_B[3]    ; 4.712 ;       ;       ; 4.712 ;
; MIR[0]     ; OUT_B[4]    ; 5.787 ;       ;       ; 5.787 ;
; MIR[0]     ; OUT_B[5]    ; 5.964 ;       ;       ; 5.964 ;
; MIR[0]     ; OUT_B[6]    ; 4.654 ;       ;       ; 4.654 ;
; MIR[0]     ; OUT_B[7]    ; 3.062 ;       ;       ; 3.062 ;
; MIR[0]     ; OUT_B[8]    ; 5.548 ;       ;       ; 5.548 ;
; MIR[0]     ; OUT_B[9]    ; 2.901 ;       ;       ; 2.901 ;
; MIR[0]     ; OUT_B[10]   ; 4.955 ;       ;       ; 4.955 ;
; MIR[0]     ; OUT_B[11]   ; 4.378 ;       ;       ; 4.378 ;
; MIR[0]     ; OUT_B[12]   ; 4.552 ;       ;       ; 4.552 ;
; MIR[0]     ; OUT_B[13]   ; 4.692 ;       ;       ; 4.692 ;
; MIR[0]     ; OUT_B[14]   ; 5.100 ;       ;       ; 5.100 ;
; MIR[0]     ; OUT_B[15]   ; 4.769 ;       ;       ; 4.769 ;
; MIR[0]     ; OUT_B[16]   ; 3.079 ;       ;       ; 3.079 ;
; MIR[0]     ; OUT_B[17]   ; 4.851 ;       ;       ; 4.851 ;
; MIR[0]     ; OUT_B[18]   ; 5.014 ;       ;       ; 5.014 ;
; MIR[0]     ; OUT_B[19]   ; 3.035 ;       ;       ; 3.035 ;
; MIR[0]     ; OUT_B[20]   ; 2.908 ;       ;       ; 2.908 ;
; MIR[0]     ; OUT_B[21]   ; 5.483 ;       ;       ; 5.483 ;
; MIR[0]     ; OUT_B[22]   ; 4.674 ;       ;       ; 4.674 ;
; MIR[0]     ; OUT_B[23]   ; 4.298 ;       ;       ; 4.298 ;
; MIR[0]     ; OUT_B[24]   ; 6.077 ;       ;       ; 6.077 ;
; MIR[0]     ; OUT_B[25]   ; 4.545 ;       ;       ; 4.545 ;
; MIR[0]     ; OUT_B[26]   ; 3.059 ;       ;       ; 3.059 ;
; MIR[0]     ; OUT_B[27]   ; 2.817 ;       ;       ; 2.817 ;
; MIR[0]     ; OUT_B[28]   ; 4.667 ;       ;       ; 4.667 ;
; MIR[0]     ; OUT_B[29]   ; 5.694 ;       ;       ; 5.694 ;
; MIR[0]     ; OUT_B[30]   ; 5.221 ;       ;       ; 5.221 ;
; MIR[0]     ; OUT_B[31]   ; 2.788 ;       ;       ; 2.788 ;
; MIR[1]     ; OUT_B[0]    ; 7.275 ;       ;       ; 7.275 ;
; MIR[1]     ; OUT_B[1]    ; 5.270 ;       ;       ; 5.270 ;
; MIR[1]     ; OUT_B[2]    ; 6.740 ;       ;       ; 6.740 ;
; MIR[1]     ; OUT_B[3]    ; 7.074 ;       ;       ; 7.074 ;
; MIR[1]     ; OUT_B[4]    ; 8.149 ;       ;       ; 8.149 ;
; MIR[1]     ; OUT_B[5]    ; 8.326 ;       ;       ; 8.326 ;
; MIR[1]     ; OUT_B[6]    ; 7.016 ;       ;       ; 7.016 ;
; MIR[1]     ; OUT_B[7]    ; 5.424 ;       ;       ; 5.424 ;
; MIR[1]     ; OUT_B[8]    ; 7.910 ;       ;       ; 7.910 ;
; MIR[1]     ; OUT_B[9]    ; 5.263 ;       ;       ; 5.263 ;
; MIR[1]     ; OUT_B[10]   ; 7.317 ;       ;       ; 7.317 ;
; MIR[1]     ; OUT_B[11]   ; 6.740 ;       ;       ; 6.740 ;
; MIR[1]     ; OUT_B[12]   ; 6.914 ;       ;       ; 6.914 ;
; MIR[1]     ; OUT_B[13]   ; 7.054 ;       ;       ; 7.054 ;
; MIR[1]     ; OUT_B[14]   ; 7.462 ;       ;       ; 7.462 ;
; MIR[1]     ; OUT_B[15]   ; 7.131 ;       ;       ; 7.131 ;
; MIR[1]     ; OUT_B[16]   ; 5.441 ;       ;       ; 5.441 ;
; MIR[1]     ; OUT_B[17]   ; 7.213 ;       ;       ; 7.213 ;
; MIR[1]     ; OUT_B[18]   ; 7.376 ;       ;       ; 7.376 ;
; MIR[1]     ; OUT_B[19]   ; 5.397 ;       ;       ; 5.397 ;
; MIR[1]     ; OUT_B[20]   ; 5.270 ;       ;       ; 5.270 ;
; MIR[1]     ; OUT_B[21]   ; 7.845 ;       ;       ; 7.845 ;
; MIR[1]     ; OUT_B[22]   ; 7.036 ;       ;       ; 7.036 ;
; MIR[1]     ; OUT_B[23]   ; 6.660 ;       ;       ; 6.660 ;
; MIR[1]     ; OUT_B[24]   ; 8.439 ;       ;       ; 8.439 ;
; MIR[1]     ; OUT_B[25]   ; 6.907 ;       ;       ; 6.907 ;
; MIR[1]     ; OUT_B[26]   ; 5.421 ;       ;       ; 5.421 ;
; MIR[1]     ; OUT_B[27]   ; 5.179 ;       ;       ; 5.179 ;
; MIR[1]     ; OUT_B[28]   ; 7.029 ;       ;       ; 7.029 ;
; MIR[1]     ; OUT_B[29]   ; 8.056 ;       ;       ; 8.056 ;
; MIR[1]     ; OUT_B[30]   ; 7.583 ;       ;       ; 7.583 ;
; MIR[1]     ; OUT_B[31]   ; 5.150 ;       ;       ; 5.150 ;
; MIR[2]     ; OUT_B[0]    ; 7.328 ;       ;       ; 7.328 ;
; MIR[2]     ; OUT_B[1]    ; 5.323 ;       ;       ; 5.323 ;
; MIR[2]     ; OUT_B[2]    ; 6.793 ;       ;       ; 6.793 ;
; MIR[2]     ; OUT_B[3]    ; 7.127 ;       ;       ; 7.127 ;
; MIR[2]     ; OUT_B[4]    ; 8.202 ;       ;       ; 8.202 ;
; MIR[2]     ; OUT_B[5]    ; 8.379 ;       ;       ; 8.379 ;
; MIR[2]     ; OUT_B[6]    ; 7.069 ;       ;       ; 7.069 ;
; MIR[2]     ; OUT_B[7]    ; 5.477 ;       ;       ; 5.477 ;
; MIR[2]     ; OUT_B[8]    ; 7.963 ;       ;       ; 7.963 ;
; MIR[2]     ; OUT_B[9]    ; 5.316 ;       ;       ; 5.316 ;
; MIR[2]     ; OUT_B[10]   ; 7.370 ;       ;       ; 7.370 ;
; MIR[2]     ; OUT_B[11]   ; 6.793 ;       ;       ; 6.793 ;
; MIR[2]     ; OUT_B[12]   ; 6.967 ;       ;       ; 6.967 ;
; MIR[2]     ; OUT_B[13]   ; 7.107 ;       ;       ; 7.107 ;
; MIR[2]     ; OUT_B[14]   ; 7.515 ;       ;       ; 7.515 ;
; MIR[2]     ; OUT_B[15]   ; 7.184 ;       ;       ; 7.184 ;
; MIR[2]     ; OUT_B[16]   ; 5.494 ;       ;       ; 5.494 ;
; MIR[2]     ; OUT_B[17]   ; 7.266 ;       ;       ; 7.266 ;
; MIR[2]     ; OUT_B[18]   ; 7.429 ;       ;       ; 7.429 ;
; MIR[2]     ; OUT_B[19]   ; 5.450 ;       ;       ; 5.450 ;
; MIR[2]     ; OUT_B[20]   ; 5.323 ;       ;       ; 5.323 ;
; MIR[2]     ; OUT_B[21]   ; 7.898 ;       ;       ; 7.898 ;
; MIR[2]     ; OUT_B[22]   ; 7.089 ;       ;       ; 7.089 ;
; MIR[2]     ; OUT_B[23]   ; 6.713 ;       ;       ; 6.713 ;
; MIR[2]     ; OUT_B[24]   ; 8.492 ;       ;       ; 8.492 ;
; MIR[2]     ; OUT_B[25]   ; 6.960 ;       ;       ; 6.960 ;
; MIR[2]     ; OUT_B[26]   ; 5.474 ;       ;       ; 5.474 ;
; MIR[2]     ; OUT_B[27]   ; 5.232 ;       ;       ; 5.232 ;
; MIR[2]     ; OUT_B[28]   ; 7.082 ;       ;       ; 7.082 ;
; MIR[2]     ; OUT_B[29]   ; 8.109 ;       ;       ; 8.109 ;
; MIR[2]     ; OUT_B[30]   ; 7.636 ;       ;       ; 7.636 ;
; MIR[2]     ; OUT_B[31]   ; 5.203 ;       ;       ; 5.203 ;
; MIR[3]     ; OUT_B[0]    ;       ; 4.807 ; 4.807 ;       ;
; MIR[3]     ; OUT_B[1]    ;       ; 2.802 ; 2.802 ;       ;
; MIR[3]     ; OUT_B[2]    ;       ; 4.272 ; 4.272 ;       ;
; MIR[3]     ; OUT_B[3]    ;       ; 4.606 ; 4.606 ;       ;
; MIR[3]     ; OUT_B[4]    ;       ; 5.681 ; 5.681 ;       ;
; MIR[3]     ; OUT_B[5]    ;       ; 5.858 ; 5.858 ;       ;
; MIR[3]     ; OUT_B[6]    ;       ; 4.548 ; 4.548 ;       ;
; MIR[3]     ; OUT_B[7]    ;       ; 2.956 ; 2.956 ;       ;
; MIR[3]     ; OUT_B[8]    ;       ; 5.442 ; 5.442 ;       ;
; MIR[3]     ; OUT_B[9]    ;       ; 2.795 ; 2.795 ;       ;
; MIR[3]     ; OUT_B[10]   ;       ; 4.849 ; 4.849 ;       ;
; MIR[3]     ; OUT_B[11]   ;       ; 4.272 ; 4.272 ;       ;
; MIR[3]     ; OUT_B[12]   ;       ; 4.446 ; 4.446 ;       ;
; MIR[3]     ; OUT_B[13]   ;       ; 4.586 ; 4.586 ;       ;
; MIR[3]     ; OUT_B[14]   ;       ; 4.994 ; 4.994 ;       ;
; MIR[3]     ; OUT_B[15]   ;       ; 4.663 ; 4.663 ;       ;
; MIR[3]     ; OUT_B[16]   ;       ; 2.973 ; 2.973 ;       ;
; MIR[3]     ; OUT_B[17]   ;       ; 4.745 ; 4.745 ;       ;
; MIR[3]     ; OUT_B[18]   ;       ; 4.908 ; 4.908 ;       ;
; MIR[3]     ; OUT_B[19]   ;       ; 2.929 ; 2.929 ;       ;
; MIR[3]     ; OUT_B[20]   ;       ; 2.802 ; 2.802 ;       ;
; MIR[3]     ; OUT_B[21]   ;       ; 5.377 ; 5.377 ;       ;
; MIR[3]     ; OUT_B[22]   ;       ; 4.568 ; 4.568 ;       ;
; MIR[3]     ; OUT_B[23]   ;       ; 4.192 ; 4.192 ;       ;
; MIR[3]     ; OUT_B[24]   ;       ; 5.971 ; 5.971 ;       ;
; MIR[3]     ; OUT_B[25]   ;       ; 4.439 ; 4.439 ;       ;
; MIR[3]     ; OUT_B[26]   ;       ; 2.953 ; 2.953 ;       ;
; MIR[3]     ; OUT_B[27]   ;       ; 2.711 ; 2.711 ;       ;
; MIR[3]     ; OUT_B[28]   ;       ; 4.561 ; 4.561 ;       ;
; MIR[3]     ; OUT_B[29]   ;       ; 5.588 ; 5.588 ;       ;
; MIR[3]     ; OUT_B[30]   ;       ; 5.115 ; 5.115 ;       ;
; MIR[3]     ; OUT_B[31]   ;       ; 2.682 ; 2.682 ;       ;
+------------+-------------+-------+-------+-------+-------+


+----------------------------------------------------------+
; Minimum Propagation Delay                                ;
+------------+-------------+-------+-------+-------+-------+
; Input Port ; Output Port ; RR    ; RF    ; FR    ; FF    ;
+------------+-------------+-------+-------+-------+-------+
; MIR[0]     ; OUT_B[0]    ; 4.913 ;       ;       ; 4.913 ;
; MIR[0]     ; OUT_B[1]    ; 2.908 ;       ;       ; 2.908 ;
; MIR[0]     ; OUT_B[2]    ; 4.378 ;       ;       ; 4.378 ;
; MIR[0]     ; OUT_B[3]    ; 4.712 ;       ;       ; 4.712 ;
; MIR[0]     ; OUT_B[4]    ; 5.787 ;       ;       ; 5.787 ;
; MIR[0]     ; OUT_B[5]    ; 5.964 ;       ;       ; 5.964 ;
; MIR[0]     ; OUT_B[6]    ; 4.654 ;       ;       ; 4.654 ;
; MIR[0]     ; OUT_B[7]    ; 3.062 ;       ;       ; 3.062 ;
; MIR[0]     ; OUT_B[8]    ; 5.548 ;       ;       ; 5.548 ;
; MIR[0]     ; OUT_B[9]    ; 2.901 ;       ;       ; 2.901 ;
; MIR[0]     ; OUT_B[10]   ; 4.955 ;       ;       ; 4.955 ;
; MIR[0]     ; OUT_B[11]   ; 4.378 ;       ;       ; 4.378 ;
; MIR[0]     ; OUT_B[12]   ; 4.552 ;       ;       ; 4.552 ;
; MIR[0]     ; OUT_B[13]   ; 4.692 ;       ;       ; 4.692 ;
; MIR[0]     ; OUT_B[14]   ; 5.100 ;       ;       ; 5.100 ;
; MIR[0]     ; OUT_B[15]   ; 4.769 ;       ;       ; 4.769 ;
; MIR[0]     ; OUT_B[16]   ; 3.079 ;       ;       ; 3.079 ;
; MIR[0]     ; OUT_B[17]   ; 4.851 ;       ;       ; 4.851 ;
; MIR[0]     ; OUT_B[18]   ; 5.014 ;       ;       ; 5.014 ;
; MIR[0]     ; OUT_B[19]   ; 3.035 ;       ;       ; 3.035 ;
; MIR[0]     ; OUT_B[20]   ; 2.908 ;       ;       ; 2.908 ;
; MIR[0]     ; OUT_B[21]   ; 5.483 ;       ;       ; 5.483 ;
; MIR[0]     ; OUT_B[22]   ; 4.674 ;       ;       ; 4.674 ;
; MIR[0]     ; OUT_B[23]   ; 4.298 ;       ;       ; 4.298 ;
; MIR[0]     ; OUT_B[24]   ; 6.077 ;       ;       ; 6.077 ;
; MIR[0]     ; OUT_B[25]   ; 4.545 ;       ;       ; 4.545 ;
; MIR[0]     ; OUT_B[26]   ; 3.059 ;       ;       ; 3.059 ;
; MIR[0]     ; OUT_B[27]   ; 2.817 ;       ;       ; 2.817 ;
; MIR[0]     ; OUT_B[28]   ; 4.667 ;       ;       ; 4.667 ;
; MIR[0]     ; OUT_B[29]   ; 5.694 ;       ;       ; 5.694 ;
; MIR[0]     ; OUT_B[30]   ; 5.221 ;       ;       ; 5.221 ;
; MIR[0]     ; OUT_B[31]   ; 2.788 ;       ;       ; 2.788 ;
; MIR[1]     ; OUT_B[0]    ; 7.275 ;       ;       ; 7.275 ;
; MIR[1]     ; OUT_B[1]    ; 5.270 ;       ;       ; 5.270 ;
; MIR[1]     ; OUT_B[2]    ; 6.740 ;       ;       ; 6.740 ;
; MIR[1]     ; OUT_B[3]    ; 7.074 ;       ;       ; 7.074 ;
; MIR[1]     ; OUT_B[4]    ; 8.149 ;       ;       ; 8.149 ;
; MIR[1]     ; OUT_B[5]    ; 8.326 ;       ;       ; 8.326 ;
; MIR[1]     ; OUT_B[6]    ; 7.016 ;       ;       ; 7.016 ;
; MIR[1]     ; OUT_B[7]    ; 5.424 ;       ;       ; 5.424 ;
; MIR[1]     ; OUT_B[8]    ; 7.910 ;       ;       ; 7.910 ;
; MIR[1]     ; OUT_B[9]    ; 5.263 ;       ;       ; 5.263 ;
; MIR[1]     ; OUT_B[10]   ; 7.317 ;       ;       ; 7.317 ;
; MIR[1]     ; OUT_B[11]   ; 6.740 ;       ;       ; 6.740 ;
; MIR[1]     ; OUT_B[12]   ; 6.914 ;       ;       ; 6.914 ;
; MIR[1]     ; OUT_B[13]   ; 7.054 ;       ;       ; 7.054 ;
; MIR[1]     ; OUT_B[14]   ; 7.462 ;       ;       ; 7.462 ;
; MIR[1]     ; OUT_B[15]   ; 7.131 ;       ;       ; 7.131 ;
; MIR[1]     ; OUT_B[16]   ; 5.441 ;       ;       ; 5.441 ;
; MIR[1]     ; OUT_B[17]   ; 7.213 ;       ;       ; 7.213 ;
; MIR[1]     ; OUT_B[18]   ; 7.376 ;       ;       ; 7.376 ;
; MIR[1]     ; OUT_B[19]   ; 5.397 ;       ;       ; 5.397 ;
; MIR[1]     ; OUT_B[20]   ; 5.270 ;       ;       ; 5.270 ;
; MIR[1]     ; OUT_B[21]   ; 7.845 ;       ;       ; 7.845 ;
; MIR[1]     ; OUT_B[22]   ; 7.036 ;       ;       ; 7.036 ;
; MIR[1]     ; OUT_B[23]   ; 6.660 ;       ;       ; 6.660 ;
; MIR[1]     ; OUT_B[24]   ; 8.439 ;       ;       ; 8.439 ;
; MIR[1]     ; OUT_B[25]   ; 6.907 ;       ;       ; 6.907 ;
; MIR[1]     ; OUT_B[26]   ; 5.421 ;       ;       ; 5.421 ;
; MIR[1]     ; OUT_B[27]   ; 5.179 ;       ;       ; 5.179 ;
; MIR[1]     ; OUT_B[28]   ; 7.029 ;       ;       ; 7.029 ;
; MIR[1]     ; OUT_B[29]   ; 8.056 ;       ;       ; 8.056 ;
; MIR[1]     ; OUT_B[30]   ; 7.583 ;       ;       ; 7.583 ;
; MIR[1]     ; OUT_B[31]   ; 5.150 ;       ;       ; 5.150 ;
; MIR[2]     ; OUT_B[0]    ; 7.328 ;       ;       ; 7.328 ;
; MIR[2]     ; OUT_B[1]    ; 5.323 ;       ;       ; 5.323 ;
; MIR[2]     ; OUT_B[2]    ; 6.793 ;       ;       ; 6.793 ;
; MIR[2]     ; OUT_B[3]    ; 7.127 ;       ;       ; 7.127 ;
; MIR[2]     ; OUT_B[4]    ; 8.202 ;       ;       ; 8.202 ;
; MIR[2]     ; OUT_B[5]    ; 8.379 ;       ;       ; 8.379 ;
; MIR[2]     ; OUT_B[6]    ; 7.069 ;       ;       ; 7.069 ;
; MIR[2]     ; OUT_B[7]    ; 5.477 ;       ;       ; 5.477 ;
; MIR[2]     ; OUT_B[8]    ; 7.963 ;       ;       ; 7.963 ;
; MIR[2]     ; OUT_B[9]    ; 5.316 ;       ;       ; 5.316 ;
; MIR[2]     ; OUT_B[10]   ; 7.370 ;       ;       ; 7.370 ;
; MIR[2]     ; OUT_B[11]   ; 6.793 ;       ;       ; 6.793 ;
; MIR[2]     ; OUT_B[12]   ; 6.967 ;       ;       ; 6.967 ;
; MIR[2]     ; OUT_B[13]   ; 7.107 ;       ;       ; 7.107 ;
; MIR[2]     ; OUT_B[14]   ; 7.515 ;       ;       ; 7.515 ;
; MIR[2]     ; OUT_B[15]   ; 7.184 ;       ;       ; 7.184 ;
; MIR[2]     ; OUT_B[16]   ; 5.494 ;       ;       ; 5.494 ;
; MIR[2]     ; OUT_B[17]   ; 7.266 ;       ;       ; 7.266 ;
; MIR[2]     ; OUT_B[18]   ; 7.429 ;       ;       ; 7.429 ;
; MIR[2]     ; OUT_B[19]   ; 5.450 ;       ;       ; 5.450 ;
; MIR[2]     ; OUT_B[20]   ; 5.323 ;       ;       ; 5.323 ;
; MIR[2]     ; OUT_B[21]   ; 7.898 ;       ;       ; 7.898 ;
; MIR[2]     ; OUT_B[22]   ; 7.089 ;       ;       ; 7.089 ;
; MIR[2]     ; OUT_B[23]   ; 6.713 ;       ;       ; 6.713 ;
; MIR[2]     ; OUT_B[24]   ; 8.492 ;       ;       ; 8.492 ;
; MIR[2]     ; OUT_B[25]   ; 6.960 ;       ;       ; 6.960 ;
; MIR[2]     ; OUT_B[26]   ; 5.474 ;       ;       ; 5.474 ;
; MIR[2]     ; OUT_B[27]   ; 5.232 ;       ;       ; 5.232 ;
; MIR[2]     ; OUT_B[28]   ; 7.082 ;       ;       ; 7.082 ;
; MIR[2]     ; OUT_B[29]   ; 8.109 ;       ;       ; 8.109 ;
; MIR[2]     ; OUT_B[30]   ; 7.636 ;       ;       ; 7.636 ;
; MIR[2]     ; OUT_B[31]   ; 5.203 ;       ;       ; 5.203 ;
; MIR[3]     ; OUT_B[0]    ;       ; 4.807 ; 4.807 ;       ;
; MIR[3]     ; OUT_B[1]    ;       ; 2.802 ; 2.802 ;       ;
; MIR[3]     ; OUT_B[2]    ;       ; 4.272 ; 4.272 ;       ;
; MIR[3]     ; OUT_B[3]    ;       ; 4.606 ; 4.606 ;       ;
; MIR[3]     ; OUT_B[4]    ;       ; 5.681 ; 5.681 ;       ;
; MIR[3]     ; OUT_B[5]    ;       ; 5.858 ; 5.858 ;       ;
; MIR[3]     ; OUT_B[6]    ;       ; 4.548 ; 4.548 ;       ;
; MIR[3]     ; OUT_B[7]    ;       ; 2.956 ; 2.956 ;       ;
; MIR[3]     ; OUT_B[8]    ;       ; 5.442 ; 5.442 ;       ;
; MIR[3]     ; OUT_B[9]    ;       ; 2.795 ; 2.795 ;       ;
; MIR[3]     ; OUT_B[10]   ;       ; 4.849 ; 4.849 ;       ;
; MIR[3]     ; OUT_B[11]   ;       ; 4.272 ; 4.272 ;       ;
; MIR[3]     ; OUT_B[12]   ;       ; 4.446 ; 4.446 ;       ;
; MIR[3]     ; OUT_B[13]   ;       ; 4.586 ; 4.586 ;       ;
; MIR[3]     ; OUT_B[14]   ;       ; 4.994 ; 4.994 ;       ;
; MIR[3]     ; OUT_B[15]   ;       ; 4.663 ; 4.663 ;       ;
; MIR[3]     ; OUT_B[16]   ;       ; 2.973 ; 2.973 ;       ;
; MIR[3]     ; OUT_B[17]   ;       ; 4.745 ; 4.745 ;       ;
; MIR[3]     ; OUT_B[18]   ;       ; 4.908 ; 4.908 ;       ;
; MIR[3]     ; OUT_B[19]   ;       ; 2.929 ; 2.929 ;       ;
; MIR[3]     ; OUT_B[20]   ;       ; 2.802 ; 2.802 ;       ;
; MIR[3]     ; OUT_B[21]   ;       ; 5.377 ; 5.377 ;       ;
; MIR[3]     ; OUT_B[22]   ;       ; 4.568 ; 4.568 ;       ;
; MIR[3]     ; OUT_B[23]   ;       ; 4.192 ; 4.192 ;       ;
; MIR[3]     ; OUT_B[24]   ;       ; 5.971 ; 5.971 ;       ;
; MIR[3]     ; OUT_B[25]   ;       ; 4.439 ; 4.439 ;       ;
; MIR[3]     ; OUT_B[26]   ;       ; 2.953 ; 2.953 ;       ;
; MIR[3]     ; OUT_B[27]   ;       ; 2.711 ; 2.711 ;       ;
; MIR[3]     ; OUT_B[28]   ;       ; 4.561 ; 4.561 ;       ;
; MIR[3]     ; OUT_B[29]   ;       ; 5.588 ; 5.588 ;       ;
; MIR[3]     ; OUT_B[30]   ;       ; 5.115 ; 5.115 ;       ;
; MIR[3]     ; OUT_B[31]   ;       ; 2.682 ; 2.682 ;       ;
+------------+-------------+-------+-------+-------+-------+


+----------------------------------------------------------------------------+
; Multicorner Timing Analysis Summary                                        ;
+------------------+-------+------+----------+---------+---------------------+
; Clock            ; Setup ; Hold ; Recovery ; Removal ; Minimum Pulse Width ;
+------------------+-------+------+----------+---------+---------------------+
; Worst-case Slack ; N/A   ; N/A  ; N/A      ; N/A     ; N/A                 ;
; Design-wide TNS  ; 0.0   ; 0.0  ; 0.0      ; 0.0     ; 0.0                 ;
+------------------+-------+------+----------+---------+---------------------+


+--------------------------------------------------------------+
; Progagation Delay                                            ;
+------------+-------------+--------+--------+--------+--------+
; Input Port ; Output Port ; RR     ; RF     ; FR     ; FF     ;
+------------+-------------+--------+--------+--------+--------+
; MIR[0]     ; OUT_B[0]    ; 13.764 ;        ;        ; 13.764 ;
; MIR[0]     ; OUT_B[1]    ; 7.594  ;        ;        ; 7.594  ;
; MIR[0]     ; OUT_B[2]    ; 11.931 ;        ;        ; 11.931 ;
; MIR[0]     ; OUT_B[3]    ; 13.058 ;        ;        ; 13.058 ;
; MIR[0]     ; OUT_B[4]    ; 16.778 ;        ;        ; 16.778 ;
; MIR[0]     ; OUT_B[5]    ; 17.452 ;        ;        ; 17.452 ;
; MIR[0]     ; OUT_B[6]    ; 12.989 ;        ;        ; 12.989 ;
; MIR[0]     ; OUT_B[7]    ; 8.014  ;        ;        ; 8.014  ;
; MIR[0]     ; OUT_B[8]    ; 15.950 ;        ;        ; 15.950 ;
; MIR[0]     ; OUT_B[9]    ; 7.584  ;        ;        ; 7.584  ;
; MIR[0]     ; OUT_B[10]   ; 13.685 ;        ;        ; 13.685 ;
; MIR[0]     ; OUT_B[11]   ; 11.931 ;        ;        ; 11.931 ;
; MIR[0]     ; OUT_B[12]   ; 12.648 ;        ;        ; 12.648 ;
; MIR[0]     ; OUT_B[13]   ; 13.054 ;        ;        ; 13.054 ;
; MIR[0]     ; OUT_B[14]   ; 14.473 ;        ;        ; 14.473 ;
; MIR[0]     ; OUT_B[15]   ; 13.358 ;        ;        ; 13.358 ;
; MIR[0]     ; OUT_B[16]   ; 8.036  ;        ;        ; 8.036  ;
; MIR[0]     ; OUT_B[17]   ; 13.498 ;        ;        ; 13.498 ;
; MIR[0]     ; OUT_B[18]   ; 14.139 ;        ;        ; 14.139 ;
; MIR[0]     ; OUT_B[19]   ; 7.985  ;        ;        ; 7.985  ;
; MIR[0]     ; OUT_B[20]   ; 7.594  ;        ;        ; 7.594  ;
; MIR[0]     ; OUT_B[21]   ; 16.102 ;        ;        ; 16.102 ;
; MIR[0]     ; OUT_B[22]   ; 13.009 ;        ;        ; 13.009 ;
; MIR[0]     ; OUT_B[23]   ; 12.082 ;        ;        ; 12.082 ;
; MIR[0]     ; OUT_B[24]   ; 17.867 ;        ;        ; 17.867 ;
; MIR[0]     ; OUT_B[25]   ; 12.606 ;        ;        ; 12.606 ;
; MIR[0]     ; OUT_B[26]   ; 8.016  ;        ;        ; 8.016  ;
; MIR[0]     ; OUT_B[27]   ; 7.225  ;        ;        ; 7.225  ;
; MIR[0]     ; OUT_B[28]   ; 13.030 ;        ;        ; 13.030 ;
; MIR[0]     ; OUT_B[29]   ; 16.609 ;        ;        ; 16.609 ;
; MIR[0]     ; OUT_B[30]   ; 14.853 ;        ;        ; 14.853 ;
; MIR[0]     ; OUT_B[31]   ; 7.198  ;        ;        ; 7.198  ;
; MIR[1]     ; OUT_B[0]    ; 18.290 ;        ;        ; 18.290 ;
; MIR[1]     ; OUT_B[1]    ; 12.120 ;        ;        ; 12.120 ;
; MIR[1]     ; OUT_B[2]    ; 16.457 ;        ;        ; 16.457 ;
; MIR[1]     ; OUT_B[3]    ; 17.584 ;        ;        ; 17.584 ;
; MIR[1]     ; OUT_B[4]    ; 21.304 ;        ;        ; 21.304 ;
; MIR[1]     ; OUT_B[5]    ; 21.978 ;        ;        ; 21.978 ;
; MIR[1]     ; OUT_B[6]    ; 17.515 ;        ;        ; 17.515 ;
; MIR[1]     ; OUT_B[7]    ; 12.540 ;        ;        ; 12.540 ;
; MIR[1]     ; OUT_B[8]    ; 20.476 ;        ;        ; 20.476 ;
; MIR[1]     ; OUT_B[9]    ; 12.110 ;        ;        ; 12.110 ;
; MIR[1]     ; OUT_B[10]   ; 18.211 ;        ;        ; 18.211 ;
; MIR[1]     ; OUT_B[11]   ; 16.457 ;        ;        ; 16.457 ;
; MIR[1]     ; OUT_B[12]   ; 17.174 ;        ;        ; 17.174 ;
; MIR[1]     ; OUT_B[13]   ; 17.580 ;        ;        ; 17.580 ;
; MIR[1]     ; OUT_B[14]   ; 18.999 ;        ;        ; 18.999 ;
; MIR[1]     ; OUT_B[15]   ; 17.884 ;        ;        ; 17.884 ;
; MIR[1]     ; OUT_B[16]   ; 12.562 ;        ;        ; 12.562 ;
; MIR[1]     ; OUT_B[17]   ; 18.024 ;        ;        ; 18.024 ;
; MIR[1]     ; OUT_B[18]   ; 18.665 ;        ;        ; 18.665 ;
; MIR[1]     ; OUT_B[19]   ; 12.511 ;        ;        ; 12.511 ;
; MIR[1]     ; OUT_B[20]   ; 12.120 ;        ;        ; 12.120 ;
; MIR[1]     ; OUT_B[21]   ; 20.628 ;        ;        ; 20.628 ;
; MIR[1]     ; OUT_B[22]   ; 17.535 ;        ;        ; 17.535 ;
; MIR[1]     ; OUT_B[23]   ; 16.608 ;        ;        ; 16.608 ;
; MIR[1]     ; OUT_B[24]   ; 22.393 ;        ;        ; 22.393 ;
; MIR[1]     ; OUT_B[25]   ; 17.132 ;        ;        ; 17.132 ;
; MIR[1]     ; OUT_B[26]   ; 12.542 ;        ;        ; 12.542 ;
; MIR[1]     ; OUT_B[27]   ; 11.751 ;        ;        ; 11.751 ;
; MIR[1]     ; OUT_B[28]   ; 17.556 ;        ;        ; 17.556 ;
; MIR[1]     ; OUT_B[29]   ; 21.135 ;        ;        ; 21.135 ;
; MIR[1]     ; OUT_B[30]   ; 19.379 ;        ;        ; 19.379 ;
; MIR[1]     ; OUT_B[31]   ; 11.724 ;        ;        ; 11.724 ;
; MIR[2]     ; OUT_B[0]    ; 18.634 ;        ;        ; 18.634 ;
; MIR[2]     ; OUT_B[1]    ; 12.464 ;        ;        ; 12.464 ;
; MIR[2]     ; OUT_B[2]    ; 16.801 ;        ;        ; 16.801 ;
; MIR[2]     ; OUT_B[3]    ; 17.928 ;        ;        ; 17.928 ;
; MIR[2]     ; OUT_B[4]    ; 21.648 ;        ;        ; 21.648 ;
; MIR[2]     ; OUT_B[5]    ; 22.322 ;        ;        ; 22.322 ;
; MIR[2]     ; OUT_B[6]    ; 17.859 ;        ;        ; 17.859 ;
; MIR[2]     ; OUT_B[7]    ; 12.884 ;        ;        ; 12.884 ;
; MIR[2]     ; OUT_B[8]    ; 20.820 ;        ;        ; 20.820 ;
; MIR[2]     ; OUT_B[9]    ; 12.454 ;        ;        ; 12.454 ;
; MIR[2]     ; OUT_B[10]   ; 18.555 ;        ;        ; 18.555 ;
; MIR[2]     ; OUT_B[11]   ; 16.801 ;        ;        ; 16.801 ;
; MIR[2]     ; OUT_B[12]   ; 17.518 ;        ;        ; 17.518 ;
; MIR[2]     ; OUT_B[13]   ; 17.924 ;        ;        ; 17.924 ;
; MIR[2]     ; OUT_B[14]   ; 19.343 ;        ;        ; 19.343 ;
; MIR[2]     ; OUT_B[15]   ; 18.228 ;        ;        ; 18.228 ;
; MIR[2]     ; OUT_B[16]   ; 12.906 ;        ;        ; 12.906 ;
; MIR[2]     ; OUT_B[17]   ; 18.368 ;        ;        ; 18.368 ;
; MIR[2]     ; OUT_B[18]   ; 19.009 ;        ;        ; 19.009 ;
; MIR[2]     ; OUT_B[19]   ; 12.855 ;        ;        ; 12.855 ;
; MIR[2]     ; OUT_B[20]   ; 12.464 ;        ;        ; 12.464 ;
; MIR[2]     ; OUT_B[21]   ; 20.972 ;        ;        ; 20.972 ;
; MIR[2]     ; OUT_B[22]   ; 17.879 ;        ;        ; 17.879 ;
; MIR[2]     ; OUT_B[23]   ; 16.952 ;        ;        ; 16.952 ;
; MIR[2]     ; OUT_B[24]   ; 22.737 ;        ;        ; 22.737 ;
; MIR[2]     ; OUT_B[25]   ; 17.476 ;        ;        ; 17.476 ;
; MIR[2]     ; OUT_B[26]   ; 12.886 ;        ;        ; 12.886 ;
; MIR[2]     ; OUT_B[27]   ; 12.095 ;        ;        ; 12.095 ;
; MIR[2]     ; OUT_B[28]   ; 17.900 ;        ;        ; 17.900 ;
; MIR[2]     ; OUT_B[29]   ; 21.479 ;        ;        ; 21.479 ;
; MIR[2]     ; OUT_B[30]   ; 19.723 ;        ;        ; 19.723 ;
; MIR[2]     ; OUT_B[31]   ; 12.068 ;        ;        ; 12.068 ;
; MIR[3]     ; OUT_B[0]    ;        ; 13.284 ; 13.284 ;        ;
; MIR[3]     ; OUT_B[1]    ;        ; 7.114  ; 7.114  ;        ;
; MIR[3]     ; OUT_B[2]    ;        ; 11.451 ; 11.451 ;        ;
; MIR[3]     ; OUT_B[3]    ;        ; 12.578 ; 12.578 ;        ;
; MIR[3]     ; OUT_B[4]    ;        ; 16.298 ; 16.298 ;        ;
; MIR[3]     ; OUT_B[5]    ;        ; 16.972 ; 16.972 ;        ;
; MIR[3]     ; OUT_B[6]    ;        ; 12.509 ; 12.509 ;        ;
; MIR[3]     ; OUT_B[7]    ;        ; 7.534  ; 7.534  ;        ;
; MIR[3]     ; OUT_B[8]    ;        ; 15.470 ; 15.470 ;        ;
; MIR[3]     ; OUT_B[9]    ;        ; 7.104  ; 7.104  ;        ;
; MIR[3]     ; OUT_B[10]   ;        ; 13.205 ; 13.205 ;        ;
; MIR[3]     ; OUT_B[11]   ;        ; 11.451 ; 11.451 ;        ;
; MIR[3]     ; OUT_B[12]   ;        ; 12.168 ; 12.168 ;        ;
; MIR[3]     ; OUT_B[13]   ;        ; 12.574 ; 12.574 ;        ;
; MIR[3]     ; OUT_B[14]   ;        ; 13.993 ; 13.993 ;        ;
; MIR[3]     ; OUT_B[15]   ;        ; 12.878 ; 12.878 ;        ;
; MIR[3]     ; OUT_B[16]   ;        ; 7.556  ; 7.556  ;        ;
; MIR[3]     ; OUT_B[17]   ;        ; 13.018 ; 13.018 ;        ;
; MIR[3]     ; OUT_B[18]   ;        ; 13.659 ; 13.659 ;        ;
; MIR[3]     ; OUT_B[19]   ;        ; 7.505  ; 7.505  ;        ;
; MIR[3]     ; OUT_B[20]   ;        ; 7.114  ; 7.114  ;        ;
; MIR[3]     ; OUT_B[21]   ;        ; 15.622 ; 15.622 ;        ;
; MIR[3]     ; OUT_B[22]   ;        ; 12.529 ; 12.529 ;        ;
; MIR[3]     ; OUT_B[23]   ;        ; 11.602 ; 11.602 ;        ;
; MIR[3]     ; OUT_B[24]   ;        ; 17.387 ; 17.387 ;        ;
; MIR[3]     ; OUT_B[25]   ;        ; 12.126 ; 12.126 ;        ;
; MIR[3]     ; OUT_B[26]   ;        ; 7.536  ; 7.536  ;        ;
; MIR[3]     ; OUT_B[27]   ;        ; 6.745  ; 6.745  ;        ;
; MIR[3]     ; OUT_B[28]   ;        ; 12.550 ; 12.550 ;        ;
; MIR[3]     ; OUT_B[29]   ;        ; 16.129 ; 16.129 ;        ;
; MIR[3]     ; OUT_B[30]   ;        ; 14.373 ; 14.373 ;        ;
; MIR[3]     ; OUT_B[31]   ;        ; 6.718  ; 6.718  ;        ;
+------------+-------------+--------+--------+--------+--------+


+----------------------------------------------------------+
; Minimum Progagation Delay                                ;
+------------+-------------+-------+-------+-------+-------+
; Input Port ; Output Port ; RR    ; RF    ; FR    ; FF    ;
+------------+-------------+-------+-------+-------+-------+
; MIR[0]     ; OUT_B[0]    ; 4.913 ;       ;       ; 4.913 ;
; MIR[0]     ; OUT_B[1]    ; 2.908 ;       ;       ; 2.908 ;
; MIR[0]     ; OUT_B[2]    ; 4.378 ;       ;       ; 4.378 ;
; MIR[0]     ; OUT_B[3]    ; 4.712 ;       ;       ; 4.712 ;
; MIR[0]     ; OUT_B[4]    ; 5.787 ;       ;       ; 5.787 ;
; MIR[0]     ; OUT_B[5]    ; 5.964 ;       ;       ; 5.964 ;
; MIR[0]     ; OUT_B[6]    ; 4.654 ;       ;       ; 4.654 ;
; MIR[0]     ; OUT_B[7]    ; 3.062 ;       ;       ; 3.062 ;
; MIR[0]     ; OUT_B[8]    ; 5.548 ;       ;       ; 5.548 ;
; MIR[0]     ; OUT_B[9]    ; 2.901 ;       ;       ; 2.901 ;
; MIR[0]     ; OUT_B[10]   ; 4.955 ;       ;       ; 4.955 ;
; MIR[0]     ; OUT_B[11]   ; 4.378 ;       ;       ; 4.378 ;
; MIR[0]     ; OUT_B[12]   ; 4.552 ;       ;       ; 4.552 ;
; MIR[0]     ; OUT_B[13]   ; 4.692 ;       ;       ; 4.692 ;
; MIR[0]     ; OUT_B[14]   ; 5.100 ;       ;       ; 5.100 ;
; MIR[0]     ; OUT_B[15]   ; 4.769 ;       ;       ; 4.769 ;
; MIR[0]     ; OUT_B[16]   ; 3.079 ;       ;       ; 3.079 ;
; MIR[0]     ; OUT_B[17]   ; 4.851 ;       ;       ; 4.851 ;
; MIR[0]     ; OUT_B[18]   ; 5.014 ;       ;       ; 5.014 ;
; MIR[0]     ; OUT_B[19]   ; 3.035 ;       ;       ; 3.035 ;
; MIR[0]     ; OUT_B[20]   ; 2.908 ;       ;       ; 2.908 ;
; MIR[0]     ; OUT_B[21]   ; 5.483 ;       ;       ; 5.483 ;
; MIR[0]     ; OUT_B[22]   ; 4.674 ;       ;       ; 4.674 ;
; MIR[0]     ; OUT_B[23]   ; 4.298 ;       ;       ; 4.298 ;
; MIR[0]     ; OUT_B[24]   ; 6.077 ;       ;       ; 6.077 ;
; MIR[0]     ; OUT_B[25]   ; 4.545 ;       ;       ; 4.545 ;
; MIR[0]     ; OUT_B[26]   ; 3.059 ;       ;       ; 3.059 ;
; MIR[0]     ; OUT_B[27]   ; 2.817 ;       ;       ; 2.817 ;
; MIR[0]     ; OUT_B[28]   ; 4.667 ;       ;       ; 4.667 ;
; MIR[0]     ; OUT_B[29]   ; 5.694 ;       ;       ; 5.694 ;
; MIR[0]     ; OUT_B[30]   ; 5.221 ;       ;       ; 5.221 ;
; MIR[0]     ; OUT_B[31]   ; 2.788 ;       ;       ; 2.788 ;
; MIR[1]     ; OUT_B[0]    ; 7.275 ;       ;       ; 7.275 ;
; MIR[1]     ; OUT_B[1]    ; 5.270 ;       ;       ; 5.270 ;
; MIR[1]     ; OUT_B[2]    ; 6.740 ;       ;       ; 6.740 ;
; MIR[1]     ; OUT_B[3]    ; 7.074 ;       ;       ; 7.074 ;
; MIR[1]     ; OUT_B[4]    ; 8.149 ;       ;       ; 8.149 ;
; MIR[1]     ; OUT_B[5]    ; 8.326 ;       ;       ; 8.326 ;
; MIR[1]     ; OUT_B[6]    ; 7.016 ;       ;       ; 7.016 ;
; MIR[1]     ; OUT_B[7]    ; 5.424 ;       ;       ; 5.424 ;
; MIR[1]     ; OUT_B[8]    ; 7.910 ;       ;       ; 7.910 ;
; MIR[1]     ; OUT_B[9]    ; 5.263 ;       ;       ; 5.263 ;
; MIR[1]     ; OUT_B[10]   ; 7.317 ;       ;       ; 7.317 ;
; MIR[1]     ; OUT_B[11]   ; 6.740 ;       ;       ; 6.740 ;
; MIR[1]     ; OUT_B[12]   ; 6.914 ;       ;       ; 6.914 ;
; MIR[1]     ; OUT_B[13]   ; 7.054 ;       ;       ; 7.054 ;
; MIR[1]     ; OUT_B[14]   ; 7.462 ;       ;       ; 7.462 ;
; MIR[1]     ; OUT_B[15]   ; 7.131 ;       ;       ; 7.131 ;
; MIR[1]     ; OUT_B[16]   ; 5.441 ;       ;       ; 5.441 ;
; MIR[1]     ; OUT_B[17]   ; 7.213 ;       ;       ; 7.213 ;
; MIR[1]     ; OUT_B[18]   ; 7.376 ;       ;       ; 7.376 ;
; MIR[1]     ; OUT_B[19]   ; 5.397 ;       ;       ; 5.397 ;
; MIR[1]     ; OUT_B[20]   ; 5.270 ;       ;       ; 5.270 ;
; MIR[1]     ; OUT_B[21]   ; 7.845 ;       ;       ; 7.845 ;
; MIR[1]     ; OUT_B[22]   ; 7.036 ;       ;       ; 7.036 ;
; MIR[1]     ; OUT_B[23]   ; 6.660 ;       ;       ; 6.660 ;
; MIR[1]     ; OUT_B[24]   ; 8.439 ;       ;       ; 8.439 ;
; MIR[1]     ; OUT_B[25]   ; 6.907 ;       ;       ; 6.907 ;
; MIR[1]     ; OUT_B[26]   ; 5.421 ;       ;       ; 5.421 ;
; MIR[1]     ; OUT_B[27]   ; 5.179 ;       ;       ; 5.179 ;
; MIR[1]     ; OUT_B[28]   ; 7.029 ;       ;       ; 7.029 ;
; MIR[1]     ; OUT_B[29]   ; 8.056 ;       ;       ; 8.056 ;
; MIR[1]     ; OUT_B[30]   ; 7.583 ;       ;       ; 7.583 ;
; MIR[1]     ; OUT_B[31]   ; 5.150 ;       ;       ; 5.150 ;
; MIR[2]     ; OUT_B[0]    ; 7.328 ;       ;       ; 7.328 ;
; MIR[2]     ; OUT_B[1]    ; 5.323 ;       ;       ; 5.323 ;
; MIR[2]     ; OUT_B[2]    ; 6.793 ;       ;       ; 6.793 ;
; MIR[2]     ; OUT_B[3]    ; 7.127 ;       ;       ; 7.127 ;
; MIR[2]     ; OUT_B[4]    ; 8.202 ;       ;       ; 8.202 ;
; MIR[2]     ; OUT_B[5]    ; 8.379 ;       ;       ; 8.379 ;
; MIR[2]     ; OUT_B[6]    ; 7.069 ;       ;       ; 7.069 ;
; MIR[2]     ; OUT_B[7]    ; 5.477 ;       ;       ; 5.477 ;
; MIR[2]     ; OUT_B[8]    ; 7.963 ;       ;       ; 7.963 ;
; MIR[2]     ; OUT_B[9]    ; 5.316 ;       ;       ; 5.316 ;
; MIR[2]     ; OUT_B[10]   ; 7.370 ;       ;       ; 7.370 ;
; MIR[2]     ; OUT_B[11]   ; 6.793 ;       ;       ; 6.793 ;
; MIR[2]     ; OUT_B[12]   ; 6.967 ;       ;       ; 6.967 ;
; MIR[2]     ; OUT_B[13]   ; 7.107 ;       ;       ; 7.107 ;
; MIR[2]     ; OUT_B[14]   ; 7.515 ;       ;       ; 7.515 ;
; MIR[2]     ; OUT_B[15]   ; 7.184 ;       ;       ; 7.184 ;
; MIR[2]     ; OUT_B[16]   ; 5.494 ;       ;       ; 5.494 ;
; MIR[2]     ; OUT_B[17]   ; 7.266 ;       ;       ; 7.266 ;
; MIR[2]     ; OUT_B[18]   ; 7.429 ;       ;       ; 7.429 ;
; MIR[2]     ; OUT_B[19]   ; 5.450 ;       ;       ; 5.450 ;
; MIR[2]     ; OUT_B[20]   ; 5.323 ;       ;       ; 5.323 ;
; MIR[2]     ; OUT_B[21]   ; 7.898 ;       ;       ; 7.898 ;
; MIR[2]     ; OUT_B[22]   ; 7.089 ;       ;       ; 7.089 ;
; MIR[2]     ; OUT_B[23]   ; 6.713 ;       ;       ; 6.713 ;
; MIR[2]     ; OUT_B[24]   ; 8.492 ;       ;       ; 8.492 ;
; MIR[2]     ; OUT_B[25]   ; 6.960 ;       ;       ; 6.960 ;
; MIR[2]     ; OUT_B[26]   ; 5.474 ;       ;       ; 5.474 ;
; MIR[2]     ; OUT_B[27]   ; 5.232 ;       ;       ; 5.232 ;
; MIR[2]     ; OUT_B[28]   ; 7.082 ;       ;       ; 7.082 ;
; MIR[2]     ; OUT_B[29]   ; 8.109 ;       ;       ; 8.109 ;
; MIR[2]     ; OUT_B[30]   ; 7.636 ;       ;       ; 7.636 ;
; MIR[2]     ; OUT_B[31]   ; 5.203 ;       ;       ; 5.203 ;
; MIR[3]     ; OUT_B[0]    ;       ; 4.807 ; 4.807 ;       ;
; MIR[3]     ; OUT_B[1]    ;       ; 2.802 ; 2.802 ;       ;
; MIR[3]     ; OUT_B[2]    ;       ; 4.272 ; 4.272 ;       ;
; MIR[3]     ; OUT_B[3]    ;       ; 4.606 ; 4.606 ;       ;
; MIR[3]     ; OUT_B[4]    ;       ; 5.681 ; 5.681 ;       ;
; MIR[3]     ; OUT_B[5]    ;       ; 5.858 ; 5.858 ;       ;
; MIR[3]     ; OUT_B[6]    ;       ; 4.548 ; 4.548 ;       ;
; MIR[3]     ; OUT_B[7]    ;       ; 2.956 ; 2.956 ;       ;
; MIR[3]     ; OUT_B[8]    ;       ; 5.442 ; 5.442 ;       ;
; MIR[3]     ; OUT_B[9]    ;       ; 2.795 ; 2.795 ;       ;
; MIR[3]     ; OUT_B[10]   ;       ; 4.849 ; 4.849 ;       ;
; MIR[3]     ; OUT_B[11]   ;       ; 4.272 ; 4.272 ;       ;
; MIR[3]     ; OUT_B[12]   ;       ; 4.446 ; 4.446 ;       ;
; MIR[3]     ; OUT_B[13]   ;       ; 4.586 ; 4.586 ;       ;
; MIR[3]     ; OUT_B[14]   ;       ; 4.994 ; 4.994 ;       ;
; MIR[3]     ; OUT_B[15]   ;       ; 4.663 ; 4.663 ;       ;
; MIR[3]     ; OUT_B[16]   ;       ; 2.973 ; 2.973 ;       ;
; MIR[3]     ; OUT_B[17]   ;       ; 4.745 ; 4.745 ;       ;
; MIR[3]     ; OUT_B[18]   ;       ; 4.908 ; 4.908 ;       ;
; MIR[3]     ; OUT_B[19]   ;       ; 2.929 ; 2.929 ;       ;
; MIR[3]     ; OUT_B[20]   ;       ; 2.802 ; 2.802 ;       ;
; MIR[3]     ; OUT_B[21]   ;       ; 5.377 ; 5.377 ;       ;
; MIR[3]     ; OUT_B[22]   ;       ; 4.568 ; 4.568 ;       ;
; MIR[3]     ; OUT_B[23]   ;       ; 4.192 ; 4.192 ;       ;
; MIR[3]     ; OUT_B[24]   ;       ; 5.971 ; 5.971 ;       ;
; MIR[3]     ; OUT_B[25]   ;       ; 4.439 ; 4.439 ;       ;
; MIR[3]     ; OUT_B[26]   ;       ; 2.953 ; 2.953 ;       ;
; MIR[3]     ; OUT_B[27]   ;       ; 2.711 ; 2.711 ;       ;
; MIR[3]     ; OUT_B[28]   ;       ; 4.561 ; 4.561 ;       ;
; MIR[3]     ; OUT_B[29]   ;       ; 5.588 ; 5.588 ;       ;
; MIR[3]     ; OUT_B[30]   ;       ; 5.115 ; 5.115 ;       ;
; MIR[3]     ; OUT_B[31]   ;       ; 2.682 ; 2.682 ;       ;
+------------+-------------+-------+-------+-------+-------+


-------------------
; Clock Transfers ;
-------------------
Nothing to report.


---------------
; Report TCCS ;
---------------
No dedicated SERDES Transmitter circuitry present in device or used in design


---------------
; Report RSKM ;
---------------
No dedicated SERDES Receiver circuitry present in device or used in design


+------------------------------------------------+
; Unconstrained Paths                            ;
+---------------------------------+-------+------+
; Property                        ; Setup ; Hold ;
+---------------------------------+-------+------+
; Illegal Clocks                  ; 0     ; 0    ;
; Unconstrained Clocks            ; 0     ; 0    ;
; Unconstrained Input Ports       ; 4     ; 4    ;
; Unconstrained Input Port Paths  ; 128   ; 128  ;
; Unconstrained Output Ports      ; 32    ; 32   ;
; Unconstrained Output Port Paths ; 128   ; 128  ;
+---------------------------------+-------+------+


+------------------------------------+
; TimeQuest Timing Analyzer Messages ;
+------------------------------------+
Info: *******************************************************************
Info: Running Quartus II 64-Bit TimeQuest Timing Analyzer
    Info: Version 13.0.1 Build 232 06/12/2013 Service Pack 1 SJ Web Edition
    Info: Processing started: Sun Aug 18 21:55:11 2024
Info: Command: quartus_sta MIC1 -c MIC1
Info: qsta_default_script.tcl version: #1
Warning (20028): Parallel compilation is not licensed and has been disabled
Info (21077): Low junction temperature is -40 degrees C
Info (21077): High junction temperature is 125 degrees C
Critical Warning (332012): Synopsys Design Constraints File file not found: 'MIC1.sdc'. A Synopsys Design Constraints File is required by the TimeQuest Timing Analyzer to get proper timing constraints. Without it, the Compiler will not properly optimize the design.
Info (332142): No user constrained base clocks found in the design. Calling "derive_clocks -period 1.0"
Info (332096): The command derive_clocks did not find any clocks to derive.  No clocks were created or changed.
Warning (332068): No clocks defined in design.
Info: Found TIMEQUEST_REPORT_SCRIPT_INCLUDE_DEFAULT_ANALYSIS = ON
Info (332159): No clocks to report
Info: Analyzing Slow Model
Info (332140): No fmax paths to report
Info (332140): No Setup paths to report
Info (332140): No Hold paths to report
Info (332140): No Recovery paths to report
Info (332140): No Removal paths to report
Info (332140): No Minimum Pulse Width paths to report
Info (332001): The selected device family is not supported by the report_metastability command.
Info: Analyzing Fast Model
Info (332142): No user constrained base clocks found in the design. Calling "derive_clocks -period 1.0"
Info (332096): The command derive_clocks did not find any clocks to derive.  No clocks were created or changed.
Warning (332068): No clocks defined in design.
Info (332140): No Setup paths to report
Info (332140): No Hold paths to report
Info (332140): No Recovery paths to report
Info (332140): No Removal paths to report
Info (332140): No Minimum Pulse Width paths to report
Info (332001): The selected device family is not supported by the report_metastability command.
Info (332102): Design is not fully constrained for setup requirements
Info (332102): Design is not fully constrained for hold requirements
Info: Quartus II 64-Bit TimeQuest Timing Analyzer was successful. 0 errors, 4 warnings
    Info: Peak virtual memory: 4547 megabytes
    Info: Processing ended: Sun Aug 18 21:55:12 2024
    Info: Elapsed time: 00:00:01
    Info: Total CPU time (on all processors): 00:00:00


