Analysis & Synthesis report for MIC1
Mon Aug 19 10:16:44 2024
Quartus II 64-Bit Version 13.0.1 Build 232 06/12/2013 Service Pack 1 SJ Web Edition


---------------------
; Table of Contents ;
---------------------
  1. Legal Notice
  2. Analysis & Synthesis Summary
  3. Analysis & Synthesis Settings
  4. Parallel Compilation
  5. Analysis & Synthesis Source Files Read
  6. Analysis & Synthesis Resource Usage Summary
  7. Analysis & Synthesis Resource Utilization by Entity
  8. General Register Statistics
  9. Elapsed Time Per Partition
 10. Analysis & Synthesis Messages



----------------
; Legal Notice ;
----------------
Copyright (C) 1991-2013 Altera Corporation
Your use of Altera Corporation's design tools, logic functions 
and other software and tools, and its AMPP partner logic 
functions, and any output files from any of the foregoing 
(including device programming or simulation files), and any 
associated documentation or information are expressly subject 
to the terms and conditions of the Altera Program License 
Subscription Agreement, Altera MegaCore Function License 
Agreement, or other applicable license agreement, including, 
without limitation, that your use is for the sole purpose of 
programming logic devices manufactured by Altera and sold by 
Altera or its authorized distributors.  Please refer to the 
applicable agreement for further details.



+--------------------------------------------------------------------------------------+
; Analysis & Synthesis Summary                                                         ;
+------------------------------------+-------------------------------------------------+
; Analysis & Synthesis Status        ; Successful - Mon Aug 19 10:16:44 2024           ;
; Quartus II 64-Bit Version          ; 13.0.1 Build 232 06/12/2013 SP 1 SJ Web Edition ;
; Revision Name                      ; MIC1                                            ;
; Top-level Entity Name              ; bank_regs                                       ;
; Family                             ; Cyclone II                                      ;
; Total logic elements               ; 1                                               ;
;     Total combinational functions  ; 1                                               ;
;     Dedicated logic registers      ; 0                                               ;
; Total registers                    ; 0                                               ;
; Total pins                         ; 278                                             ;
; Total virtual pins                 ; 0                                               ;
; Total memory bits                  ; 0                                               ;
; Embedded Multiplier 9-bit elements ; 0                                               ;
; Total PLLs                         ; 0                                               ;
+------------------------------------+-------------------------------------------------+


+----------------------------------------------------------------------------------------------------------------------+
; Analysis & Synthesis Settings                                                                                        ;
+----------------------------------------------------------------------------+--------------------+--------------------+
; Option                                                                     ; Setting            ; Default Value      ;
+----------------------------------------------------------------------------+--------------------+--------------------+
; Device                                                                     ; EP2C70F896I8       ;                    ;
; Top-level entity name                                                      ; bank_regs          ; MIC1               ;
; Family name                                                                ; Cyclone II         ; Cyclone IV GX      ;
; Use smart compilation                                                      ; Off                ; Off                ;
; Enable parallel Assembler and TimeQuest Timing Analyzer during compilation ; On                 ; On                 ;
; Enable compact report table                                                ; Off                ; Off                ;
; Restructure Multiplexers                                                   ; Auto               ; Auto               ;
; Create Debugging Nodes for IP Cores                                        ; Off                ; Off                ;
; Preserve fewer node names                                                  ; On                 ; On                 ;
; Disable OpenCore Plus hardware evaluation                                  ; Off                ; Off                ;
; Verilog Version                                                            ; Verilog_2001       ; Verilog_2001       ;
; VHDL Version                                                               ; VHDL_1993          ; VHDL_1993          ;
; State Machine Processing                                                   ; Auto               ; Auto               ;
; Safe State Machine                                                         ; Off                ; Off                ;
; Extract Verilog State Machines                                             ; On                 ; On                 ;
; Extract VHDL State Machines                                                ; On                 ; On                 ;
; Ignore Verilog initial constructs                                          ; Off                ; Off                ;
; Iteration limit for constant Verilog loops                                 ; 5000               ; 5000               ;
; Iteration limit for non-constant Verilog loops                             ; 250                ; 250                ;
; Add Pass-Through Logic to Inferred RAMs                                    ; On                 ; On                 ;
; Infer RAMs from Raw Logic                                                  ; On                 ; On                 ;
; Parallel Synthesis                                                         ; On                 ; On                 ;
; DSP Block Balancing                                                        ; Auto               ; Auto               ;
; NOT Gate Push-Back                                                         ; On                 ; On                 ;
; Power-Up Don't Care                                                        ; On                 ; On                 ;
; Remove Redundant Logic Cells                                               ; Off                ; Off                ;
; Remove Duplicate Registers                                                 ; On                 ; On                 ;
; Ignore CARRY Buffers                                                       ; Off                ; Off                ;
; Ignore CASCADE Buffers                                                     ; Off                ; Off                ;
; Ignore GLOBAL Buffers                                                      ; Off                ; Off                ;
; Ignore ROW GLOBAL Buffers                                                  ; Off                ; Off                ;
; Ignore LCELL Buffers                                                       ; Off                ; Off                ;
; Ignore SOFT Buffers                                                        ; On                 ; On                 ;
; Limit AHDL Integers to 32 Bits                                             ; Off                ; Off                ;
; Optimization Technique                                                     ; Balanced           ; Balanced           ;
; Carry Chain Length                                                         ; 70                 ; 70                 ;
; Auto Carry Chains                                                          ; On                 ; On                 ;
; Auto Open-Drain Pins                                                       ; On                 ; On                 ;
; Perform WYSIWYG Primitive Resynthesis                                      ; Off                ; Off                ;
; Auto ROM Replacement                                                       ; On                 ; On                 ;
; Auto RAM Replacement                                                       ; On                 ; On                 ;
; Auto Shift Register Replacement                                            ; Auto               ; Auto               ;
; Allow Shift Register Merging across Hierarchies                            ; Auto               ; Auto               ;
; Auto Clock Enable Replacement                                              ; On                 ; On                 ;
; Strict RAM Replacement                                                     ; Off                ; Off                ;
; Allow Synchronous Control Signals                                          ; On                 ; On                 ;
; Force Use of Synchronous Clear Signals                                     ; Off                ; Off                ;
; Auto RAM to Logic Cell Conversion                                          ; Off                ; Off                ;
; Auto Resource Sharing                                                      ; Off                ; Off                ;
; Allow Any RAM Size For Recognition                                         ; Off                ; Off                ;
; Allow Any ROM Size For Recognition                                         ; Off                ; Off                ;
; Allow Any Shift Register Size For Recognition                              ; Off                ; Off                ;
; Use LogicLock Constraints during Resource Balancing                        ; On                 ; On                 ;
; Ignore translate_off and synthesis_off directives                          ; Off                ; Off                ;
; Timing-Driven Synthesis                                                    ; Off                ; Off                ;
; Report Parameter Settings                                                  ; On                 ; On                 ;
; Report Source Assignments                                                  ; On                 ; On                 ;
; Report Connectivity Checks                                                 ; On                 ; On                 ;
; Ignore Maximum Fan-Out Assignments                                         ; Off                ; Off                ;
; Synchronization Register Chain Length                                      ; 2                  ; 2                  ;
; PowerPlay Power Optimization                                               ; Normal compilation ; Normal compilation ;
; HDL message level                                                          ; Level2             ; Level2             ;
; Suppress Register Optimization Related Messages                            ; Off                ; Off                ;
; Number of Removed Registers Reported in Synthesis Report                   ; 5000               ; 5000               ;
; Number of Swept Nodes Reported in Synthesis Report                         ; 5000               ; 5000               ;
; Number of Inverted Registers Reported in Synthesis Report                  ; 100                ; 100                ;
; Clock MUX Protection                                                       ; On                 ; On                 ;
; Auto Gated Clock Conversion                                                ; Off                ; Off                ;
; Block Design Naming                                                        ; Auto               ; Auto               ;
; SDC constraint protection                                                  ; Off                ; Off                ;
; Synthesis Effort                                                           ; Auto               ; Auto               ;
; Shift Register Replacement - Allow Asynchronous Clear Signal               ; On                 ; On                 ;
; Pre-Mapping Resynthesis Optimization                                       ; Off                ; Off                ;
; Analysis & Synthesis Message Level                                         ; Medium             ; Medium             ;
; Disable Register Merging Across Hierarchies                                ; Auto               ; Auto               ;
; Resource Aware Inference For Block RAM                                     ; On                 ; On                 ;
; Synthesis Seed                                                             ; 1                  ; 1                  ;
+----------------------------------------------------------------------------+--------------------+--------------------+


Parallel compilation was disabled, but you have multiple processors available. Enable parallel compilation to reduce compilation time.
+-------------------------------------+
; Parallel Compilation                ;
+----------------------------+--------+
; Processors                 ; Number ;
+----------------------------+--------+
; Number detected on machine ; 16     ;
; Maximum allowed            ; 1      ;
+----------------------------+--------+


+--------------------------------------------------------------------------------------------------------------------------------------------------------------------------------------------------------------+
; Analysis & Synthesis Source Files Read                                                                                                                                                                       ;
+----------------------------------+-----------------+------------------------------------+----------------------------------------------------------------------------------------------------------+---------+
; File Name with User-Entered Path ; Used in Netlist ; File Type                          ; File Name with Absolute Path                                                                             ; Library ;
+----------------------------------+-----------------+------------------------------------+----------------------------------------------------------------------------------------------------------+---------+
; register_4bit.bdf                ; yes             ; User Block Diagram/Schematic File  ; C:/Users/dudat/OneDrive/Documentos/ENGENHARIA DA COMPUTAÇÃO/3° PERÍODO/AOC/MIC-1/register_4bit.bdf       ;         ;
; register_32bit.bdf               ; yes             ; User Block Diagram/Schematic File  ; C:/Users/dudat/OneDrive/Documentos/ENGENHARIA DA COMPUTAÇÃO/3° PERÍODO/AOC/MIC-1/register_32bit.bdf      ;         ;
; H.bdf                            ; yes             ; User Block Diagram/Schematic File  ; C:/Users/dudat/OneDrive/Documentos/ENGENHARIA DA COMPUTAÇÃO/3° PERÍODO/AOC/MIC-1/H.bdf                   ;         ;
; OPC.bdf                          ; yes             ; User Block Diagram/Schematic File  ; C:/Users/dudat/OneDrive/Documentos/ENGENHARIA DA COMPUTAÇÃO/3° PERÍODO/AOC/MIC-1/OPC.bdf                 ;         ;
; TOS.bdf                          ; yes             ; User Block Diagram/Schematic File  ; C:/Users/dudat/OneDrive/Documentos/ENGENHARIA DA COMPUTAÇÃO/3° PERÍODO/AOC/MIC-1/TOS.bdf                 ;         ;
; CPP.bdf                          ; yes             ; User Block Diagram/Schematic File  ; C:/Users/dudat/OneDrive/Documentos/ENGENHARIA DA COMPUTAÇÃO/3° PERÍODO/AOC/MIC-1/CPP.bdf                 ;         ;
; CPP_initial_address.bdf          ; yes             ; User Block Diagram/Schematic File  ; C:/Users/dudat/OneDrive/Documentos/ENGENHARIA DA COMPUTAÇÃO/3° PERÍODO/AOC/MIC-1/CPP_initial_address.bdf ;         ;
; LV_initial_address.bdf           ; yes             ; User Block Diagram/Schematic File  ; C:/Users/dudat/OneDrive/Documentos/ENGENHARIA DA COMPUTAÇÃO/3° PERÍODO/AOC/MIC-1/LV_initial_address.bdf  ;         ;
; LV.bdf                           ; yes             ; User Block Diagram/Schematic File  ; C:/Users/dudat/OneDrive/Documentos/ENGENHARIA DA COMPUTAÇÃO/3° PERÍODO/AOC/MIC-1/LV.bdf                  ;         ;
; SP.bdf                           ; yes             ; User Block Diagram/Schematic File  ; C:/Users/dudat/OneDrive/Documentos/ENGENHARIA DA COMPUTAÇÃO/3° PERÍODO/AOC/MIC-1/SP.bdf                  ;         ;
; mbr_extensor.bdf                 ; yes             ; User Block Diagram/Schematic File  ; C:/Users/dudat/OneDrive/Documentos/ENGENHARIA DA COMPUTAÇÃO/3° PERÍODO/AOC/MIC-1/mbr_extensor.bdf        ;         ;
; MBR.bdf                          ; yes             ; User Block Diagram/Schematic File  ; C:/Users/dudat/OneDrive/Documentos/ENGENHARIA DA COMPUTAÇÃO/3° PERÍODO/AOC/MIC-1/MBR.bdf                 ;         ;
; PC.bdf                           ; yes             ; User Block Diagram/Schematic File  ; C:/Users/dudat/OneDrive/Documentos/ENGENHARIA DA COMPUTAÇÃO/3° PERÍODO/AOC/MIC-1/PC.bdf                  ;         ;
; MDR.bdf                          ; yes             ; User Block Diagram/Schematic File  ; C:/Users/dudat/OneDrive/Documentos/ENGENHARIA DA COMPUTAÇÃO/3° PERÍODO/AOC/MIC-1/MDR.bdf                 ;         ;
; MAR.bdf                          ; yes             ; User Block Diagram/Schematic File  ; C:/Users/dudat/OneDrive/Documentos/ENGENHARIA DA COMPUTAÇÃO/3° PERÍODO/AOC/MIC-1/MAR.bdf                 ;         ;
; bank_regs.bdf                    ; yes             ; User Block Diagram/Schematic File  ; C:/Users/dudat/OneDrive/Documentos/ENGENHARIA DA COMPUTAÇÃO/3° PERÍODO/AOC/MIC-1/bank_regs.bdf           ;         ;
+----------------------------------+-----------------+------------------------------------+----------------------------------------------------------------------------------------------------------+---------+


+-------------------------------------------------------------------------------------------+
; Analysis & Synthesis Resource Usage Summary                                               ;
+---------------------------------------------+---------------------------------------------+
; Resource                                    ; Usage                                       ;
+---------------------------------------------+---------------------------------------------+
; Estimated Total logic elements              ; 1                                           ;
;                                             ;                                             ;
; Total combinational functions               ; 1                                           ;
; Logic element usage by number of LUT inputs ;                                             ;
;     -- 4 input functions                    ; 1                                           ;
;     -- 3 input functions                    ; 0                                           ;
;     -- <=2 input functions                  ; 0                                           ;
;                                             ;                                             ;
; Logic elements by mode                      ;                                             ;
;     -- normal mode                          ; 1                                           ;
;     -- arithmetic mode                      ; 0                                           ;
;                                             ;                                             ;
; Total registers                             ; 0                                           ;
;     -- Dedicated logic registers            ; 0                                           ;
;     -- I/O registers                        ; 0                                           ;
;                                             ;                                             ;
; I/O pins                                    ; 278                                         ;
; Embedded Multiplier 9-bit elements          ; 0                                           ;
; Maximum fan-out node                        ; MDR:inst1|register_32bit:inst6|inst9[31]~32 ;
; Maximum fan-out                             ; 32                                          ;
; Total fan-out                               ; 68                                          ;
; Average fan-out                             ; 0.24                                        ;
+---------------------------------------------+---------------------------------------------+


+-----------------------------------------------------------------------------------------------------------------------------------------------------------------------------------------------------+
; Analysis & Synthesis Resource Utilization by Entity                                                                                                                                                 ;
+------------------------------+-------------------+--------------+-------------+--------------+---------+-----------+------+--------------+-------------------------------------------+--------------+
; Compilation Hierarchy Node   ; LC Combinationals ; LC Registers ; Memory Bits ; DSP Elements ; DSP 9x9 ; DSP 18x18 ; Pins ; Virtual Pins ; Full Hierarchy Name                       ; Library Name ;
+------------------------------+-------------------+--------------+-------------+--------------+---------+-----------+------+--------------+-------------------------------------------+--------------+
; |bank_regs                   ; 1 (0)             ; 0 (0)        ; 0           ; 0            ; 0       ; 0         ; 278  ; 0            ; |bank_regs                                ; work         ;
;    |MDR:inst1|               ; 1 (0)             ; 0 (0)        ; 0           ; 0            ; 0       ; 0         ; 0    ; 0            ; |bank_regs|MDR:inst1                      ; work         ;
;       |register_32bit:inst6| ; 1 (1)             ; 0 (0)        ; 0           ; 0            ; 0       ; 0         ; 0    ; 0            ; |bank_regs|MDR:inst1|register_32bit:inst6 ; work         ;
+------------------------------+-------------------+--------------+-------------+--------------+---------+-----------+------+--------------+-------------------------------------------+--------------+
Note: For table entries with two numbers listed, the numbers in parentheses indicate the number of resources of the given type used by the specific entity alone. The numbers listed outside of parentheses indicate the total resources of the given type used by the specific entity and all of its sub-entities in the hierarchy.


+------------------------------------------------------+
; General Register Statistics                          ;
+----------------------------------------------+-------+
; Statistic                                    ; Value ;
+----------------------------------------------+-------+
; Total registers                              ; 0     ;
; Number of registers using Synchronous Clear  ; 0     ;
; Number of registers using Synchronous Load   ; 0     ;
; Number of registers using Asynchronous Clear ; 0     ;
; Number of registers using Asynchronous Load  ; 0     ;
; Number of registers using Clock Enable       ; 0     ;
; Number of registers using Preset             ; 0     ;
+----------------------------------------------+-------+


+-------------------------------+
; Elapsed Time Per Partition    ;
+----------------+--------------+
; Partition Name ; Elapsed Time ;
+----------------+--------------+
; Top            ; 00:00:00     ;
+----------------+--------------+


+-------------------------------+
; Analysis & Synthesis Messages ;
+-------------------------------+
Info: *******************************************************************
Info: Running Quartus II 64-Bit Analysis & Synthesis
    Info: Version 13.0.1 Build 232 06/12/2013 Service Pack 1 SJ Web Edition
    Info: Processing started: Mon Aug 19 10:16:43 2024
Info: Command: quartus_map --read_settings_files=on --write_settings_files=off MIC1 -c MIC1
Warning (20028): Parallel compilation is not licensed and has been disabled
Info (12021): Found 1 design units, including 1 entities, in source file decoder2_4.bdf
    Info (12023): Found entity 1: decoder2_4
Info (12021): Found 1 design units, including 1 entities, in source file decoder3_8.bdf
    Info (12023): Found entity 1: decoder3_8
Info (12021): Found 1 design units, including 1 entities, in source file full_adder_1bit.bdf
    Info (12023): Found entity 1: full_adder_1bit
Info (12021): Found 1 design units, including 1 entities, in source file full_adder_8bit.bdf
    Info (12023): Found entity 1: full_adder_8bit
Info (12021): Found 1 design units, including 1 entities, in source file ula_1bit.bdf
    Info (12023): Found entity 1: ULA_1bit
Info (12021): Found 1 design units, including 1 entities, in source file ula_8bit.bdf
    Info (12023): Found entity 1: ULA_8bit
Info (12021): Found 1 design units, including 1 entities, in source file ula_32bit.bdf
    Info (12023): Found entity 1: ULA_32bit
Info (12021): Found 1 design units, including 1 entities, in source file register_4bit.bdf
    Info (12023): Found entity 1: register_4bit
Info (12021): Found 1 design units, including 1 entities, in source file shifter.bdf
    Info (12023): Found entity 1: shifter
Info (12021): Found 1 design units, including 1 entities, in source file register_32bit.bdf
    Info (12023): Found entity 1: register_32bit
Info (12021): Found 1 design units, including 1 entities, in source file h.bdf
    Info (12023): Found entity 1: H
Info (12021): Found 1 design units, including 1 entities, in source file opc.bdf
    Info (12023): Found entity 1: OPC
Info (12021): Found 1 design units, including 1 entities, in source file tos.bdf
    Info (12023): Found entity 1: TOS
Info (12021): Found 1 design units, including 1 entities, in source file cpp.bdf
    Info (12023): Found entity 1: CPP
Info (12021): Found 1 design units, including 1 entities, in source file cpp_initial_address.bdf
    Info (12023): Found entity 1: CPP_initial_address
Info (12021): Found 1 design units, including 1 entities, in source file lv_initial_address.bdf
    Info (12023): Found entity 1: LV_initial_address
Info (12021): Found 1 design units, including 1 entities, in source file lv.bdf
    Info (12023): Found entity 1: LV
Info (12021): Found 1 design units, including 1 entities, in source file sp.bdf
    Info (12023): Found entity 1: SP
Info (12021): Found 1 design units, including 1 entities, in source file mbr_extensor.bdf
    Info (12023): Found entity 1: mbr_extensor
Info (12021): Found 1 design units, including 1 entities, in source file mbr.bdf
    Info (12023): Found entity 1: MBR
Info (12021): Found 1 design units, including 1 entities, in source file pc.bdf
    Info (12023): Found entity 1: PC
Info (12021): Found 1 design units, including 1 entities, in source file mdr.bdf
    Info (12023): Found entity 1: MDR
Info (12021): Found 1 design units, including 1 entities, in source file mar.bdf
    Info (12023): Found entity 1: MAR
Info (12021): Found 1 design units, including 1 entities, in source file bank_regs.bdf
    Info (12023): Found entity 1: bank_regs
Info (12127): Elaborating entity "bank_regs" for the top level hierarchy
Info (12128): Elaborating entity "MAR" for hierarchy "MAR:inst"
Info (12128): Elaborating entity "register_32bit" for hierarchy "MAR:inst|register_32bit:inst"
Info (12128): Elaborating entity "register_4bit" for hierarchy "MAR:inst|register_32bit:inst|register_4bit:inst"
Warning (275043): Pin "OUTPUT[3..0]" is missing source
Warning (275009): Pin "LOAD" not connected
Warning (275009): Pin "CLOCK" not connected
Warning (275009): Pin "DATA" not connected
Warning (275009): Pin "PARALLEL" not connected
Warning (275008): Primitive "DFF" of instance "inst" not used
Warning (275008): Primitive "DFF" of instance "inst1" not used
Warning (275008): Primitive "NAND2" of instance "inst10" not used
Warning (275008): Primitive "NAND2" of instance "inst11" not used
Warning (275008): Primitive "NAND2" of instance "inst12" not used
Warning (275008): Primitive "NOT" of instance "inst14" not used
Warning (275008): Primitive "NOT" of instance "inst15" not used
Warning (275008): Primitive "NOT" of instance "inst16" not used
Warning (275008): Primitive "NOT" of instance "inst17" not used
Warning (275008): Primitive "DFF" of instance "inst2" not used
Warning (275008): Primitive "DFF" of instance "inst3" not used
Warning (275008): Primitive "NOT" of instance "inst4" not used
Warning (275008): Primitive "NAND2" of instance "inst5" not used
Warning (275008): Primitive "NAND2" of instance "inst6" not used
Warning (275008): Primitive "NAND2" of instance "inst7" not used
Warning (275008): Primitive "NAND2" of instance "inst8" not used
Warning (275008): Primitive "NAND2" of instance "inst9" not used
Info (12128): Elaborating entity "MBR" for hierarchy "MBR:inst3"
Info (12128): Elaborating entity "mbr_extensor" for hierarchy "MBR:inst3|mbr_extensor:inst19"
Info (12128): Elaborating entity "MDR" for hierarchy "MDR:inst1"
Info (12128): Elaborating entity "H" for hierarchy "H:inst9"
Info (12128): Elaborating entity "PC" for hierarchy "PC:inst2"
Info (12128): Elaborating entity "SP" for hierarchy "SP:inst4"
Info (12128): Elaborating entity "LV_initial_address" for hierarchy "SP:inst4|LV_initial_address:inst"
Info (12128): Elaborating entity "LV" for hierarchy "LV:inst5"
Info (12128): Elaborating entity "CPP" for hierarchy "CPP:inst6"
Info (12128): Elaborating entity "CPP_initial_address" for hierarchy "CPP:inst6|CPP_initial_address:inst"
Info (12128): Elaborating entity "TOS" for hierarchy "TOS:inst7"
Info (12128): Elaborating entity "OPC" for hierarchy "OPC:inst8"
Warning (13030): Reduced the following open-drain buffers that are fed by GND
    Warning (13031): Reduced fanout from the always-enabled open-drain buffer "MAR:inst|register_32bit:inst|inst10[31]" to the output pin "MAR[31]" to GND
    Warning (13031): Reduced fanout from the always-enabled open-drain buffer "MAR:inst|register_32bit:inst|inst10[30]" to the output pin "MAR[30]" to GND
    Warning (13031): Reduced fanout from the always-enabled open-drain buffer "MAR:inst|register_32bit:inst|inst10[29]" to the output pin "MAR[29]" to GND
    Warning (13031): Reduced fanout from the always-enabled open-drain buffer "MAR:inst|register_32bit:inst|inst10[28]" to the output pin "MAR[28]" to GND
    Warning (13031): Reduced fanout from the always-enabled open-drain buffer "MAR:inst|register_32bit:inst|inst10[27]" to the output pin "MAR[27]" to GND
    Warning (13031): Reduced fanout from the always-enabled open-drain buffer "MAR:inst|register_32bit:inst|inst10[26]" to the output pin "MAR[26]" to GND
    Warning (13031): Reduced fanout from the always-enabled open-drain buffer "MAR:inst|register_32bit:inst|inst10[25]" to the output pin "MAR[25]" to GND
    Warning (13031): Reduced fanout from the always-enabled open-drain buffer "MAR:inst|register_32bit:inst|inst10[24]" to the output pin "MAR[24]" to GND
    Warning (13031): Reduced fanout from the always-enabled open-drain buffer "MAR:inst|register_32bit:inst|inst10[23]" to the output pin "MAR[23]" to GND
    Warning (13031): Reduced fanout from the always-enabled open-drain buffer "MAR:inst|register_32bit:inst|inst10[22]" to the output pin "MAR[22]" to GND
    Warning (13031): Reduced fanout from the always-enabled open-drain buffer "MAR:inst|register_32bit:inst|inst10[21]" to the output pin "MAR[21]" to GND
    Warning (13031): Reduced fanout from the always-enabled open-drain buffer "MAR:inst|register_32bit:inst|inst10[20]" to the output pin "MAR[20]" to GND
    Warning (13031): Reduced fanout from the always-enabled open-drain buffer "MAR:inst|register_32bit:inst|inst10[19]" to the output pin "MAR[19]" to GND
    Warning (13031): Reduced fanout from the always-enabled open-drain buffer "MAR:inst|register_32bit:inst|inst10[18]" to the output pin "MAR[18]" to GND
    Warning (13031): Reduced fanout from the always-enabled open-drain buffer "MAR:inst|register_32bit:inst|inst10[17]" to the output pin "MAR[17]" to GND
    Warning (13031): Reduced fanout from the always-enabled open-drain buffer "MAR:inst|register_32bit:inst|inst10[16]" to the output pin "MAR[16]" to GND
    Warning (13031): Reduced fanout from the always-enabled open-drain buffer "MAR:inst|register_32bit:inst|inst10[15]" to the output pin "MAR[15]" to GND
    Warning (13031): Reduced fanout from the always-enabled open-drain buffer "MAR:inst|register_32bit:inst|inst10[14]" to the output pin "MAR[14]" to GND
    Warning (13031): Reduced fanout from the always-enabled open-drain buffer "MAR:inst|register_32bit:inst|inst10[13]" to the output pin "MAR[13]" to GND
    Warning (13031): Reduced fanout from the always-enabled open-drain buffer "MAR:inst|register_32bit:inst|inst10[12]" to the output pin "MAR[12]" to GND
    Warning (13031): Reduced fanout from the always-enabled open-drain buffer "MAR:inst|register_32bit:inst|inst10[11]" to the output pin "MAR[11]" to GND
    Warning (13031): Reduced fanout from the always-enabled open-drain buffer "MAR:inst|register_32bit:inst|inst10[10]" to the output pin "MAR[10]" to GND
    Warning (13031): Reduced fanout from the always-enabled open-drain buffer "MAR:inst|register_32bit:inst|inst10[9]" to the output pin "MAR[9]" to GND
    Warning (13031): Reduced fanout from the always-enabled open-drain buffer "MAR:inst|register_32bit:inst|inst10[8]" to the output pin "MAR[8]" to GND
    Warning (13031): Reduced fanout from the always-enabled open-drain buffer "MAR:inst|register_32bit:inst|inst10[7]" to the output pin "MAR[7]" to GND
    Warning (13031): Reduced fanout from the always-enabled open-drain buffer "MAR:inst|register_32bit:inst|inst10[6]" to the output pin "MAR[6]" to GND
    Warning (13031): Reduced fanout from the always-enabled open-drain buffer "MAR:inst|register_32bit:inst|inst10[5]" to the output pin "MAR[5]" to GND
    Warning (13031): Reduced fanout from the always-enabled open-drain buffer "MAR:inst|register_32bit:inst|inst10[4]" to the output pin "MAR[4]" to GND
    Warning (13031): Reduced fanout from the always-enabled open-drain buffer "MAR:inst|register_32bit:inst|inst10[3]" to the output pin "MAR[3]" to GND
    Warning (13031): Reduced fanout from the always-enabled open-drain buffer "MAR:inst|register_32bit:inst|inst10[2]" to the output pin "MAR[2]" to GND
    Warning (13031): Reduced fanout from the always-enabled open-drain buffer "MAR:inst|register_32bit:inst|inst10[1]" to the output pin "MAR[1]" to GND
    Warning (13031): Reduced fanout from the always-enabled open-drain buffer "MAR:inst|register_32bit:inst|inst10[0]" to the output pin "MAR[0]" to GND
    Warning (13031): Reduced fanout from the always-enabled open-drain buffer "MBR:inst3|register_32bit:inst7|inst10[7]" to the output pin "MBR_OUT[7]" to GND
    Warning (13031): Reduced fanout from the always-enabled open-drain buffer "MBR:inst3|register_32bit:inst7|inst10[6]" to the output pin "MBR_OUT[6]" to GND
    Warning (13031): Reduced fanout from the always-enabled open-drain buffer "MBR:inst3|register_32bit:inst7|inst10[5]" to the output pin "MBR_OUT[5]" to GND
    Warning (13031): Reduced fanout from the always-enabled open-drain buffer "MBR:inst3|register_32bit:inst7|inst10[4]" to the output pin "MBR_OUT[4]" to GND
    Warning (13031): Reduced fanout from the always-enabled open-drain buffer "MBR:inst3|register_32bit:inst7|inst10[3]" to the output pin "MBR_OUT[3]" to GND
    Warning (13031): Reduced fanout from the always-enabled open-drain buffer "MBR:inst3|register_32bit:inst7|inst10[2]" to the output pin "MBR_OUT[2]" to GND
    Warning (13031): Reduced fanout from the always-enabled open-drain buffer "MBR:inst3|register_32bit:inst7|inst10[1]" to the output pin "MBR_OUT[1]" to GND
    Warning (13031): Reduced fanout from the always-enabled open-drain buffer "MBR:inst3|register_32bit:inst7|inst10[0]" to the output pin "MBR_OUT[0]" to GND
    Warning (13031): Reduced fanout from the always-enabled open-drain buffer "H:inst9|register_32bit:inst1|inst9[31]" to the output pin "OUT_A[31]" to GND
    Warning (13031): Reduced fanout from the always-enabled open-drain buffer "H:inst9|register_32bit:inst1|inst9[30]" to the output pin "OUT_A[30]" to GND
    Warning (13031): Reduced fanout from the always-enabled open-drain buffer "H:inst9|register_32bit:inst1|inst9[29]" to the output pin "OUT_A[29]" to GND
    Warning (13031): Reduced fanout from the always-enabled open-drain buffer "H:inst9|register_32bit:inst1|inst9[28]" to the output pin "OUT_A[28]" to GND
    Warning (13031): Reduced fanout from the always-enabled open-drain buffer "H:inst9|register_32bit:inst1|inst9[27]" to the output pin "OUT_A[27]" to GND
    Warning (13031): Reduced fanout from the always-enabled open-drain buffer "H:inst9|register_32bit:inst1|inst9[26]" to the output pin "OUT_A[26]" to GND
    Warning (13031): Reduced fanout from the always-enabled open-drain buffer "H:inst9|register_32bit:inst1|inst9[25]" to the output pin "OUT_A[25]" to GND
    Warning (13031): Reduced fanout from the always-enabled open-drain buffer "H:inst9|register_32bit:inst1|inst9[24]" to the output pin "OUT_A[24]" to GND
    Warning (13031): Reduced fanout from the always-enabled open-drain buffer "H:inst9|register_32bit:inst1|inst9[23]" to the output pin "OUT_A[23]" to GND
    Warning (13031): Reduced fanout from the always-enabled open-drain buffer "H:inst9|register_32bit:inst1|inst9[22]" to the output pin "OUT_A[22]" to GND
    Warning (13031): Reduced fanout from the always-enabled open-drain buffer "H:inst9|register_32bit:inst1|inst9[21]" to the output pin "OUT_A[21]" to GND
    Warning (13031): Reduced fanout from the always-enabled open-drain buffer "H:inst9|register_32bit:inst1|inst9[20]" to the output pin "OUT_A[20]" to GND
    Warning (13031): Reduced fanout from the always-enabled open-drain buffer "H:inst9|register_32bit:inst1|inst9[19]" to the output pin "OUT_A[19]" to GND
    Warning (13031): Reduced fanout from the always-enabled open-drain buffer "H:inst9|register_32bit:inst1|inst9[18]" to the output pin "OUT_A[18]" to GND
    Warning (13031): Reduced fanout from the always-enabled open-drain buffer "H:inst9|register_32bit:inst1|inst9[17]" to the output pin "OUT_A[17]" to GND
    Warning (13031): Reduced fanout from the always-enabled open-drain buffer "H:inst9|register_32bit:inst1|inst9[16]" to the output pin "OUT_A[16]" to GND
    Warning (13031): Reduced fanout from the always-enabled open-drain buffer "H:inst9|register_32bit:inst1|inst9[15]" to the output pin "OUT_A[15]" to GND
    Warning (13031): Reduced fanout from the always-enabled open-drain buffer "H:inst9|register_32bit:inst1|inst9[14]" to the output pin "OUT_A[14]" to GND
    Warning (13031): Reduced fanout from the always-enabled open-drain buffer "H:inst9|register_32bit:inst1|inst9[13]" to the output pin "OUT_A[13]" to GND
    Warning (13031): Reduced fanout from the always-enabled open-drain buffer "H:inst9|register_32bit:inst1|inst9[12]" to the output pin "OUT_A[12]" to GND
    Warning (13031): Reduced fanout from the always-enabled open-drain buffer "H:inst9|register_32bit:inst1|inst9[11]" to the output pin "OUT_A[11]" to GND
    Warning (13031): Reduced fanout from the always-enabled open-drain buffer "H:inst9|register_32bit:inst1|inst9[10]" to the output pin "OUT_A[10]" to GND
    Warning (13031): Reduced fanout from the always-enabled open-drain buffer "H:inst9|register_32bit:inst1|inst9[9]" to the output pin "OUT_A[9]" to GND
    Warning (13031): Reduced fanout from the always-enabled open-drain buffer "H:inst9|register_32bit:inst1|inst9[8]" to the output pin "OUT_A[8]" to GND
    Warning (13031): Reduced fanout from the always-enabled open-drain buffer "H:inst9|register_32bit:inst1|inst9[7]" to the output pin "OUT_A[7]" to GND
    Warning (13031): Reduced fanout from the always-enabled open-drain buffer "H:inst9|register_32bit:inst1|inst9[6]" to the output pin "OUT_A[6]" to GND
    Warning (13031): Reduced fanout from the always-enabled open-drain buffer "H:inst9|register_32bit:inst1|inst9[5]" to the output pin "OUT_A[5]" to GND
    Warning (13031): Reduced fanout from the always-enabled open-drain buffer "H:inst9|register_32bit:inst1|inst9[4]" to the output pin "OUT_A[4]" to GND
    Warning (13031): Reduced fanout from the always-enabled open-drain buffer "H:inst9|register_32bit:inst1|inst9[3]" to the output pin "OUT_A[3]" to GND
    Warning (13031): Reduced fanout from the always-enabled open-drain buffer "H:inst9|register_32bit:inst1|inst9[2]" to the output pin "OUT_A[2]" to GND
    Warning (13031): Reduced fanout from the always-enabled open-drain buffer "H:inst9|register_32bit:inst1|inst9[1]" to the output pin "OUT_A[1]" to GND
    Warning (13031): Reduced fanout from the always-enabled open-drain buffer "H:inst9|register_32bit:inst1|inst9[0]" to the output pin "OUT_A[0]" to GND
Warning (13024): Output pins are stuck at VCC or GND
    Warning (13410): Pin "MAR[31]" is stuck at GND
    Warning (13410): Pin "MAR[30]" is stuck at GND
    Warning (13410): Pin "MAR[29]" is stuck at GND
    Warning (13410): Pin "MAR[28]" is stuck at GND
    Warning (13410): Pin "MAR[27]" is stuck at GND
    Warning (13410): Pin "MAR[26]" is stuck at GND
    Warning (13410): Pin "MAR[25]" is stuck at GND
    Warning (13410): Pin "MAR[24]" is stuck at GND
    Warning (13410): Pin "MAR[23]" is stuck at GND
    Warning (13410): Pin "MAR[22]" is stuck at GND
    Warning (13410): Pin "MAR[21]" is stuck at GND
    Warning (13410): Pin "MAR[20]" is stuck at GND
    Warning (13410): Pin "MAR[19]" is stuck at GND
    Warning (13410): Pin "MAR[18]" is stuck at GND
    Warning (13410): Pin "MAR[17]" is stuck at GND
    Warning (13410): Pin "MAR[16]" is stuck at GND
    Warning (13410): Pin "MAR[15]" is stuck at GND
    Warning (13410): Pin "MAR[14]" is stuck at GND
    Warning (13410): Pin "MAR[13]" is stuck at GND
    Warning (13410): Pin "MAR[12]" is stuck at GND
    Warning (13410): Pin "MAR[11]" is stuck at GND
    Warning (13410): Pin "MAR[10]" is stuck at GND
    Warning (13410): Pin "MAR[9]" is stuck at GND
    Warning (13410): Pin "MAR[8]" is stuck at GND
    Warning (13410): Pin "MAR[7]" is stuck at GND
    Warning (13410): Pin "MAR[6]" is stuck at GND
    Warning (13410): Pin "MAR[5]" is stuck at GND
    Warning (13410): Pin "MAR[4]" is stuck at GND
    Warning (13410): Pin "MAR[3]" is stuck at GND
    Warning (13410): Pin "MAR[2]" is stuck at GND
    Warning (13410): Pin "MAR[1]" is stuck at GND
    Warning (13410): Pin "MAR[0]" is stuck at GND
    Warning (13410): Pin "MBR_OUT[7]" is stuck at GND
    Warning (13410): Pin "MBR_OUT[6]" is stuck at GND
    Warning (13410): Pin "MBR_OUT[5]" is stuck at GND
    Warning (13410): Pin "MBR_OUT[4]" is stuck at GND
    Warning (13410): Pin "MBR_OUT[3]" is stuck at GND
    Warning (13410): Pin "MBR_OUT[2]" is stuck at GND
    Warning (13410): Pin "MBR_OUT[1]" is stuck at GND
    Warning (13410): Pin "MBR_OUT[0]" is stuck at GND
    Warning (13410): Pin "OUT_A[31]" is stuck at GND
    Warning (13410): Pin "OUT_A[30]" is stuck at GND
    Warning (13410): Pin "OUT_A[29]" is stuck at GND
    Warning (13410): Pin "OUT_A[28]" is stuck at GND
    Warning (13410): Pin "OUT_A[27]" is stuck at GND
    Warning (13410): Pin "OUT_A[26]" is stuck at GND
    Warning (13410): Pin "OUT_A[25]" is stuck at GND
    Warning (13410): Pin "OUT_A[24]" is stuck at GND
    Warning (13410): Pin "OUT_A[23]" is stuck at GND
    Warning (13410): Pin "OUT_A[22]" is stuck at GND
    Warning (13410): Pin "OUT_A[21]" is stuck at GND
    Warning (13410): Pin "OUT_A[20]" is stuck at GND
    Warning (13410): Pin "OUT_A[19]" is stuck at GND
    Warning (13410): Pin "OUT_A[18]" is stuck at GND
    Warning (13410): Pin "OUT_A[17]" is stuck at GND
    Warning (13410): Pin "OUT_A[16]" is stuck at GND
    Warning (13410): Pin "OUT_A[15]" is stuck at GND
    Warning (13410): Pin "OUT_A[14]" is stuck at GND
    Warning (13410): Pin "OUT_A[13]" is stuck at GND
    Warning (13410): Pin "OUT_A[12]" is stuck at GND
    Warning (13410): Pin "OUT_A[11]" is stuck at GND
    Warning (13410): Pin "OUT_A[10]" is stuck at GND
    Warning (13410): Pin "OUT_A[9]" is stuck at GND
    Warning (13410): Pin "OUT_A[8]" is stuck at GND
    Warning (13410): Pin "OUT_A[7]" is stuck at GND
    Warning (13410): Pin "OUT_A[6]" is stuck at GND
    Warning (13410): Pin "OUT_A[5]" is stuck at GND
    Warning (13410): Pin "OUT_A[4]" is stuck at GND
    Warning (13410): Pin "OUT_A[3]" is stuck at GND
    Warning (13410): Pin "OUT_A[2]" is stuck at GND
    Warning (13410): Pin "OUT_A[1]" is stuck at GND
    Warning (13410): Pin "OUT_A[0]" is stuck at GND
Info (16010): Generating hard_block partition "hard_block:auto_generated_inst"
    Info (16011): Adding 0 node(s), including 0 DDIO, 0 PLL, 0 transceiver and 0 LCELL
Warning (21074): Design contains 105 input pin(s) that do not drive logic
    Warning (15610): No output dependent on input pin "LOAD"
    Warning (15610): No output dependent on input pin "CLOCK"
    Warning (15610): No output dependent on input pin "IN_C[31]"
    Warning (15610): No output dependent on input pin "IN_C[30]"
    Warning (15610): No output dependent on input pin "IN_C[29]"
    Warning (15610): No output dependent on input pin "IN_C[28]"
    Warning (15610): No output dependent on input pin "IN_C[27]"
    Warning (15610): No output dependent on input pin "IN_C[26]"
    Warning (15610): No output dependent on input pin "IN_C[25]"
    Warning (15610): No output dependent on input pin "IN_C[24]"
    Warning (15610): No output dependent on input pin "IN_C[23]"
    Warning (15610): No output dependent on input pin "IN_C[22]"
    Warning (15610): No output dependent on input pin "IN_C[21]"
    Warning (15610): No output dependent on input pin "IN_C[20]"
    Warning (15610): No output dependent on input pin "IN_C[19]"
    Warning (15610): No output dependent on input pin "IN_C[18]"
    Warning (15610): No output dependent on input pin "IN_C[17]"
    Warning (15610): No output dependent on input pin "IN_C[16]"
    Warning (15610): No output dependent on input pin "IN_C[15]"
    Warning (15610): No output dependent on input pin "IN_C[14]"
    Warning (15610): No output dependent on input pin "IN_C[13]"
    Warning (15610): No output dependent on input pin "IN_C[12]"
    Warning (15610): No output dependent on input pin "IN_C[11]"
    Warning (15610): No output dependent on input pin "IN_C[10]"
    Warning (15610): No output dependent on input pin "IN_C[9]"
    Warning (15610): No output dependent on input pin "IN_C[8]"
    Warning (15610): No output dependent on input pin "IN_C[7]"
    Warning (15610): No output dependent on input pin "IN_C[6]"
    Warning (15610): No output dependent on input pin "IN_C[5]"
    Warning (15610): No output dependent on input pin "IN_C[4]"
    Warning (15610): No output dependent on input pin "IN_C[3]"
    Warning (15610): No output dependent on input pin "IN_C[2]"
    Warning (15610): No output dependent on input pin "IN_C[1]"
    Warning (15610): No output dependent on input pin "IN_C[0]"
    Warning (15610): No output dependent on input pin "MIR[35]"
    Warning (15610): No output dependent on input pin "MIR[34]"
    Warning (15610): No output dependent on input pin "MIR[33]"
    Warning (15610): No output dependent on input pin "MIR[32]"
    Warning (15610): No output dependent on input pin "MIR[31]"
    Warning (15610): No output dependent on input pin "MIR[30]"
    Warning (15610): No output dependent on input pin "MIR[29]"
    Warning (15610): No output dependent on input pin "MIR[28]"
    Warning (15610): No output dependent on input pin "MIR[27]"
    Warning (15610): No output dependent on input pin "MIR[26]"
    Warning (15610): No output dependent on input pin "MIR[25]"
    Warning (15610): No output dependent on input pin "MIR[24]"
    Warning (15610): No output dependent on input pin "MIR[23]"
    Warning (15610): No output dependent on input pin "MIR[22]"
    Warning (15610): No output dependent on input pin "MIR[21]"
    Warning (15610): No output dependent on input pin "MIR[20]"
    Warning (15610): No output dependent on input pin "MIR[19]"
    Warning (15610): No output dependent on input pin "MIR[18]"
    Warning (15610): No output dependent on input pin "MIR[17]"
    Warning (15610): No output dependent on input pin "MIR[16]"
    Warning (15610): No output dependent on input pin "MIR[15]"
    Warning (15610): No output dependent on input pin "MIR[14]"
    Warning (15610): No output dependent on input pin "MIR[13]"
    Warning (15610): No output dependent on input pin "MIR[12]"
    Warning (15610): No output dependent on input pin "MIR[11]"
    Warning (15610): No output dependent on input pin "MIR[10]"
    Warning (15610): No output dependent on input pin "MIR[9]"
    Warning (15610): No output dependent on input pin "MIR[8]"
    Warning (15610): No output dependent on input pin "MIR[7]"
    Warning (15610): No output dependent on input pin "MIR[5]"
    Warning (15610): No output dependent on input pin "MIR[4]"
    Warning (15610): No output dependent on input pin "MBR_IN[7]"
    Warning (15610): No output dependent on input pin "MBR_IN[6]"
    Warning (15610): No output dependent on input pin "MBR_IN[5]"
    Warning (15610): No output dependent on input pin "MBR_IN[4]"
    Warning (15610): No output dependent on input pin "MBR_IN[3]"
    Warning (15610): No output dependent on input pin "MBR_IN[2]"
    Warning (15610): No output dependent on input pin "MBR_IN[1]"
    Warning (15610): No output dependent on input pin "MBR_IN[0]"
    Warning (15610): No output dependent on input pin "MDR_IN[31]"
    Warning (15610): No output dependent on input pin "MDR_IN[30]"
    Warning (15610): No output dependent on input pin "MDR_IN[29]"
    Warning (15610): No output dependent on input pin "MDR_IN[28]"
    Warning (15610): No output dependent on input pin "MDR_IN[27]"
    Warning (15610): No output dependent on input pin "MDR_IN[26]"
    Warning (15610): No output dependent on input pin "MDR_IN[25]"
    Warning (15610): No output dependent on input pin "MDR_IN[24]"
    Warning (15610): No output dependent on input pin "MDR_IN[23]"
    Warning (15610): No output dependent on input pin "MDR_IN[22]"
    Warning (15610): No output dependent on input pin "MDR_IN[21]"
    Warning (15610): No output dependent on input pin "MDR_IN[20]"
    Warning (15610): No output dependent on input pin "MDR_IN[19]"
    Warning (15610): No output dependent on input pin "MDR_IN[18]"
    Warning (15610): No output dependent on input pin "MDR_IN[17]"
    Warning (15610): No output dependent on input pin "MDR_IN[16]"
    Warning (15610): No output dependent on input pin "MDR_IN[15]"
    Warning (15610): No output dependent on input pin "MDR_IN[14]"
    Warning (15610): No output dependent on input pin "MDR_IN[13]"
    Warning (15610): No output dependent on input pin "MDR_IN[12]"
    Warning (15610): No output dependent on input pin "MDR_IN[11]"
    Warning (15610): No output dependent on input pin "MDR_IN[10]"
    Warning (15610): No output dependent on input pin "MDR_IN[9]"
    Warning (15610): No output dependent on input pin "MDR_IN[8]"
    Warning (15610): No output dependent on input pin "MDR_IN[7]"
    Warning (15610): No output dependent on input pin "MDR_IN[6]"
    Warning (15610): No output dependent on input pin "MDR_IN[5]"
    Warning (15610): No output dependent on input pin "MDR_IN[4]"
    Warning (15610): No output dependent on input pin "MDR_IN[3]"
    Warning (15610): No output dependent on input pin "MDR_IN[2]"
    Warning (15610): No output dependent on input pin "MDR_IN[1]"
    Warning (15610): No output dependent on input pin "MDR_IN[0]"
Info (21057): Implemented 279 device resources after synthesis - the final resource count might be different
    Info (21058): Implemented 110 input pins
    Info (21059): Implemented 168 output pins
    Info (21061): Implemented 1 logic cells
Info: Quartus II 64-Bit Analysis & Synthesis was successful. 0 errors, 275 warnings
    Info: Peak virtual memory: 4602 megabytes
    Info: Processing ended: Mon Aug 19 10:16:44 2024
    Info: Elapsed time: 00:00:01
    Info: Total CPU time (on all processors): 00:00:01


